2026-09-20 19:40:02 | INFO  | *** REPORTED RUN (run_name='deep_narrow') - writes the canonical metrics_report.csv / outputs / checkpoints ***
2026-09-20 19:40:02 | INFO  | RUN_TAG      = task1_shreya_deep_narrow_20260920_194002
2026-09-20 19:40:02 | INFO  | PROJECT_ROOT = /content/drive/MyDrive/DATA266_Lab1
2026-09-20 19:40:02 | INFO  | CONFIG_PATH  = /content/drive/MyDrive/DATA266_Lab1/task1_llm/shreya/config.yaml
2026-09-20 19:40:02 | INFO  | RAW LOG      = reproducibility/raw_logs/task1_shreya_deep_narrow_20260920_194002.log
2026-09-20 19:40:02 | INFO  | HARDWARE     = {"device": "cuda", "platform": "Linux-6.6.122+-x86_64-with-glibc2.39", "processor": "x86_64", "python": "3.13.15", "torch": "2.11.0+cu128", "numpy": "2.1.3", "gpu_name": "Tesla T4", "gpu_total_mem_gb": 15.64}
2026-09-20 19:40:02 | INFO  | CONFIG       = {"run": {"member": "shreya", "run_name": "deep_narrow", "reported": true, "seed": 1337, "device": "auto"}, "data": {"raw_filename": "tinystories_raw.txt", "story_separator": "\n\n", "use_chars": 34000000, "member_offset_chars": 0, "val_story_fraction": 0.1, "min_char_freq": 50, "force_core_vocab": true, "normalize_unicode": true}, "sequences": {"seq_len": 256, "stride": 256, "train_sequences": 100000, "val_sequences": 10000}, "model": {"d_model": 256, "n_layers": 12, "n_heads": 8, "d_ff": 1024, "dropout": 0.05, "tie_embeddings": false, "attn_bias": false}, "train": {"epochs": 10, "batch_size": 64, "lr": 0.00025, "min_lr": 2.5e-05, "warmup_ratio": 0.05, "weight_decay": 0.1, "betas": [0.9, 0.95], "grad_clip": 1.0, "log_every": 50, "eval_batches": 40, "spike_sigma": 3.0}, "generation": {"prompt": "Once upon a time", "max_new_tokens": 400, "temperatures": [0.5, 0.8, 1.0, 1.2], "top_k": 0, "n_samples_per_setting": 3, "diversity_tokens": 20000, "diversity_fixed_words": 2000}}
2026-09-20 19:40:02 | INFO  | [data] pool on disk: 0.04 GB
2026-09-20 19:40:02 | INFO  | [data] this run uses chars [0 : 33,999,907] = 33,999,907 chars (95.11% of the pool) in 0.2s
2026-09-20 19:40:03 | INFO  | [split] 197,250 stories -> train 177,525 | val 19,725
2026-09-20 19:40:03 | INFO  | [split] chars      -> train 30,567,642 | val 3,432,263
2026-09-20 19:40:05 | INFO  | [vocab] size=78 | floor=50 | force_core=True
2026-09-20 19:40:05 | INFO  | [vocab] -> <unk>: 16 distinct chars, 93 occurrences (0.000304% of training text)
2026-09-20 19:40:05 | INFO  | [vocab] rescued by the core set (below the floor but kept): ['2', '4', '5', '6', '7', '8', '9', 'X']
2026-09-20 19:40:08 | INFO  | [seq] train tokens 25,600,257 (100,000 seqs) | val tokens 2,560,257 (10,000 seqs)
2026-09-20 19:40:08 | INFO  | [seq] <unk> rate   train 0.0003% | val 0.0003%
2026-09-20 19:40:08 | INFO  | [model] params total=9,570,816 trainable=9,570,816 non_embedding=9,485,312
2026-09-20 19:40:16 | INFO  | [train] 10 epochs x 1562 steps = 15,620 steps | warmup 781 | batch 64 x 256 tok = 16,384 tok/step
2026-09-20 19:40:16 | INFO  | [train] decayed tensors 51 | undecayed tensors 74
2026-09-20 19:40:17 | INFO  | ============================================================================================
2026-09-20 19:40:17 | INFO  | TRAINING START  task1_shreya_deep_narrow_20260920_194002
2026-09-20 19:40:17 | INFO  | ============================================================================================
2026-09-20 19:40:46 | INFO  | ep  1/10 | step     50/15620 | loss 3.0347 | ppl   20.79 | lr 1.60e-05 | gnorm  1.83 |   28.5k tok/s | mem    8059MB
2026-09-20 19:41:15 | INFO  | ep  1/10 | step    100/15620 | loss 2.7401 | ppl   15.49 | lr 3.20e-05 | gnorm  1.37 |   28.2k tok/s | mem    8059MB
2026-09-20 19:41:44 | INFO  | ep  1/10 | step    150/15620 | loss 2.5808 | ppl   13.21 | lr 4.80e-05 | gnorm  1.02 |   27.8k tok/s | mem    8059MB
2026-09-20 19:42:15 | INFO  | ep  1/10 | step    200/15620 | loss 2.4149 | ppl   11.19 | lr 6.40e-05 | gnorm  1.54 |   26.0k tok/s | mem    8059MB
2026-09-20 19:42:50 | INFO  | ep  1/10 | step    250/15620 | loss 2.3431 | ppl   10.41 | lr 8.00e-05 | gnorm  1.24 |   23.9k tok/s | mem    8059MB
2026-09-20 19:43:22 | INFO  | ep  1/10 | step    300/15620 | loss 2.2586 | ppl    9.57 | lr 9.60e-05 | gnorm  1.37 |   25.5k tok/s | mem    8059MB
2026-09-20 19:43:55 | INFO  | ep  1/10 | step    350/15620 | loss 2.1984 | ppl    9.01 | lr 1.12e-04 | gnorm  1.82 |   24.9k tok/s | mem    8059MB
2026-09-20 19:44:28 | INFO  | ep  1/10 | step    400/15620 | loss 2.1674 | ppl    8.74 | lr 1.28e-04 | gnorm  2.63 |   24.9k tok/s | mem    8059MB
2026-09-20 19:45:00 | INFO  | ep  1/10 | step    450/15620 | loss 2.1312 | ppl    8.43 | lr 1.44e-04 | gnorm  2.18 |   25.2k tok/s | mem    8059MB
2026-09-20 19:45:33 | INFO  | ep  1/10 | step    500/15620 | loss 2.0665 | ppl    7.90 | lr 1.60e-04 | gnorm  2.06 |   24.9k tok/s | mem    8059MB
2026-09-20 19:46:06 | INFO  | ep  1/10 | step    550/15620 | loss 1.9731 | ppl    7.19 | lr 1.76e-04 | gnorm  2.09 |   24.8k tok/s | mem    8059MB
2026-09-20 19:46:39 | INFO  | ep  1/10 | step    600/15620 | loss 1.8510 | ppl    6.37 | lr 1.92e-04 | gnorm  2.17 |   25.0k tok/s | mem    8059MB
2026-09-20 19:47:11 | INFO  | ep  1/10 | step    650/15620 | loss 1.7734 | ppl    5.89 | lr 2.08e-04 | gnorm  1.95 |   25.1k tok/s | mem    8059MB
2026-09-20 19:47:44 | INFO  | ep  1/10 | step    700/15620 | loss 1.6935 | ppl    5.44 | lr 2.24e-04 | gnorm  2.60 |   25.3k tok/s | mem    8059MB
2026-09-20 19:48:16 | INFO  | ep  1/10 | step    750/15620 | loss 1.5688 | ppl    4.80 | lr 2.40e-04 | gnorm  2.53 |   25.1k tok/s | mem    8059MB
2026-09-20 19:48:49 | INFO  | ep  1/10 | step    800/15620 | loss 1.4656 | ppl    4.33 | lr 2.50e-04 | gnorm  2.89 |   25.0k tok/s | mem    8059MB
2026-09-20 19:49:22 | INFO  | ep  1/10 | step    850/15620 | loss 1.4138 | ppl    4.11 | lr 2.50e-04 | gnorm  1.72 |   24.9k tok/s | mem    8059MB
2026-09-20 19:49:55 | INFO  | ep  1/10 | step    900/15620 | loss 1.3630 | ppl    3.91 | lr 2.50e-04 | gnorm  1.59 |   24.9k tok/s | mem    8059MB
2026-09-20 19:50:28 | INFO  | ep  1/10 | step    950/15620 | loss 1.3335 | ppl    3.79 | lr 2.50e-04 | gnorm  1.52 |   24.9k tok/s | mem    8059MB
2026-09-20 19:51:01 | INFO  | ep  1/10 | step   1000/15620 | loss 1.3160 | ppl    3.73 | lr 2.50e-04 | gnorm  1.55 |   24.8k tok/s | mem    8059MB
2026-09-20 19:51:34 | INFO  | ep  1/10 | step   1050/15620 | loss 1.2081 | ppl    3.35 | lr 2.50e-04 | gnorm  1.57 |   25.0k tok/s | mem    8059MB
2026-09-20 19:52:06 | INFO  | ep  1/10 | step   1100/15620 | loss 1.1892 | ppl    3.28 | lr 2.50e-04 | gnorm  1.45 |   25.1k tok/s | mem    8059MB
2026-09-20 19:52:39 | INFO  | ep  1/10 | step   1150/15620 | loss 1.1792 | ppl    3.25 | lr 2.50e-04 | gnorm  1.42 |   25.1k tok/s | mem    8059MB
2026-09-20 19:53:12 | INFO  | ep  1/10 | step   1200/15620 | loss 1.1613 | ppl    3.19 | lr 2.50e-04 | gnorm  1.28 |   25.1k tok/s | mem    8059MB
2026-09-20 19:53:44 | INFO  | ep  1/10 | step   1250/15620 | loss 1.1353 | ppl    3.11 | lr 2.49e-04 | gnorm  1.24 |   25.2k tok/s | mem    8059MB
2026-09-20 19:54:17 | INFO  | ep  1/10 | step   1300/15620 | loss 1.1258 | ppl    3.08 | lr 2.49e-04 | gnorm  1.24 |   25.2k tok/s | mem    8059MB
2026-09-20 19:54:49 | INFO  | ep  1/10 | step   1350/15620 | loss 1.0731 | ppl    2.92 | lr 2.49e-04 | gnorm  1.16 |   25.2k tok/s | mem    8059MB
2026-09-20 19:55:22 | INFO  | ep  1/10 | step   1400/15620 | loss 1.0599 | ppl    2.89 | lr 2.49e-04 | gnorm  1.06 |   25.2k tok/s | mem    8059MB
2026-09-20 19:55:54 | INFO  | ep  1/10 | step   1450/15620 | loss 1.0798 | ppl    2.94 | lr 2.49e-04 | gnorm  1.18 |   25.2k tok/s | mem    8059MB
2026-09-20 19:56:27 | INFO  | ep  1/10 | step   1500/15620 | loss 1.0266 | ppl    2.79 | lr 2.49e-04 | gnorm  1.12 |   25.1k tok/s | mem    8059MB
2026-09-20 19:57:00 | INFO  | ep  1/10 | step   1550/15620 | loss 1.0198 | ppl    2.77 | lr 2.49e-04 | gnorm  1.02 |   25.2k tok/s | mem    8059MB
2026-09-20 19:57:42 | INFO  | --------------------------------------------------------------------------------------------
2026-09-20 19:57:42 | INFO  | EPOCH  1 | train 1.7170 | val 0.9918 | val ppl 2.70 | bpc 1.4309 | top1 69.12% | gap -0.7252 | 16.8 min | 25.3k tok/s
2026-09-20 19:57:42 | INFO  | --------------------------------------------------------------------------------------------
2026-09-20 19:57:42 | INFO  | [ckpt] new best val 0.9918 -> task1_shreya_deep_narrow_20260920_194002_best.pt
2026-09-20 19:58:07 | INFO  | ep  2/10 | step   1600/15620 | loss 0.9974 | ppl    2.71 | lr 2.48e-04 | gnorm  1.06 |   33.1k tok/s | mem    8059MB
2026-09-20 19:58:40 | INFO  | ep  2/10 | step   1650/15620 | loss 0.9873 | ppl    2.68 | lr 2.48e-04 | gnorm  1.04 |   25.2k tok/s | mem    8059MB
2026-09-20 19:59:12 | INFO  | ep  2/10 | step   1700/15620 | loss 1.0136 | ppl    2.76 | lr 2.48e-04 | gnorm  1.02 |   25.2k tok/s | mem    8059MB
2026-09-20 19:59:45 | INFO  | ep  2/10 | step   1750/15620 | loss 0.9923 | ppl    2.70 | lr 2.48e-04 | gnorm  1.00 |   25.2k tok/s | mem    8059MB
2026-09-20 20:00:17 | INFO  | ep  2/10 | step   1800/15620 | loss 0.9471 | ppl    2.58 | lr 2.47e-04 | gnorm  0.81 |   25.1k tok/s | mem    8059MB
2026-09-20 20:00:50 | INFO  | ep  2/10 | step   1850/15620 | loss 0.9332 | ppl    2.54 | lr 2.47e-04 | gnorm  0.88 |   25.1k tok/s | mem    8059MB
2026-09-20 20:01:23 | INFO  | ep  2/10 | step   1900/15620 | loss 0.9515 | ppl    2.59 | lr 2.47e-04 | gnorm  0.91 |   25.1k tok/s | mem    8059MB
2026-09-20 20:01:55 | INFO  | ep  2/10 | step   1950/15620 | loss 0.9584 | ppl    2.61 | lr 2.47e-04 | gnorm  0.94 |   25.1k tok/s | mem    8059MB
2026-09-20 20:02:28 | INFO  | ep  2/10 | step   2000/15620 | loss 0.9651 | ppl    2.63 | lr 2.46e-04 | gnorm  0.92 |   25.1k tok/s | mem    8059MB
2026-09-20 20:03:00 | INFO  | ep  2/10 | step   2050/15620 | loss 0.8806 | ppl    2.41 | lr 2.46e-04 | gnorm  0.84 |   25.1k tok/s | mem    8059MB
2026-09-20 20:03:33 | INFO  | ep  2/10 | step   2100/15620 | loss 0.9284 | ppl    2.53 | lr 2.46e-04 | gnorm  0.87 |   25.1k tok/s | mem    8059MB
2026-09-20 20:04:06 | INFO  | ep  2/10 | step   2150/15620 | loss 0.9205 | ppl    2.51 | lr 2.45e-04 | gnorm  0.89 |   25.1k tok/s | mem    8059MB
2026-09-20 20:04:38 | INFO  | ep  2/10 | step   2200/15620 | loss 0.9178 | ppl    2.50 | lr 2.45e-04 | gnorm  0.79 |   25.1k tok/s | mem    8059MB
2026-09-20 20:05:11 | INFO  | ep  2/10 | step   2250/15620 | loss 0.8999 | ppl    2.46 | lr 2.45e-04 | gnorm  0.84 |   25.0k tok/s | mem    8059MB
2026-09-20 20:05:44 | INFO  | ep  2/10 | step   2300/15620 | loss 0.8818 | ppl    2.42 | lr 2.44e-04 | gnorm  0.79 |   25.1k tok/s | mem    8059MB
2026-09-20 20:06:17 | INFO  | ep  2/10 | step   2350/15620 | loss 0.9007 | ppl    2.46 | lr 2.44e-04 | gnorm  0.73 |   25.0k tok/s | mem    8059MB
2026-09-20 20:06:49 | INFO  | ep  2/10 | step   2400/15620 | loss 0.8847 | ppl    2.42 | lr 2.43e-04 | gnorm  0.80 |   25.0k tok/s | mem    8059MB
2026-09-20 20:07:22 | INFO  | ep  2/10 | step   2450/15620 | loss 0.8648 | ppl    2.37 | lr 2.43e-04 | gnorm  0.73 |   25.0k tok/s | mem    8059MB
2026-09-20 20:07:55 | INFO  | ep  2/10 | step   2500/15620 | loss 0.8579 | ppl    2.36 | lr 2.43e-04 | gnorm  0.78 |   25.0k tok/s | mem    8059MB
2026-09-20 20:08:27 | INFO  | ep  2/10 | step   2550/15620 | loss 0.8723 | ppl    2.39 | lr 2.42e-04 | gnorm  0.76 |   25.1k tok/s | mem    8059MB
2026-09-20 20:09:00 | INFO  | ep  2/10 | step   2600/15620 | loss 0.8581 | ppl    2.36 | lr 2.42e-04 | gnorm  0.73 |   25.1k tok/s | mem    8059MB
2026-09-20 20:09:33 | INFO  | ep  2/10 | step   2650/15620 | loss 0.8783 | ppl    2.41 | lr 2.41e-04 | gnorm  0.76 |   25.1k tok/s | mem    8059MB
2026-09-20 20:10:05 | INFO  | ep  2/10 | step   2700/15620 | loss 0.8179 | ppl    2.27 | lr 2.41e-04 | gnorm  0.71 |   25.1k tok/s | mem    8059MB
2026-09-20 20:10:38 | INFO  | ep  2/10 | step   2750/15620 | loss 0.8909 | ppl    2.44 | lr 2.40e-04 | gnorm  0.71 |   25.1k tok/s | mem    8059MB
2026-09-20 20:11:10 | INFO  | ep  2/10 | step   2800/15620 | loss 0.8047 | ppl    2.24 | lr 2.40e-04 | gnorm  0.71 |   25.2k tok/s | mem    8059MB
2026-09-20 20:11:12 | INFO  | [spike] step 2802: loss 0.9010 > mean 0.8411 + 3.0*0.0185
2026-09-20 20:11:25 | INFO  | [spike] step 2822: loss 0.8977 > mean 0.8392 + 3.0*0.0185
2026-09-20 20:11:43 | INFO  | ep  2/10 | step   2850/15620 | loss 0.8423 | ppl    2.32 | lr 2.39e-04 | gnorm  0.74 |   25.2k tok/s | mem    8059MB
2026-09-20 20:12:16 | INFO  | ep  2/10 | step   2900/15620 | loss 0.8384 | ppl    2.31 | lr 2.39e-04 | gnorm  0.70 |   25.1k tok/s | mem    8059MB
2026-09-20 20:12:48 | INFO  | ep  2/10 | step   2950/15620 | loss 0.7939 | ppl    2.21 | lr 2.38e-04 | gnorm  0.67 |   25.2k tok/s | mem    8059MB
2026-09-20 20:13:21 | INFO  | ep  2/10 | step   3000/15620 | loss 0.8287 | ppl    2.29 | lr 2.38e-04 | gnorm  0.67 |   25.1k tok/s | mem    8059MB
2026-09-20 20:13:53 | INFO  | ep  2/10 | step   3050/15620 | loss 0.8182 | ppl    2.27 | lr 2.37e-04 | gnorm  0.68 |   25.1k tok/s | mem    8059MB
2026-09-20 20:14:26 | INFO  | ep  2/10 | step   3100/15620 | loss 0.7911 | ppl    2.21 | lr 2.37e-04 | gnorm  0.64 |   25.1k tok/s | mem    8059MB
2026-09-20 20:15:16 | INFO  | --------------------------------------------------------------------------------------------
2026-09-20 20:15:16 | INFO  | EPOCH  2 | train 0.8947 | val 0.7990 | val ppl 2.22 | bpc 1.1528 | top1 74.93% | gap -0.0957 | 17.0 min | 25.1k tok/s
2026-09-20 20:15:16 | INFO  | --------------------------------------------------------------------------------------------
2026-09-20 20:15:17 | INFO  | [ckpt] new best val 0.7990 -> task1_shreya_deep_narrow_20260920_194002_best.pt
2026-09-20 20:15:33 | INFO  | ep  3/10 | step   3150/15620 | loss 0.7889 | ppl    2.20 | lr 2.36e-04 | gnorm  0.64 |   48.3k tok/s | mem    8059MB
2026-09-20 20:16:06 | INFO  | ep  3/10 | step   3200/15620 | loss 0.8380 | ppl    2.31 | lr 2.36e-04 | gnorm  0.67 |   25.0k tok/s | mem    8059MB
2026-09-20 20:16:39 | INFO  | ep  3/10 | step   3250/15620 | loss 0.7716 | ppl    2.16 | lr 2.35e-04 | gnorm  0.62 |   25.1k tok/s | mem    8059MB
2026-09-20 20:17:12 | INFO  | ep  3/10 | step   3300/15620 | loss 0.7985 | ppl    2.22 | lr 2.34e-04 | gnorm  0.64 |   25.0k tok/s | mem    8059MB
2026-09-20 20:17:44 | INFO  | ep  3/10 | step   3350/15620 | loss 0.7566 | ppl    2.13 | lr 2.34e-04 | gnorm  0.64 |   25.0k tok/s | mem    8059MB
2026-09-20 20:18:17 | INFO  | ep  3/10 | step   3400/15620 | loss 0.7779 | ppl    2.18 | lr 2.33e-04 | gnorm  0.60 |   24.9k tok/s | mem    8059MB
2026-09-20 20:18:50 | INFO  | ep  3/10 | step   3450/15620 | loss 0.7964 | ppl    2.22 | lr 2.33e-04 | gnorm  0.62 |   24.9k tok/s | mem    8059MB
2026-09-20 20:19:23 | INFO  | ep  3/10 | step   3500/15620 | loss 0.7551 | ppl    2.13 | lr 2.32e-04 | gnorm  0.61 |   24.9k tok/s | mem    8059MB
2026-09-20 20:19:56 | INFO  | ep  3/10 | step   3550/15620 | loss 0.8129 | ppl    2.25 | lr 2.31e-04 | gnorm  0.66 |   25.0k tok/s | mem    8059MB
2026-09-20 20:20:28 | INFO  | ep  3/10 | step   3600/15620 | loss 0.7890 | ppl    2.20 | lr 2.31e-04 | gnorm  0.62 |   25.1k tok/s | mem    8059MB
2026-09-20 20:21:01 | INFO  | ep  3/10 | step   3650/15620 | loss 0.7795 | ppl    2.18 | lr 2.30e-04 | gnorm  0.62 |   25.1k tok/s | mem    8059MB
2026-09-20 20:21:34 | INFO  | ep  3/10 | step   3700/15620 | loss 0.7549 | ppl    2.13 | lr 2.29e-04 | gnorm  0.60 |   25.2k tok/s | mem    8059MB
2026-09-20 20:22:06 | INFO  | ep  3/10 | step   3750/15620 | loss 0.7822 | ppl    2.19 | lr 2.29e-04 | gnorm  0.63 |   25.2k tok/s | mem    8059MB
2026-09-20 20:22:39 | INFO  | ep  3/10 | step   3800/15620 | loss 0.7876 | ppl    2.20 | lr 2.28e-04 | gnorm  0.59 |   25.2k tok/s | mem    8059MB
2026-09-20 20:23:11 | INFO  | ep  3/10 | step   3850/15620 | loss 0.7580 | ppl    2.13 | lr 2.27e-04 | gnorm  0.60 |   25.1k tok/s | mem    8059MB
2026-09-20 20:23:44 | INFO  | ep  3/10 | step   3900/15620 | loss 0.7754 | ppl    2.17 | lr 2.26e-04 | gnorm  0.58 |   25.0k tok/s | mem    8059MB
2026-09-20 20:24:01 | INFO  | [spike] step 3925: loss 0.8284 > mean 0.7736 + 3.0*0.0164
2026-09-20 20:24:17 | INFO  | ep  3/10 | step   3950/15620 | loss 0.7872 | ppl    2.20 | lr 2.26e-04 | gnorm  0.59 |   24.9k tok/s | mem    8059MB
2026-09-20 20:24:50 | INFO  | ep  3/10 | step   4000/15620 | loss 0.7710 | ppl    2.16 | lr 2.25e-04 | gnorm  0.58 |   24.9k tok/s | mem    8059MB
2026-09-20 20:25:23 | INFO  | ep  3/10 | step   4050/15620 | loss 0.7468 | ppl    2.11 | lr 2.24e-04 | gnorm  0.52 |   24.8k tok/s | mem    8059MB
2026-09-20 20:25:56 | INFO  | ep  3/10 | step   4100/15620 | loss 0.7580 | ppl    2.13 | lr 2.23e-04 | gnorm  0.58 |   24.8k tok/s | mem    8059MB
2026-09-20 20:26:29 | INFO  | ep  3/10 | step   4150/15620 | loss 0.7806 | ppl    2.18 | lr 2.23e-04 | gnorm  0.60 |   24.9k tok/s | mem    8059MB
2026-09-20 20:27:02 | INFO  | ep  3/10 | step   4200/15620 | loss 0.7856 | ppl    2.19 | lr 2.22e-04 | gnorm  0.57 |   24.9k tok/s | mem    8059MB
2026-09-20 20:27:35 | INFO  | ep  3/10 | step   4250/15620 | loss 0.7525 | ppl    2.12 | lr 2.21e-04 | gnorm  0.58 |   24.9k tok/s | mem    8059MB
2026-09-20 20:28:08 | INFO  | ep  3/10 | step   4300/15620 | loss 0.7349 | ppl    2.09 | lr 2.20e-04 | gnorm  0.55 |   24.9k tok/s | mem    8059MB
2026-09-20 20:28:40 | INFO  | ep  3/10 | step   4350/15620 | loss 0.7409 | ppl    2.10 | lr 2.19e-04 | gnorm  0.54 |   25.0k tok/s | mem    8059MB
2026-09-20 20:29:13 | INFO  | ep  3/10 | step   4400/15620 | loss 0.7291 | ppl    2.07 | lr 2.19e-04 | gnorm  0.57 |   25.0k tok/s | mem    8059MB
2026-09-20 20:29:46 | INFO  | ep  3/10 | step   4450/15620 | loss 0.7429 | ppl    2.10 | lr 2.18e-04 | gnorm  0.54 |   25.1k tok/s | mem    8059MB
2026-09-20 20:30:19 | INFO  | ep  3/10 | step   4500/15620 | loss 0.7507 | ppl    2.12 | lr 2.17e-04 | gnorm  0.56 |   25.1k tok/s | mem    8059MB
2026-09-20 20:30:51 | INFO  | ep  3/10 | step   4550/15620 | loss 0.7321 | ppl    2.08 | lr 2.16e-04 | gnorm  0.56 |   25.0k tok/s | mem    8059MB
2026-09-20 20:31:24 | INFO  | ep  3/10 | step   4600/15620 | loss 0.7532 | ppl    2.12 | lr 2.15e-04 | gnorm  0.55 |   25.0k tok/s | mem    8059MB
2026-09-20 20:31:57 | INFO  | ep  3/10 | step   4650/15620 | loss 0.7386 | ppl    2.09 | lr 2.14e-04 | gnorm  0.53 |   25.1k tok/s | mem    8059MB
2026-09-20 20:32:55 | INFO  | --------------------------------------------------------------------------------------------
2026-09-20 20:32:55 | INFO  | EPOCH  3 | train 0.7718 | val 0.7387 | val ppl 2.09 | bpc 1.0657 | top1 76.75% | gap -0.0331 | 17.1 min | 25.0k tok/s
2026-09-20 20:32:55 | INFO  | --------------------------------------------------------------------------------------------
2026-09-20 20:32:55 | INFO  | [ckpt] new best val 0.7387 -> task1_shreya_deep_narrow_20260920_194002_best.pt
2026-09-20 20:33:04 | INFO  | ep  4/10 | step   4700/15620 | loss 0.7230 | ppl    2.06 | lr 2.13e-04 | gnorm  0.56 |   89.7k tok/s | mem    8059MB
2026-09-20 20:33:37 | INFO  | ep  4/10 | step   4750/15620 | loss 0.7333 | ppl    2.08 | lr 2.13e-04 | gnorm  0.54 |   25.2k tok/s | mem    8059MB
2026-09-20 20:34:10 | INFO  | ep  4/10 | step   4800/15620 | loss 0.7330 | ppl    2.08 | lr 2.12e-04 | gnorm  0.55 |   24.8k tok/s | mem    8059MB
2026-09-20 20:34:43 | INFO  | ep  4/10 | step   4850/15620 | loss 0.7250 | ppl    2.06 | lr 2.11e-04 | gnorm  0.53 |   25.2k tok/s | mem    8059MB
2026-09-20 20:35:11 | INFO  | [spike] step 4893: loss 0.7775 > mean 0.7288 + 3.0*0.0152
2026-09-20 20:35:15 | INFO  | ep  4/10 | step   4900/15620 | loss 0.7125 | ppl    2.04 | lr 2.10e-04 | gnorm  0.54 |   25.1k tok/s | mem    8059MB
2026-09-20 20:35:48 | INFO  | ep  4/10 | step   4950/15620 | loss 0.7389 | ppl    2.09 | lr 2.09e-04 | gnorm  0.55 |   24.8k tok/s | mem    8059MB
2026-09-20 20:36:21 | INFO  | ep  4/10 | step   5000/15620 | loss 0.7078 | ppl    2.03 | lr 2.08e-04 | gnorm  0.53 |   24.9k tok/s | mem    8059MB
2026-09-20 20:36:54 | INFO  | ep  4/10 | step   5050/15620 | loss 0.6960 | ppl    2.01 | lr 2.07e-04 | gnorm  0.53 |   24.9k tok/s | mem    8059MB
2026-09-20 20:37:27 | INFO  | ep  4/10 | step   5100/15620 | loss 0.7142 | ppl    2.04 | lr 2.06e-04 | gnorm  0.51 |   24.8k tok/s | mem    8059MB
2026-09-20 20:38:00 | INFO  | ep  4/10 | step   5150/15620 | loss 0.7247 | ppl    2.06 | lr 2.05e-04 | gnorm  0.56 |   24.8k tok/s | mem    8059MB
2026-09-20 20:38:33 | INFO  | ep  4/10 | step   5200/15620 | loss 0.7147 | ppl    2.04 | lr 2.04e-04 | gnorm  0.52 |   25.1k tok/s | mem    8059MB
2026-09-20 20:39:05 | INFO  | ep  4/10 | step   5250/15620 | loss 0.7233 | ppl    2.06 | lr 2.03e-04 | gnorm  0.53 |   25.1k tok/s | mem    8059MB
2026-09-20 20:39:38 | INFO  | ep  4/10 | step   5300/15620 | loss 0.7112 | ppl    2.04 | lr 2.02e-04 | gnorm  0.51 |   25.1k tok/s | mem    8059MB
2026-09-20 20:40:11 | INFO  | ep  4/10 | step   5350/15620 | loss 0.7199 | ppl    2.05 | lr 2.01e-04 | gnorm  0.50 |   25.1k tok/s | mem    8059MB
2026-09-20 20:40:43 | INFO  | ep  4/10 | step   5400/15620 | loss 0.7026 | ppl    2.02 | lr 2.00e-04 | gnorm  0.53 |   25.0k tok/s | mem    8059MB
2026-09-20 20:40:50 | INFO  | [spike] step 5410: loss 0.7713 > mean 0.7208 + 3.0*0.0140
2026-09-20 20:41:16 | INFO  | ep  4/10 | step   5450/15620 | loss 0.7217 | ppl    2.06 | lr 1.99e-04 | gnorm  0.52 |   25.1k tok/s | mem    8059MB
2026-09-20 20:41:49 | INFO  | ep  4/10 | step   5500/15620 | loss 0.7259 | ppl    2.07 | lr 1.98e-04 | gnorm  0.52 |   25.1k tok/s | mem    8059MB
2026-09-20 20:42:21 | INFO  | ep  4/10 | step   5550/15620 | loss 0.7112 | ppl    2.04 | lr 1.97e-04 | gnorm  0.51 |   25.1k tok/s | mem    8059MB
2026-09-20 20:42:54 | INFO  | ep  4/10 | step   5600/15620 | loss 0.7056 | ppl    2.02 | lr 1.96e-04 | gnorm  0.53 |   25.2k tok/s | mem    8059MB
2026-09-20 20:43:26 | INFO  | ep  4/10 | step   5650/15620 | loss 0.7254 | ppl    2.07 | lr 1.95e-04 | gnorm  0.53 |   25.1k tok/s | mem    8059MB
2026-09-20 20:43:59 | INFO  | ep  4/10 | step   5700/15620 | loss 0.6987 | ppl    2.01 | lr 1.94e-04 | gnorm  0.50 |   25.1k tok/s | mem    8059MB
2026-09-20 20:44:32 | INFO  | ep  4/10 | step   5750/15620 | loss 0.7182 | ppl    2.05 | lr 1.93e-04 | gnorm  0.51 |   25.1k tok/s | mem    8059MB
2026-09-20 20:45:04 | INFO  | ep  4/10 | step   5800/15620 | loss 0.7156 | ppl    2.05 | lr 1.92e-04 | gnorm  0.50 |   25.1k tok/s | mem    8059MB
2026-09-20 20:45:37 | INFO  | ep  4/10 | step   5850/15620 | loss 0.7053 | ppl    2.02 | lr 1.91e-04 | gnorm  0.50 |   25.1k tok/s | mem    8059MB
2026-09-20 20:46:10 | INFO  | ep  4/10 | step   5900/15620 | loss 0.7059 | ppl    2.03 | lr 1.90e-04 | gnorm  0.50 |   25.0k tok/s | mem    8059MB
2026-09-20 20:46:39 | INFO  | [spike] step 5943: loss 0.7626 > mean 0.7121 + 3.0*0.0166
2026-09-20 20:46:43 | INFO  | ep  4/10 | step   5950/15620 | loss 0.7022 | ppl    2.02 | lr 1.89e-04 | gnorm  0.50 |   25.0k tok/s | mem    8059MB
2026-09-20 20:47:15 | INFO  | ep  4/10 | step   6000/15620 | loss 0.7022 | ppl    2.02 | lr 1.88e-04 | gnorm  0.50 |   25.0k tok/s | mem    8059MB
2026-09-20 20:47:48 | INFO  | ep  4/10 | step   6050/15620 | loss 0.6940 | ppl    2.00 | lr 1.87e-04 | gnorm  0.52 |   25.0k tok/s | mem    8059MB
2026-09-20 20:48:21 | INFO  | ep  4/10 | step   6100/15620 | loss 0.6862 | ppl    1.99 | lr 1.86e-04 | gnorm  0.48 |   25.1k tok/s | mem    8059MB
2026-09-20 20:48:54 | INFO  | ep  4/10 | step   6150/15620 | loss 0.6943 | ppl    2.00 | lr 1.85e-04 | gnorm  0.50 |   25.0k tok/s | mem    8059MB
2026-09-20 20:49:26 | INFO  | ep  4/10 | step   6200/15620 | loss 0.6792 | ppl    1.97 | lr 1.84e-04 | gnorm  0.48 |   25.0k tok/s | mem    8059MB
2026-09-20 20:50:32 | INFO  | --------------------------------------------------------------------------------------------
2026-09-20 20:50:32 | INFO  | EPOCH  4 | train 0.7187 | val 0.7028 | val ppl 2.02 | bpc 1.0140 | top1 77.76% | gap -0.0159 | 17.0 min | 25.0k tok/s
2026-09-20 20:50:32 | INFO  | --------------------------------------------------------------------------------------------
2026-09-20 20:50:33 | INFO  | [ckpt] new best val 0.7028 -> task1_shreya_deep_narrow_20260920_194002_best.pt
2026-09-20 20:50:34 | INFO  | ep  5/10 | step   6250/15620 | loss 0.7155 | ppl    2.05 | lr 1.83e-04 | gnorm  0.50 |  630.6k tok/s | mem    8059MB
2026-09-20 20:51:07 | INFO  | ep  5/10 | step   6300/15620 | loss 0.7083 | ppl    2.03 | lr 1.82e-04 | gnorm  0.49 |   25.0k tok/s | mem    8059MB
2026-09-20 20:51:39 | INFO  | ep  5/10 | step   6350/15620 | loss 0.6819 | ppl    1.98 | lr 1.80e-04 | gnorm  0.48 |   25.0k tok/s | mem    8059MB
2026-09-20 20:52:12 | INFO  | ep  5/10 | step   6400/15620 | loss 0.6776 | ppl    1.97 | lr 1.79e-04 | gnorm  0.52 |   25.0k tok/s | mem    8059MB
2026-09-20 20:52:45 | INFO  | ep  5/10 | step   6450/15620 | loss 0.7009 | ppl    2.02 | lr 1.78e-04 | gnorm  0.53 |   25.0k tok/s | mem    8059MB
2026-09-20 20:53:18 | INFO  | ep  5/10 | step   6500/15620 | loss 0.7055 | ppl    2.02 | lr 1.77e-04 | gnorm  0.50 |   25.0k tok/s | mem    8059MB
2026-09-20 20:53:50 | INFO  | ep  5/10 | step   6550/15620 | loss 0.6981 | ppl    2.01 | lr 1.76e-04 | gnorm  0.49 |   25.0k tok/s | mem    8059MB
2026-09-20 20:54:23 | INFO  | ep  5/10 | step   6600/15620 | loss 0.6721 | ppl    1.96 | lr 1.75e-04 | gnorm  0.49 |   25.0k tok/s | mem    8059MB
2026-09-20 20:54:56 | INFO  | ep  5/10 | step   6650/15620 | loss 0.6807 | ppl    1.98 | lr 1.74e-04 | gnorm  0.49 |   25.0k tok/s | mem    8059MB
2026-09-20 20:55:29 | INFO  | ep  5/10 | step   6700/15620 | loss 0.7146 | ppl    2.04 | lr 1.73e-04 | gnorm  0.52 |   25.0k tok/s | mem    8059MB
2026-09-20 20:56:02 | INFO  | ep  5/10 | step   6750/15620 | loss 0.7097 | ppl    2.03 | lr 1.72e-04 | gnorm  0.48 |   24.9k tok/s | mem    8059MB
2026-09-20 20:56:35 | INFO  | ep  5/10 | step   6800/15620 | loss 0.6579 | ppl    1.93 | lr 1.70e-04 | gnorm  0.48 |   24.9k tok/s | mem    8059MB
2026-09-20 20:57:08 | INFO  | ep  5/10 | step   6850/15620 | loss 0.6941 | ppl    2.00 | lr 1.69e-04 | gnorm  0.48 |   25.0k tok/s | mem    8059MB
2026-09-20 20:57:40 | INFO  | ep  5/10 | step   6900/15620 | loss 0.6890 | ppl    1.99 | lr 1.68e-04 | gnorm  0.50 |   25.1k tok/s | mem    8059MB
2026-09-20 20:58:01 | INFO  | [spike] step 6931: loss 0.7338 > mean 0.6866 + 3.0*0.0136
2026-09-20 20:58:13 | INFO  | ep  5/10 | step   6950/15620 | loss 0.6929 | ppl    2.00 | lr 1.67e-04 | gnorm  0.51 |   25.2k tok/s | mem    8059MB
2026-09-20 20:58:45 | INFO  | ep  5/10 | step   7000/15620 | loss 0.6963 | ppl    2.01 | lr 1.66e-04 | gnorm  0.50 |   25.1k tok/s | mem    8059MB
2026-09-20 20:59:18 | INFO  | ep  5/10 | step   7050/15620 | loss 0.6838 | ppl    1.98 | lr 1.65e-04 | gnorm  0.50 |   24.9k tok/s | mem    8059MB
2026-09-20 20:59:51 | INFO  | ep  5/10 | step   7100/15620 | loss 0.6874 | ppl    1.99 | lr 1.63e-04 | gnorm  0.51 |   24.8k tok/s | mem    8059MB
2026-09-20 21:00:24 | INFO  | ep  5/10 | step   7150/15620 | loss 0.6693 | ppl    1.95 | lr 1.62e-04 | gnorm  0.47 |   24.9k tok/s | mem    8059MB
2026-09-20 21:00:57 | INFO  | ep  5/10 | step   7200/15620 | loss 0.6782 | ppl    1.97 | lr 1.61e-04 | gnorm  0.48 |   24.9k tok/s | mem    8059MB
2026-09-20 21:01:30 | INFO  | ep  5/10 | step   7250/15620 | loss 0.6786 | ppl    1.97 | lr 1.60e-04 | gnorm  0.50 |   24.8k tok/s | mem    8059MB
2026-09-20 21:02:03 | INFO  | ep  5/10 | step   7300/15620 | loss 0.6941 | ppl    2.00 | lr 1.59e-04 | gnorm  0.51 |   24.8k tok/s | mem    8059MB
2026-09-20 21:02:12 | INFO  | [spike] step 7312: loss 0.7343 > mean 0.6803 + 3.0*0.0143
2026-09-20 21:02:36 | INFO  | ep  5/10 | step   7350/15620 | loss 0.6877 | ppl    1.99 | lr 1.58e-04 | gnorm  0.50 |   24.9k tok/s | mem    8059MB
2026-09-20 21:03:09 | INFO  | ep  5/10 | step   7400/15620 | loss 0.6545 | ppl    1.92 | lr 1.56e-04 | gnorm  0.47 |   25.1k tok/s | mem    8059MB
2026-09-20 21:03:41 | INFO  | ep  5/10 | step   7450/15620 | loss 0.6691 | ppl    1.95 | lr 1.55e-04 | gnorm  0.50 |   25.1k tok/s | mem    8059MB
2026-09-20 21:04:14 | INFO  | ep  5/10 | step   7500/15620 | loss 0.6611 | ppl    1.94 | lr 1.54e-04 | gnorm  0.47 |   25.2k tok/s | mem    8059MB
2026-09-20 21:04:19 | INFO  | [spike] step 7506: loss 0.7327 > mean 0.6782 + 3.0*0.0152
2026-09-20 21:04:47 | INFO  | ep  5/10 | step   7550/15620 | loss 0.6561 | ppl    1.93 | lr 1.53e-04 | gnorm  0.49 |   25.2k tok/s | mem    8059MB
2026-09-20 21:05:19 | INFO  | ep  5/10 | step   7600/15620 | loss 0.6676 | ppl    1.95 | lr 1.52e-04 | gnorm  0.52 |   25.3k tok/s | mem    8059MB
2026-09-20 21:05:51 | INFO  | ep  5/10 | step   7650/15620 | loss 0.6781 | ppl    1.97 | lr 1.51e-04 | gnorm  0.50 |   25.2k tok/s | mem    8059MB
2026-09-20 21:06:24 | INFO  | ep  5/10 | step   7700/15620 | loss 0.6721 | ppl    1.96 | lr 1.49e-04 | gnorm  0.53 |   25.1k tok/s | mem    8059MB
2026-09-20 21:06:57 | INFO  | ep  5/10 | step   7750/15620 | loss 0.6681 | ppl    1.95 | lr 1.48e-04 | gnorm  0.48 |   25.1k tok/s | mem    8059MB
2026-09-20 21:07:29 | INFO  | ep  5/10 | step   7800/15620 | loss 0.6793 | ppl    1.97 | lr 1.47e-04 | gnorm  0.50 |   25.2k tok/s | mem    8059MB
2026-09-20 21:08:11 | INFO  | --------------------------------------------------------------------------------------------
2026-09-20 21:08:11 | INFO  | EPOCH  5 | train 0.6847 | val 0.6805 | val ppl 1.97 | bpc 0.9818 | top1 78.43% | gap -0.0042 | 17.1 min | 25.0k tok/s
2026-09-20 21:08:11 | INFO  | --------------------------------------------------------------------------------------------
2026-09-20 21:08:11 | INFO  | [ckpt] new best val 0.6805 -> task1_shreya_deep_narrow_20260920_194002_best.pt
2026-09-20 21:08:37 | INFO  | ep  6/10 | step   7850/15620 | loss 0.6789 | ppl    1.97 | lr 1.46e-04 | gnorm  0.51 |   31.3k tok/s | mem    8059MB
2026-09-20 21:09:10 | INFO  | ep  6/10 | step   7900/15620 | loss 0.7044 | ppl    2.02 | lr 1.45e-04 | gnorm  0.51 |   25.0k tok/s | mem    8059MB
2026-09-20 21:09:42 | INFO  | [spike] step 7948: loss 0.7131 > mean 0.6630 + 3.0*0.0152
2026-09-20 21:09:43 | INFO  | ep  6/10 | step   7950/15620 | loss 0.6619 | ppl    1.94 | lr 1.43e-04 | gnorm  0.49 |   25.0k tok/s | mem    8059MB
2026-09-20 21:10:15 | INFO  | ep  6/10 | step   8000/15620 | loss 0.6540 | ppl    1.92 | lr 1.42e-04 | gnorm  0.50 |   25.0k tok/s | mem    8059MB
2026-09-20 21:10:48 | INFO  | ep  6/10 | step   8050/15620 | loss 0.6405 | ppl    1.90 | lr 1.41e-04 | gnorm  0.50 |   25.0k tok/s | mem    8059MB
2026-09-20 21:11:21 | INFO  | ep  6/10 | step   8100/15620 | loss 0.6817 | ppl    1.98 | lr 1.40e-04 | gnorm  0.48 |   25.0k tok/s | mem    8059MB
2026-09-20 21:11:54 | INFO  | ep  6/10 | step   8150/15620 | loss 0.6340 | ppl    1.89 | lr 1.39e-04 | gnorm  0.49 |   24.9k tok/s | mem    8059MB
2026-09-20 21:12:27 | INFO  | ep  6/10 | step   8200/15620 | loss 0.6530 | ppl    1.92 | lr 1.38e-04 | gnorm  0.49 |   24.9k tok/s | mem    8059MB
2026-09-20 21:13:00 | INFO  | ep  6/10 | step   8250/15620 | loss 0.6514 | ppl    1.92 | lr 1.36e-04 | gnorm  0.49 |   24.9k tok/s | mem    8059MB
2026-09-20 21:13:33 | INFO  | ep  6/10 | step   8300/15620 | loss 0.6370 | ppl    1.89 | lr 1.35e-04 | gnorm  0.49 |   24.9k tok/s | mem    8059MB
2026-09-20 21:14:05 | INFO  | ep  6/10 | step   8350/15620 | loss 0.6230 | ppl    1.86 | lr 1.34e-04 | gnorm  0.48 |   24.9k tok/s | mem    8059MB
2026-09-20 21:14:38 | INFO  | ep  6/10 | step   8400/15620 | loss 0.6821 | ppl    1.98 | lr 1.33e-04 | gnorm  0.52 |   24.9k tok/s | mem    8059MB
2026-09-20 21:15:11 | INFO  | ep  6/10 | step   8450/15620 | loss 0.6582 | ppl    1.93 | lr 1.32e-04 | gnorm  0.50 |   24.9k tok/s | mem    8059MB
2026-09-20 21:15:44 | INFO  | ep  6/10 | step   8500/15620 | loss 0.6679 | ppl    1.95 | lr 1.30e-04 | gnorm  0.49 |   24.9k tok/s | mem    8059MB
2026-09-20 21:16:17 | INFO  | ep  6/10 | step   8550/15620 | loss 0.6832 | ppl    1.98 | lr 1.29e-04 | gnorm  0.50 |   24.9k tok/s | mem    8059MB
2026-09-20 21:16:50 | INFO  | ep  6/10 | step   8600/15620 | loss 0.6689 | ppl    1.95 | lr 1.28e-04 | gnorm  0.51 |   24.9k tok/s | mem    8059MB
2026-09-20 21:17:23 | INFO  | ep  6/10 | step   8650/15620 | loss 0.6594 | ppl    1.93 | lr 1.27e-04 | gnorm  0.48 |   25.1k tok/s | mem    8059MB
2026-09-20 21:17:55 | INFO  | ep  6/10 | step   8700/15620 | loss 0.6602 | ppl    1.94 | lr 1.26e-04 | gnorm  0.51 |   24.9k tok/s | mem    8059MB
2026-09-20 21:18:28 | INFO  | ep  6/10 | step   8750/15620 | loss 0.6653 | ppl    1.94 | lr 1.24e-04 | gnorm  0.53 |   24.9k tok/s | mem    8059MB
2026-09-20 21:18:36 | INFO  | [spike] step 8760: loss 0.7166 > mean 0.6599 + 3.0*0.0156
2026-09-20 21:19:01 | INFO  | ep  6/10 | step   8800/15620 | loss 0.6553 | ppl    1.93 | lr 1.23e-04 | gnorm  0.50 |   25.1k tok/s | mem    8059MB
2026-09-20 21:19:34 | INFO  | ep  6/10 | step   8850/15620 | loss 0.6715 | ppl    1.96 | lr 1.22e-04 | gnorm  0.51 |   24.8k tok/s | mem    8059MB
2026-09-20 21:20:07 | INFO  | ep  6/10 | step   8900/15620 | loss 0.6739 | ppl    1.96 | lr 1.21e-04 | gnorm  0.52 |   25.0k tok/s | mem    8059MB
2026-09-20 21:20:39 | INFO  | ep  6/10 | step   8950/15620 | loss 0.6374 | ppl    1.89 | lr 1.20e-04 | gnorm  0.47 |   25.1k tok/s | mem    8059MB
2026-09-20 21:21:12 | INFO  | ep  6/10 | step   9000/15620 | loss 0.6588 | ppl    1.93 | lr 1.19e-04 | gnorm  0.50 |   25.2k tok/s | mem    8059MB
2026-09-20 21:21:15 | INFO  | [spike] step 9004: loss 0.7049 > mean 0.6563 + 3.0*0.0151
2026-09-20 21:21:45 | INFO  | ep  6/10 | step   9050/15620 | loss 0.6483 | ppl    1.91 | lr 1.17e-04 | gnorm  0.49 |   25.1k tok/s | mem    8059MB
2026-09-20 21:22:17 | INFO  | ep  6/10 | step   9100/15620 | loss 0.6209 | ppl    1.86 | lr 1.16e-04 | gnorm  0.48 |   25.0k tok/s | mem    8059MB
2026-09-20 21:22:50 | INFO  | ep  6/10 | step   9150/15620 | loss 0.6657 | ppl    1.95 | lr 1.15e-04 | gnorm  0.51 |   24.9k tok/s | mem    8059MB
2026-09-20 21:23:23 | INFO  | ep  6/10 | step   9200/15620 | loss 0.6712 | ppl    1.96 | lr 1.14e-04 | gnorm  0.51 |   24.9k tok/s | mem    8059MB
2026-09-20 21:23:56 | INFO  | ep  6/10 | step   9250/15620 | loss 0.6736 | ppl    1.96 | lr 1.13e-04 | gnorm  0.51 |   24.9k tok/s | mem    8059MB
2026-09-20 21:24:29 | INFO  | ep  6/10 | step   9300/15620 | loss 0.6592 | ppl    1.93 | lr 1.12e-04 | gnorm  0.51 |   24.8k tok/s | mem    8059MB
2026-09-20 21:25:02 | INFO  | ep  6/10 | step   9350/15620 | loss 0.6533 | ppl    1.92 | lr 1.10e-04 | gnorm  0.50 |   24.8k tok/s | mem    8059MB
2026-09-20 21:25:07 | INFO  | [spike] step 9356: loss 0.7060 > mean 0.6539 + 3.0*0.0146
2026-09-20 21:25:52 | INFO  | --------------------------------------------------------------------------------------------
2026-09-20 21:25:52 | INFO  | EPOCH  6 | train 0.6596 | val 0.6624 | val ppl 1.94 | bpc 0.9556 | top1 78.97% | gap +0.0027 | 17.1 min | 24.9k tok/s
2026-09-20 21:25:52 | INFO  | --------------------------------------------------------------------------------------------
2026-09-20 21:25:52 | INFO  | [ckpt] new best val 0.6624 -> task1_shreya_deep_narrow_20260920_194002_best.pt
2026-09-20 21:26:10 | INFO  | ep  7/10 | step   9400/15620 | loss 0.6476 | ppl    1.91 | lr 1.09e-04 | gnorm  0.51 |   44.4k tok/s | mem    8059MB
2026-09-20 21:26:43 | INFO  | ep  7/10 | step   9450/15620 | loss 0.6252 | ppl    1.87 | lr 1.08e-04 | gnorm  0.49 |   24.9k tok/s | mem    8059MB
2026-09-20 21:27:16 | INFO  | ep  7/10 | step   9500/15620 | loss 0.6475 | ppl    1.91 | lr 1.07e-04 | gnorm  0.52 |   24.9k tok/s | mem    8059MB
2026-09-20 21:27:49 | INFO  | ep  7/10 | step   9550/15620 | loss 0.6323 | ppl    1.88 | lr 1.06e-04 | gnorm  0.48 |   25.0k tok/s | mem    8059MB
2026-09-20 21:27:57 | INFO  | [spike] step 9561: loss 0.6911 > mean 0.6415 + 3.0*0.0164
2026-09-20 21:28:22 | INFO  | ep  7/10 | step   9600/15620 | loss 0.6243 | ppl    1.87 | lr 1.05e-04 | gnorm  0.49 |   25.0k tok/s | mem    8059MB
2026-09-20 21:28:55 | INFO  | ep  7/10 | step   9650/15620 | loss 0.6415 | ppl    1.90 | lr 1.04e-04 | gnorm  0.51 |   25.0k tok/s | mem    8059MB
2026-09-20 21:29:27 | INFO  | ep  7/10 | step   9700/15620 | loss 0.6261 | ppl    1.87 | lr 1.02e-04 | gnorm  0.51 |   25.0k tok/s | mem    8059MB
2026-09-20 21:30:00 | INFO  | ep  7/10 | step   9750/15620 | loss 0.6463 | ppl    1.91 | lr 1.01e-04 | gnorm  0.53 |   24.9k tok/s | mem    8059MB
2026-09-20 21:30:33 | INFO  | ep  7/10 | step   9800/15620 | loss 0.6369 | ppl    1.89 | lr 1.00e-04 | gnorm  0.49 |   24.9k tok/s | mem    8059MB
2026-09-20 21:31:06 | INFO  | ep  7/10 | step   9850/15620 | loss 0.6287 | ppl    1.88 | lr 9.90e-05 | gnorm  0.50 |   24.8k tok/s | mem    8059MB
2026-09-20 21:31:39 | INFO  | ep  7/10 | step   9900/15620 | loss 0.6545 | ppl    1.92 | lr 9.79e-05 | gnorm  0.53 |   24.9k tok/s | mem    8059MB
2026-09-20 21:32:12 | INFO  | ep  7/10 | step   9950/15620 | loss 0.6441 | ppl    1.90 | lr 9.68e-05 | gnorm  0.50 |   24.8k tok/s | mem    8059MB
2026-09-20 21:32:45 | INFO  | ep  7/10 | step  10000/15620 | loss 0.6194 | ppl    1.86 | lr 9.57e-05 | gnorm  0.49 |   24.8k tok/s | mem    8059MB
2026-09-20 21:33:18 | INFO  | ep  7/10 | step  10050/15620 | loss 0.6353 | ppl    1.89 | lr 9.46e-05 | gnorm  0.54 |   24.9k tok/s | mem    8059MB
2026-09-20 21:33:51 | INFO  | ep  7/10 | step  10100/15620 | loss 0.6531 | ppl    1.92 | lr 9.35e-05 | gnorm  0.51 |   24.9k tok/s | mem    8059MB
2026-09-20 21:34:24 | INFO  | ep  7/10 | step  10150/15620 | loss 0.6229 | ppl    1.86 | lr 9.24e-05 | gnorm  0.50 |   24.9k tok/s | mem    8059MB
2026-09-20 21:34:57 | INFO  | ep  7/10 | step  10200/15620 | loss 0.6533 | ppl    1.92 | lr 9.13e-05 | gnorm  0.53 |   24.9k tok/s | mem    8059MB
2026-09-20 21:35:29 | INFO  | ep  7/10 | step  10250/15620 | loss 0.6275 | ppl    1.87 | lr 9.02e-05 | gnorm  0.50 |   24.9k tok/s | mem    8059MB
2026-09-20 21:36:02 | INFO  | ep  7/10 | step  10300/15620 | loss 0.6279 | ppl    1.87 | lr 8.91e-05 | gnorm  0.50 |   25.0k tok/s | mem    8059MB
2026-09-20 21:36:35 | INFO  | ep  7/10 | step  10350/15620 | loss 0.5896 | ppl    1.80 | lr 8.81e-05 | gnorm  0.48 |   25.0k tok/s | mem    8059MB
2026-09-20 21:37:08 | INFO  | ep  7/10 | step  10400/15620 | loss 0.6388 | ppl    1.89 | lr 8.70e-05 | gnorm  0.53 |   25.1k tok/s | mem    8059MB
2026-09-20 21:37:40 | INFO  | ep  7/10 | step  10450/15620 | loss 0.6442 | ppl    1.90 | lr 8.59e-05 | gnorm  0.53 |   25.0k tok/s | mem    8059MB
2026-09-20 21:38:13 | INFO  | ep  7/10 | step  10500/15620 | loss 0.6375 | ppl    1.89 | lr 8.49e-05 | gnorm  0.50 |   25.1k tok/s | mem    8059MB
2026-09-20 21:38:46 | INFO  | ep  7/10 | step  10550/15620 | loss 0.6177 | ppl    1.85 | lr 8.38e-05 | gnorm  0.49 |   25.2k tok/s | mem    8059MB
2026-09-20 21:39:18 | INFO  | ep  7/10 | step  10600/15620 | loss 0.6336 | ppl    1.88 | lr 8.28e-05 | gnorm  0.48 |   25.1k tok/s | mem    8059MB
2026-09-20 21:39:51 | INFO  | ep  7/10 | step  10650/15620 | loss 0.6463 | ppl    1.91 | lr 8.18e-05 | gnorm  0.51 |   25.2k tok/s | mem    8059MB
2026-09-20 21:40:23 | INFO  | ep  7/10 | step  10700/15620 | loss 0.6109 | ppl    1.84 | lr 8.07e-05 | gnorm  0.49 |   25.1k tok/s | mem    8059MB
2026-09-20 21:40:56 | INFO  | ep  7/10 | step  10750/15620 | loss 0.6481 | ppl    1.91 | lr 7.97e-05 | gnorm  0.52 |   25.1k tok/s | mem    8059MB
2026-09-20 21:41:29 | INFO  | ep  7/10 | step  10800/15620 | loss 0.6532 | ppl    1.92 | lr 7.87e-05 | gnorm  0.51 |   25.1k tok/s | mem    8059MB
2026-09-20 21:42:01 | INFO  | ep  7/10 | step  10850/15620 | loss 0.6319 | ppl    1.88 | lr 7.77e-05 | gnorm  0.52 |   25.1k tok/s | mem    8059MB
2026-09-20 21:42:34 | INFO  | ep  7/10 | step  10900/15620 | loss 0.6479 | ppl    1.91 | lr 7.67e-05 | gnorm  0.53 |   25.1k tok/s | mem    8059MB
2026-09-20 21:43:31 | INFO  | --------------------------------------------------------------------------------------------
2026-09-20 21:43:31 | INFO  | EPOCH  7 | train 0.6396 | val 0.6509 | val ppl 1.92 | bpc 0.9391 | top1 79.34% | gap +0.0114 | 17.1 min | 25.0k tok/s
2026-09-20 21:43:31 | INFO  | --------------------------------------------------------------------------------------------
2026-09-20 21:43:31 | INFO  | [ckpt] new best val 0.6509 -> task1_shreya_deep_narrow_20260920_194002_best.pt
2026-09-20 21:43:42 | INFO  | ep  8/10 | step  10950/15620 | loss 0.6160 | ppl    1.85 | lr 7.57e-05 | gnorm  0.51 |   78.5k tok/s | mem    8059MB
2026-09-20 21:44:14 | INFO  | ep  8/10 | step  11000/15620 | loss 0.6414 | ppl    1.90 | lr 7.47e-05 | gnorm  0.54 |   25.1k tok/s | mem    8059MB
2026-09-20 21:44:47 | INFO  | ep  8/10 | step  11050/15620 | loss 0.6002 | ppl    1.82 | lr 7.37e-05 | gnorm  0.51 |   25.0k tok/s | mem    8059MB
2026-09-20 21:45:20 | INFO  | ep  8/10 | step  11100/15620 | loss 0.6178 | ppl    1.85 | lr 7.27e-05 | gnorm  0.50 |   25.1k tok/s | mem    8059MB
2026-09-20 21:45:53 | INFO  | ep  8/10 | step  11150/15620 | loss 0.6064 | ppl    1.83 | lr 7.17e-05 | gnorm  0.51 |   25.1k tok/s | mem    8059MB
2026-09-20 21:46:05 | INFO  | [spike] step 11168: loss 0.6783 > mean 0.6222 + 3.0*0.0153
2026-09-20 21:46:25 | INFO  | ep  8/10 | step  11200/15620 | loss 0.6052 | ppl    1.83 | lr 7.08e-05 | gnorm  0.52 |   25.0k tok/s | mem    8059MB
2026-09-20 21:46:58 | INFO  | ep  8/10 | step  11250/15620 | loss 0.6202 | ppl    1.86 | lr 6.98e-05 | gnorm  0.51 |   25.1k tok/s | mem    8059MB
2026-09-20 21:47:31 | INFO  | ep  8/10 | step  11300/15620 | loss 0.6454 | ppl    1.91 | lr 6.89e-05 | gnorm  0.53 |   25.0k tok/s | mem    8059MB
2026-09-20 21:48:04 | INFO  | ep  8/10 | step  11350/15620 | loss 0.6289 | ppl    1.88 | lr 6.79e-05 | gnorm  0.53 |   25.0k tok/s | mem    8059MB
2026-09-20 21:48:36 | INFO  | ep  8/10 | step  11400/15620 | loss 0.6346 | ppl    1.89 | lr 6.70e-05 | gnorm  0.52 |   24.9k tok/s | mem    8059MB
2026-09-20 21:49:09 | INFO  | ep  8/10 | step  11450/15620 | loss 0.6225 | ppl    1.86 | lr 6.61e-05 | gnorm  0.52 |   24.9k tok/s | mem    8059MB
2026-09-20 21:49:42 | INFO  | ep  8/10 | step  11500/15620 | loss 0.6555 | ppl    1.93 | lr 6.52e-05 | gnorm  0.55 |   24.8k tok/s | mem    8059MB
2026-09-20 21:50:15 | INFO  | ep  8/10 | step  11550/15620 | loss 0.6490 | ppl    1.91 | lr 6.43e-05 | gnorm  0.54 |   24.9k tok/s | mem    8059MB
2026-09-20 21:50:48 | INFO  | ep  8/10 | step  11600/15620 | loss 0.6010 | ppl    1.82 | lr 6.34e-05 | gnorm  0.52 |   24.9k tok/s | mem    8059MB
2026-09-20 21:51:21 | INFO  | ep  8/10 | step  11650/15620 | loss 0.6411 | ppl    1.90 | lr 6.25e-05 | gnorm  0.54 |   25.0k tok/s | mem    8059MB
2026-09-20 21:51:54 | INFO  | ep  8/10 | step  11700/15620 | loss 0.6286 | ppl    1.88 | lr 6.16e-05 | gnorm  0.52 |   24.9k tok/s | mem    8059MB
2026-09-20 21:52:27 | INFO  | ep  8/10 | step  11750/15620 | loss 0.6185 | ppl    1.86 | lr 6.07e-05 | gnorm  0.56 |   24.9k tok/s | mem    8059MB
2026-09-20 21:52:59 | INFO  | ep  8/10 | step  11800/15620 | loss 0.6246 | ppl    1.87 | lr 5.98e-05 | gnorm  0.52 |   24.9k tok/s | mem    8059MB
2026-09-20 21:53:32 | INFO  | ep  8/10 | step  11850/15620 | loss 0.6118 | ppl    1.84 | lr 5.90e-05 | gnorm  0.52 |   24.9k tok/s | mem    8059MB
2026-09-20 21:53:36 | INFO  | [spike] step 11855: loss 0.6621 > mean 0.6239 + 3.0*0.0125
2026-09-20 21:54:05 | INFO  | ep  8/10 | step  11900/15620 | loss 0.6101 | ppl    1.84 | lr 5.81e-05 | gnorm  0.51 |   24.9k tok/s | mem    8059MB
2026-09-20 21:54:23 | INFO  | [spike] step 11926: loss 0.6787 > mean 0.6222 + 3.0*0.0140
2026-09-20 21:54:38 | INFO  | ep  8/10 | step  11950/15620 | loss 0.6221 | ppl    1.86 | lr 5.73e-05 | gnorm  0.54 |   24.9k tok/s | mem    8059MB
2026-09-20 21:55:11 | INFO  | ep  8/10 | step  12000/15620 | loss 0.6251 | ppl    1.87 | lr 5.65e-05 | gnorm  0.52 |   24.9k tok/s | mem    8059MB
2026-09-20 21:55:44 | INFO  | ep  8/10 | step  12050/15620 | loss 0.6391 | ppl    1.89 | lr 5.56e-05 | gnorm  0.54 |   24.9k tok/s | mem    8059MB
2026-09-20 21:56:17 | INFO  | ep  8/10 | step  12100/15620 | loss 0.6237 | ppl    1.87 | lr 5.48e-05 | gnorm  0.51 |   24.9k tok/s | mem    8059MB
2026-09-20 21:56:50 | INFO  | ep  8/10 | step  12150/15620 | loss 0.6106 | ppl    1.84 | lr 5.40e-05 | gnorm  0.53 |   24.9k tok/s | mem    8059MB
2026-09-20 21:57:23 | INFO  | ep  8/10 | step  12200/15620 | loss 0.6225 | ppl    1.86 | lr 5.32e-05 | gnorm  0.53 |   24.8k tok/s | mem    8059MB
2026-09-20 21:57:56 | INFO  | ep  8/10 | step  12250/15620 | loss 0.6338 | ppl    1.88 | lr 5.25e-05 | gnorm  0.52 |   25.0k tok/s | mem    8059MB
2026-09-20 21:58:28 | INFO  | ep  8/10 | step  12300/15620 | loss 0.6305 | ppl    1.88 | lr 5.17e-05 | gnorm  0.53 |   24.9k tok/s | mem    8059MB
2026-09-20 21:59:01 | INFO  | ep  8/10 | step  12350/15620 | loss 0.5997 | ppl    1.82 | lr 5.09e-05 | gnorm  0.52 |   24.9k tok/s | mem    8059MB
2026-09-20 21:59:34 | INFO  | ep  8/10 | step  12400/15620 | loss 0.6235 | ppl    1.87 | lr 5.02e-05 | gnorm  0.53 |   24.8k tok/s | mem    8059MB
2026-09-20 22:00:07 | INFO  | ep  8/10 | step  12450/15620 | loss 0.5899 | ppl    1.80 | lr 4.94e-05 | gnorm  0.52 |   24.8k tok/s | mem    8059MB
2026-09-20 22:01:12 | INFO  | --------------------------------------------------------------------------------------------
2026-09-20 22:01:12 | INFO  | EPOCH  8 | train 0.6235 | val 0.6407 | val ppl 1.90 | bpc 0.9243 | top1 79.64% | gap +0.0172 | 17.1 min | 24.9k tok/s
2026-09-20 22:01:12 | INFO  | --------------------------------------------------------------------------------------------
2026-09-20 22:01:13 | INFO  | [ckpt] new best val 0.6407 -> task1_shreya_deep_narrow_20260920_194002_best.pt
2026-09-20 22:01:15 | INFO  | ep  9/10 | step  12500/15620 | loss 0.6092 | ppl    1.84 | lr 4.87e-05 | gnorm  0.53 |  313.1k tok/s | mem    8059MB
2026-09-20 22:01:48 | INFO  | ep  9/10 | step  12550/15620 | loss 0.5926 | ppl    1.81 | lr 4.80e-05 | gnorm  0.51 |   25.0k tok/s | mem    8059MB
2026-09-20 22:02:21 | INFO  | ep  9/10 | step  12600/15620 | loss 0.5757 | ppl    1.78 | lr 4.72e-05 | gnorm  0.52 |   25.1k tok/s | mem    8059MB
2026-09-20 22:02:53 | INFO  | ep  9/10 | step  12650/15620 | loss 0.6106 | ppl    1.84 | lr 4.65e-05 | gnorm  0.55 |   25.1k tok/s | mem    8059MB
2026-09-20 22:03:26 | INFO  | ep  9/10 | step  12700/15620 | loss 0.6344 | ppl    1.89 | lr 4.58e-05 | gnorm  0.54 |   25.1k tok/s | mem    8059MB
2026-09-20 22:03:59 | INFO  | ep  9/10 | step  12750/15620 | loss 0.6074 | ppl    1.84 | lr 4.51e-05 | gnorm  0.53 |   25.2k tok/s | mem    8059MB
2026-09-20 22:04:31 | INFO  | ep  9/10 | step  12800/15620 | loss 0.6067 | ppl    1.83 | lr 4.45e-05 | gnorm  0.54 |   25.2k tok/s | mem    8059MB
2026-09-20 22:05:04 | INFO  | ep  9/10 | step  12850/15620 | loss 0.6411 | ppl    1.90 | lr 4.38e-05 | gnorm  0.56 |   25.1k tok/s | mem    8059MB
2026-09-20 22:05:17 | INFO  | [spike] step 12870: loss 0.6527 > mean 0.6117 + 3.0*0.0133
2026-09-20 22:05:36 | INFO  | ep  9/10 | step  12900/15620 | loss 0.6152 | ppl    1.85 | lr 4.32e-05 | gnorm  0.54 |   25.2k tok/s | mem    8059MB
2026-09-20 22:06:09 | INFO  | ep  9/10 | step  12950/15620 | loss 0.5874 | ppl    1.80 | lr 4.25e-05 | gnorm  0.52 |   25.0k tok/s | mem    8059MB
2026-09-20 22:06:42 | INFO  | ep  9/10 | step  13000/15620 | loss 0.6119 | ppl    1.84 | lr 4.19e-05 | gnorm  0.55 |   24.9k tok/s | mem    8059MB
2026-09-20 22:07:15 | INFO  | ep  9/10 | step  13050/15620 | loss 0.6126 | ppl    1.85 | lr 4.13e-05 | gnorm  0.54 |   24.8k tok/s | mem    8059MB
2026-09-20 22:07:48 | INFO  | ep  9/10 | step  13100/15620 | loss 0.5919 | ppl    1.81 | lr 4.06e-05 | gnorm  0.54 |   24.9k tok/s | mem    8059MB
2026-09-20 22:08:21 | INFO  | ep  9/10 | step  13150/15620 | loss 0.6197 | ppl    1.86 | lr 4.00e-05 | gnorm  0.55 |   25.0k tok/s | mem    8059MB
2026-09-20 22:08:25 | INFO  | [spike] step 13156: loss 0.6589 > mean 0.6132 + 3.0*0.0145
2026-09-20 22:08:54 | INFO  | ep  9/10 | step  13200/15620 | loss 0.5970 | ppl    1.82 | lr 3.95e-05 | gnorm  0.54 |   25.0k tok/s | mem    8059MB
2026-09-20 22:09:26 | INFO  | ep  9/10 | step  13250/15620 | loss 0.6316 | ppl    1.88 | lr 3.89e-05 | gnorm  0.55 |   25.0k tok/s | mem    8059MB
2026-09-20 22:09:59 | INFO  | ep  9/10 | step  13300/15620 | loss 0.5893 | ppl    1.80 | lr 3.83e-05 | gnorm  0.53 |   24.9k tok/s | mem    8059MB
2026-09-20 22:10:32 | INFO  | ep  9/10 | step  13350/15620 | loss 0.6228 | ppl    1.86 | lr 3.78e-05 | gnorm  0.58 |   25.0k tok/s | mem    8059MB
2026-09-20 22:11:04 | INFO  | ep  9/10 | step  13400/15620 | loss 0.6207 | ppl    1.86 | lr 3.72e-05 | gnorm  0.53 |   25.1k tok/s | mem    8059MB
2026-09-20 22:11:37 | INFO  | ep  9/10 | step  13450/15620 | loss 0.6007 | ppl    1.82 | lr 3.67e-05 | gnorm  0.53 |   25.1k tok/s | mem    8059MB
2026-09-20 22:12:10 | INFO  | ep  9/10 | step  13500/15620 | loss 0.6335 | ppl    1.88 | lr 3.62e-05 | gnorm  0.56 |   25.1k tok/s | mem    8059MB
2026-09-20 22:12:43 | INFO  | ep  9/10 | step  13550/15620 | loss 0.6073 | ppl    1.84 | lr 3.56e-05 | gnorm  0.55 |   25.0k tok/s | mem    8059MB
2026-09-20 22:13:15 | INFO  | ep  9/10 | step  13600/15620 | loss 0.6225 | ppl    1.86 | lr 3.51e-05 | gnorm  0.56 |   25.0k tok/s | mem    8059MB
2026-09-20 22:13:48 | INFO  | ep  9/10 | step  13650/15620 | loss 0.6000 | ppl    1.82 | lr 3.47e-05 | gnorm  0.53 |   25.1k tok/s | mem    8059MB
2026-09-20 22:14:21 | INFO  | ep  9/10 | step  13700/15620 | loss 0.6184 | ppl    1.86 | lr 3.42e-05 | gnorm  0.58 |   25.1k tok/s | mem    8059MB
2026-09-20 22:14:53 | INFO  | ep  9/10 | step  13750/15620 | loss 0.5935 | ppl    1.81 | lr 3.37e-05 | gnorm  0.54 |   25.0k tok/s | mem    8059MB
2026-09-20 22:15:20 | INFO  | [spike] step 13790: loss 0.6535 > mean 0.6099 + 3.0*0.0132
2026-09-20 22:15:26 | INFO  | ep  9/10 | step  13800/15620 | loss 0.5979 | ppl    1.82 | lr 3.33e-05 | gnorm  0.55 |   24.9k tok/s | mem    8059MB
2026-09-20 22:15:59 | INFO  | ep  9/10 | step  13850/15620 | loss 0.6090 | ppl    1.84 | lr 3.28e-05 | gnorm  0.53 |   24.9k tok/s | mem    8059MB
2026-09-20 22:16:32 | INFO  | ep  9/10 | step  13900/15620 | loss 0.6039 | ppl    1.83 | lr 3.24e-05 | gnorm  0.54 |   24.9k tok/s | mem    8059MB
2026-09-20 22:17:05 | INFO  | ep  9/10 | step  13950/15620 | loss 0.5938 | ppl    1.81 | lr 3.20e-05 | gnorm  0.53 |   25.0k tok/s | mem    8059MB
2026-09-20 22:17:37 | INFO  | ep  9/10 | step  14000/15620 | loss 0.5983 | ppl    1.82 | lr 3.16e-05 | gnorm  0.53 |   25.1k tok/s | mem    8059MB
2026-09-20 22:18:10 | INFO  | ep  9/10 | step  14050/15620 | loss 0.5983 | ppl    1.82 | lr 3.12e-05 | gnorm  0.55 |   25.0k tok/s | mem    8059MB
2026-09-20 22:18:50 | INFO  | --------------------------------------------------------------------------------------------
2026-09-20 22:18:50 | INFO  | EPOCH  9 | train 0.6115 | val 0.6358 | val ppl 1.89 | bpc 0.9173 | top1 79.82% | gap +0.0244 | 17.0 min | 25.0k tok/s
2026-09-20 22:18:50 | INFO  | --------------------------------------------------------------------------------------------
2026-09-20 22:18:50 | INFO  | [ckpt] new best val 0.6358 -> task1_shreya_deep_narrow_20260920_194002_best.pt
2026-09-20 22:19:18 | INFO  | ep 10/10 | step  14100/15620 | loss 0.6039 | ppl    1.83 | lr 3.08e-05 | gnorm  0.54 |   29.7k tok/s | mem    8059MB
2026-09-20 22:19:51 | INFO  | ep 10/10 | step  14150/15620 | loss 0.6279 | ppl    1.87 | lr 3.04e-05 | gnorm  0.58 |   24.9k tok/s | mem    8059MB
2026-09-20 22:20:24 | INFO  | ep 10/10 | step  14200/15620 | loss 0.6173 | ppl    1.85 | lr 3.01e-05 | gnorm  0.56 |   24.9k tok/s | mem    8059MB
2026-09-20 22:20:57 | INFO  | ep 10/10 | step  14250/15620 | loss 0.5953 | ppl    1.81 | lr 2.97e-05 | gnorm  0.56 |   24.9k tok/s | mem    8059MB
2026-09-20 22:21:29 | INFO  | ep 10/10 | step  14300/15620 | loss 0.6117 | ppl    1.84 | lr 2.94e-05 | gnorm  0.56 |   24.9k tok/s | mem    8059MB
2026-09-20 22:22:02 | INFO  | ep 10/10 | step  14350/15620 | loss 0.5995 | ppl    1.82 | lr 2.90e-05 | gnorm  0.55 |   24.9k tok/s | mem    8059MB
2026-09-20 22:22:35 | INFO  | ep 10/10 | step  14400/15620 | loss 0.5938 | ppl    1.81 | lr 2.87e-05 | gnorm  0.54 |   25.0k tok/s | mem    8059MB
2026-09-20 22:23:08 | INFO  | ep 10/10 | step  14450/15620 | loss 0.5731 | ppl    1.77 | lr 2.84e-05 | gnorm  0.54 |   25.0k tok/s | mem    8059MB
2026-09-20 22:23:41 | INFO  | ep 10/10 | step  14500/15620 | loss 0.6059 | ppl    1.83 | lr 2.82e-05 | gnorm  0.56 |   25.0k tok/s | mem    8059MB
2026-09-20 22:24:13 | INFO  | ep 10/10 | step  14550/15620 | loss 0.6126 | ppl    1.85 | lr 2.79e-05 | gnorm  0.57 |   25.0k tok/s | mem    8059MB
2026-09-20 22:24:46 | INFO  | ep 10/10 | step  14600/15620 | loss 0.6160 | ppl    1.85 | lr 2.76e-05 | gnorm  0.57 |   25.0k tok/s | mem    8059MB
2026-09-20 22:25:19 | INFO  | ep 10/10 | step  14650/15620 | loss 0.6095 | ppl    1.84 | lr 2.74e-05 | gnorm  0.57 |   25.0k tok/s | mem    8059MB
2026-09-20 22:25:35 | INFO  | [spike] step 14673: loss 0.6513 > mean 0.6053 + 3.0*0.0137
2026-09-20 22:25:52 | INFO  | ep 10/10 | step  14700/15620 | loss 0.5969 | ppl    1.82 | lr 2.71e-05 | gnorm  0.55 |   25.0k tok/s | mem    8059MB
2026-09-20 22:26:24 | INFO  | ep 10/10 | step  14750/15620 | loss 0.6028 | ppl    1.83 | lr 2.69e-05 | gnorm  0.58 |   25.0k tok/s | mem    8059MB
2026-09-20 22:26:57 | INFO  | ep 10/10 | step  14800/15620 | loss 0.6035 | ppl    1.83 | lr 2.67e-05 | gnorm  0.56 |   24.9k tok/s | mem    8059MB
2026-09-20 22:27:30 | INFO  | ep 10/10 | step  14850/15620 | loss 0.5933 | ppl    1.81 | lr 2.65e-05 | gnorm  0.56 |   24.9k tok/s | mem    8059MB
2026-09-20 22:28:03 | INFO  | ep 10/10 | step  14900/15620 | loss 0.5957 | ppl    1.81 | lr 2.63e-05 | gnorm  0.55 |   24.9k tok/s | mem    8059MB
2026-09-20 22:28:36 | INFO  | ep 10/10 | step  14950/15620 | loss 0.5692 | ppl    1.77 | lr 2.61e-05 | gnorm  0.55 |   24.9k tok/s | mem    8059MB
2026-09-20 22:29:09 | INFO  | ep 10/10 | step  15000/15620 | loss 0.5947 | ppl    1.81 | lr 2.60e-05 | gnorm  0.57 |   25.0k tok/s | mem    8059MB
2026-09-20 22:29:41 | INFO  | ep 10/10 | step  15050/15620 | loss 0.6058 | ppl    1.83 | lr 2.58e-05 | gnorm  0.55 |   25.0k tok/s | mem    8059MB
2026-09-20 22:30:14 | INFO  | ep 10/10 | step  15100/15620 | loss 0.5993 | ppl    1.82 | lr 2.57e-05 | gnorm  0.56 |   25.0k tok/s | mem    8059MB
2026-09-20 22:30:47 | INFO  | ep 10/10 | step  15150/15620 | loss 0.5983 | ppl    1.82 | lr 2.56e-05 | gnorm  0.56 |   25.1k tok/s | mem    8059MB
2026-09-20 22:31:19 | INFO  | ep 10/10 | step  15200/15620 | loss 0.5799 | ppl    1.79 | lr 2.54e-05 | gnorm  0.58 |   25.1k tok/s | mem    8059MB
2026-09-20 22:31:52 | INFO  | ep 10/10 | step  15250/15620 | loss 0.6347 | ppl    1.89 | lr 2.53e-05 | gnorm  0.58 |   25.1k tok/s | mem    8059MB
2026-09-20 22:32:25 | INFO  | ep 10/10 | step  15300/15620 | loss 0.6133 | ppl    1.85 | lr 2.53e-05 | gnorm  0.57 |   25.1k tok/s | mem    8059MB
2026-09-20 22:32:57 | INFO  | ep 10/10 | step  15350/15620 | loss 0.6126 | ppl    1.85 | lr 2.52e-05 | gnorm  0.56 |   25.1k tok/s | mem    8059MB
2026-09-20 22:33:30 | INFO  | ep 10/10 | step  15400/15620 | loss 0.6094 | ppl    1.84 | lr 2.51e-05 | gnorm  0.59 |   25.1k tok/s | mem    8059MB
2026-09-20 22:33:48 | INFO  | [spike] step 15427: loss 0.6447 > mean 0.6031 + 3.0*0.0138
2026-09-20 22:34:03 | INFO  | ep 10/10 | step  15450/15620 | loss 0.5822 | ppl    1.79 | lr 2.51e-05 | gnorm  0.56 |   25.1k tok/s | mem    8059MB
2026-09-20 22:34:35 | INFO  | ep 10/10 | step  15500/15620 | loss 0.5987 | ppl    1.82 | lr 2.50e-05 | gnorm  0.56 |   25.1k tok/s | mem    8059MB
2026-09-20 22:35:08 | INFO  | ep 10/10 | step  15550/15620 | loss 0.6175 | ppl    1.85 | lr 2.50e-05 | gnorm  0.57 |   25.1k tok/s | mem    8059MB
2026-09-20 22:35:40 | INFO  | ep 10/10 | step  15600/15620 | loss 0.6176 | ppl    1.85 | lr 2.50e-05 | gnorm  0.57 |   25.2k tok/s | mem    8059MB
2026-09-20 22:36:28 | INFO  | --------------------------------------------------------------------------------------------
2026-09-20 22:36:28 | INFO  | EPOCH 10 | train 0.6038 | val 0.6327 | val ppl 1.88 | bpc 0.9128 | top1 79.91% | gap +0.0289 | 17.0 min | 25.0k tok/s
2026-09-20 22:36:28 | INFO  | --------------------------------------------------------------------------------------------
2026-09-20 22:36:28 | INFO  | [ckpt] new best val 0.6327 -> task1_shreya_deep_narrow_20260920_194002_best.pt
2026-09-20 22:36:28 | INFO  | ============================================================================================
2026-09-20 22:36:28 | INFO  | TRAINING DONE in 176.2 min | 255,918,080 tokens | 24.2k tok/s | peak device 8059 MB | peak RSS 1963 MB
2026-09-20 22:36:28 | INFO  | stability: 22 loss spikes (>3.0 sigma), 0 NaN/Inf events
2026-09-20 22:36:28 | INFO  | ============================================================================================
2026-09-20 22:36:28 | INFO  | [resume] in-memory training state found - nothing to do
2026-09-20 22:36:31 | INFO  | [plot] saved /content/drive/MyDrive/DATA266_Lab1/task1_llm/shreya/outputs/plots/loss_curves.png
2026-09-20 22:36:31 | INFO  | [gen] loaded best checkpoint from epoch 10 (val loss 0.6327)
2026-09-20 22:36:37 | INFO  | [gen] generation throughput: 87.6 tokens/sec (batch=1, no KV cache)
2026-09-20 22:37:41 | INFO  | [gen] wrote 13 samples to task1_llm/shreya/outputs/samples
2026-09-20 22:37:41 | INFO  | [metrics] generating 20,000 chars for diversity stats (~3.8 min at 88 tok/s) ...
2026-09-20 22:42:02 | INFO  | [metrics] NOTE: epoch 10 (the last) was also the best -> the model was still improving when training stopped. This is an UNDER-FITTING signal, not a bug, and it means *_best.pt and *_last.pt hold identical weights. Consider more data (data.use_chars), more epochs, or a larger model.
2026-09-20 22:42:03 | INFO  | [metrics] wrote task1_llm/shreya/metrics_report.csv (50 rows)
2026-09-20 22:43:12 | INFO  | [failure] evidence -> task1_llm/shreya/outputs/failure_candidates.md
2026-09-20 22:43:16 | INFO  | [manifest] reproducibility/manifests/task1_shreya_deep_narrow_20260920_194002.json
2026-09-20 22:43:16 | INFO  | [manifest] checkpoint sha256 f540786b227da1a6...
