[    0.013s] run_start    run_id=t1_baseline_20260928-151435 utc=2026-09-28T22:14:35.781370+00:00 git_commit=e108e73 python=3.9.6 argv=task1_llm/zoheb_waghu/src/train.py --config task1_llm/zoheb_waghu/configs/gpt_baseline.yaml hardware={'device': 'mps', 'torch': '2.5.1', 'platform': 'macOS-26.3.1-arm64-arm-64bit', 'processor': 'arm'}
[    1.505s] data         train_sequences=100000 val_sequences=10000 stride=256 member_offset_chars=34000000 train_chars=25600001 val_chars=2559763 vocab_size=97 val_oov_chars=0
[    1.506s] schedule     steps_per_epoch=3125 total_steps=31250 tokens_per_epoch=25600000 train_sequences=100000 corpus_passes_per_epoch=1.0 nonoverlapping_batches_per_epoch=3124
[    1.571s] model        param_count=3274752 vocab_size=97
[    1.721s] causal_mask_probe probe_position=128 max_logit_delta_before_j=0.0 min_logit_delta_from_j=0.8473432064056396 passed=True
[    2.916s] step         step=0 epoch=0 loss=4.6339 lr=0.0 grad_norm=9.707
[   16.744s] step         step=100 epoch=0 loss=2.9797 lr=3e-05 grad_norm=1.4885
[   30.541s] step         step=200 epoch=0 loss=2.5322 lr=6e-05 grad_norm=0.7916
[   44.384s] step         step=300 epoch=0 loss=2.3774 lr=9e-05 grad_norm=0.6127
[   58.098s] step         step=400 epoch=0 loss=2.3162 lr=0.00012 grad_norm=0.6851
[   71.832s] step         step=500 epoch=0 loss=2.2755 lr=0.00015 grad_norm=0.7896
[   85.677s] step         step=600 epoch=0 loss=2.2076 lr=0.00018 grad_norm=0.8807
[   99.664s] step         step=700 epoch=0 loss=2.1535 lr=0.00021 grad_norm=1.9258
[  379.654s] step         step=800 epoch=0 loss=1.9531 lr=0.00024 grad_norm=1.4098
[  561.564s] step         step=900 epoch=0 loss=1.8554 lr=0.00027 grad_norm=1.3796
[  600.936s] step         step=1000 epoch=0 loss=1.7361 lr=0.0003 grad_norm=1.7994
[ 1169.133s] step         step=1100 epoch=0 loss=1.6344 lr=0.0003 grad_norm=1.622
[ 1184.206s] step         step=1200 epoch=0 loss=1.5655 lr=0.0003 grad_norm=1.5839
[ 1200.228s] step         step=1300 epoch=0 loss=1.5466 lr=0.0003 grad_norm=1.5964
[ 1214.855s] step         step=1400 epoch=0 loss=1.4603 lr=0.0003 grad_norm=1.389
[ 1229.385s] step         step=1500 epoch=0 loss=1.4477 lr=0.0003 grad_norm=1.3425
[ 1243.841s] step         step=1600 epoch=0 loss=1.3658 lr=0.0003 grad_norm=1.4169
[ 1258.549s] step         step=1700 epoch=0 loss=1.3705 lr=0.0003 grad_norm=1.3222
[ 1273.055s] step         step=1800 epoch=0 loss=1.2866 lr=0.0003 grad_norm=1.2148
[ 1287.833s] step         step=1900 epoch=0 loss=1.2688 lr=0.000299 grad_norm=1.2397
[ 1302.349s] step         step=2000 epoch=0 loss=1.2686 lr=0.000299 grad_norm=1.1135
[ 1317.303s] step         step=2100 epoch=0 loss=1.2689 lr=0.000299 grad_norm=1.3704
[ 1333.705s] step         step=2200 epoch=0 loss=1.212 lr=0.000299 grad_norm=1.1665
[ 1350.769s] step         step=2300 epoch=0 loss=1.2352 lr=0.000299 grad_norm=1.1726
[ 1368.060s] step         step=2400 epoch=0 loss=1.1971 lr=0.000299 grad_norm=1.0574
[ 1386.137s] step         step=2500 epoch=0 loss=1.1933 lr=0.000298 grad_norm=1.1697
[ 1404.716s] step         step=2600 epoch=0 loss=1.1088 lr=0.000298 grad_norm=1.024
[ 1423.108s] step         step=2700 epoch=0 loss=1.179 lr=0.000298 grad_norm=1.0205
[ 1441.510s] step         step=2800 epoch=0 loss=1.1478 lr=0.000298 grad_norm=1.0114
[ 1461.023s] step         step=2900 epoch=0 loss=1.1312 lr=0.000297 grad_norm=0.9471
[ 1480.729s] step         step=3000 epoch=0 loss=1.0904 lr=0.000297 grad_norm=0.9866
[ 1500.142s] step         step=3100 epoch=0 loss=1.0827 lr=0.000297 grad_norm=1.0015
[ 1524.276s] epoch        epoch=0 train_loss=1.6363 val_loss=1.0205 val_ppl=2.775 val_bpc=1.4722 val_top1=0.6812
[ 1524.332s] checkpoint   path=/Users/zohebw/Desktop/DATA 266/data266-lab1/task1_llm/zoheb_waghu/checkpoints/t1_baseline_20260928-151435_best.pt epoch=0 val_loss=1.0205
[ 1539.904s] step         step=3200 epoch=1 loss=1.1228 lr=0.000296 grad_norm=0.9371
[ 1560.448s] step         step=3300 epoch=1 loss=1.1087 lr=0.000296 grad_norm=0.9549
[ 1581.111s] step         step=3400 epoch=1 loss=1.0844 lr=0.000296 grad_norm=0.9684
[ 1602.092s] step         step=3500 epoch=1 loss=1.1036 lr=0.000295 grad_norm=0.9778
[ 1625.182s] step         step=3600 epoch=1 loss=1.0595 lr=0.000295 grad_norm=0.9386
[ 1647.095s] step         step=3700 epoch=1 loss=1.0914 lr=0.000295 grad_norm=0.8865
[ 1668.673s] step         step=3800 epoch=1 loss=1.0452 lr=0.000294 grad_norm=0.8628
[ 1689.447s] step         step=3900 epoch=1 loss=1.0211 lr=0.000294 grad_norm=0.8749
[ 1710.521s] step         step=4000 epoch=1 loss=0.9969 lr=0.000294 grad_norm=0.8049
[ 1730.892s] step         step=4100 epoch=1 loss=1.0093 lr=0.000293 grad_norm=0.9074
[ 1751.329s] step         step=4200 epoch=1 loss=1.0482 lr=0.000293 grad_norm=0.9133
[ 1772.513s] step         step=4300 epoch=1 loss=1.0535 lr=0.000292 grad_norm=0.8717
[ 1792.717s] step         step=4400 epoch=1 loss=1.0257 lr=0.000292 grad_norm=0.8964
[ 1815.048s] step         step=4500 epoch=1 loss=0.9836 lr=0.000291 grad_norm=0.7944
[ 1834.786s] step         step=4600 epoch=1 loss=0.9933 lr=0.000291 grad_norm=0.8297
[ 1853.692s] step         step=4700 epoch=1 loss=1.0357 lr=0.00029 grad_norm=0.8235
[ 1872.500s] step         step=4800 epoch=1 loss=0.9833 lr=0.00029 grad_norm=0.8911
[ 1891.726s] step         step=4900 epoch=1 loss=0.9996 lr=0.000289 grad_norm=0.8131
[ 1910.152s] step         step=5000 epoch=1 loss=1.0084 lr=0.000289 grad_norm=0.8047
[ 1931.315s] step         step=5100 epoch=1 loss=1.0307 lr=0.000288 grad_norm=0.7978
[ 1950.118s] step         step=5200 epoch=1 loss=0.9728 lr=0.000287 grad_norm=0.7885
[ 1968.690s] step         step=5300 epoch=1 loss=0.9435 lr=0.000287 grad_norm=0.7636
[ 1986.877s] step         step=5400 epoch=1 loss=1.0005 lr=0.000286 grad_norm=0.7754
[ 2005.334s] step         step=5500 epoch=1 loss=0.918 lr=0.000286 grad_norm=0.7525
[ 2023.657s] step         step=5600 epoch=1 loss=0.9997 lr=0.000285 grad_norm=0.7644
[ 2041.798s] step         step=5700 epoch=1 loss=0.9599 lr=0.000284 grad_norm=0.7841
[ 2061.074s] step         step=5800 epoch=1 loss=0.9702 lr=0.000284 grad_norm=0.7178
[ 2080.061s] step         step=5900 epoch=1 loss=0.9972 lr=0.000283 grad_norm=0.7876
[ 2099.106s] step         step=6000 epoch=1 loss=0.949 lr=0.000282 grad_norm=0.7258
[ 2117.656s] step         step=6100 epoch=1 loss=0.9571 lr=0.000282 grad_norm=0.7538
[ 2136.845s] step         step=6200 epoch=1 loss=0.9652 lr=0.000281 grad_norm=0.7599
[ 2165.000s] epoch        epoch=1 train_loss=1.0112 val_loss=0.8813 val_ppl=2.414 val_bpc=1.2715 val_top1=0.7222
[ 2165.026s] checkpoint   path=/Users/zohebw/Desktop/DATA 266/data266-lab1/task1_llm/zoheb_waghu/checkpoints/t1_baseline_20260928-151435_best.pt epoch=1 val_loss=0.8813
[ 2175.039s] step         step=6300 epoch=2 loss=0.9386 lr=0.00028 grad_norm=0.7367
[ 2194.662s] step         step=6400 epoch=2 loss=1.0029 lr=0.000279 grad_norm=0.7468
[ 2214.125s] step         step=6500 epoch=2 loss=0.9084 lr=0.000279 grad_norm=0.6759
[ 2233.787s] step         step=6600 epoch=2 loss=0.9469 lr=0.000278 grad_norm=0.6968
[ 2253.309s] step         step=6700 epoch=2 loss=0.9167 lr=0.000277 grad_norm=0.673
[ 2272.318s] step         step=6800 epoch=2 loss=0.9334 lr=0.000276 grad_norm=0.7075
[ 2291.849s] step         step=6900 epoch=2 loss=0.9373 lr=0.000275 grad_norm=0.7238
[ 2311.170s] step         step=7000 epoch=2 loss=0.8899 lr=0.000275 grad_norm=0.7058
[ 2330.667s] step         step=7100 epoch=2 loss=0.9189 lr=0.000274 grad_norm=0.6881
[ 2349.783s] step         step=7200 epoch=2 loss=0.8983 lr=0.000273 grad_norm=0.6765
[ 2369.678s] step         step=7300 epoch=2 loss=0.8631 lr=0.000272 grad_norm=0.6493
[ 2389.000s] step         step=7400 epoch=2 loss=0.9212 lr=0.000271 grad_norm=0.708
[ 2408.150s] step         step=7500 epoch=2 loss=0.9284 lr=0.00027 grad_norm=0.6928
[ 2428.185s] step         step=7600 epoch=2 loss=0.9298 lr=0.00027 grad_norm=0.7184
[ 2450.017s] step         step=7700 epoch=2 loss=0.8902 lr=0.000269 grad_norm=0.6427
[ 2470.199s] step         step=7800 epoch=2 loss=0.9285 lr=0.000268 grad_norm=0.6751
[ 2490.607s] step         step=7900 epoch=2 loss=0.9017 lr=0.000267 grad_norm=0.7083
[ 2510.588s] step         step=8000 epoch=2 loss=0.9461 lr=0.000266 grad_norm=0.7141
[ 2531.407s] step         step=8100 epoch=2 loss=0.8946 lr=0.000265 grad_norm=0.6831
[ 2552.004s] step         step=8200 epoch=2 loss=0.8899 lr=0.000264 grad_norm=0.6422
[ 2572.942s] step         step=8300 epoch=2 loss=0.8953 lr=0.000263 grad_norm=0.6627
[ 2592.684s] step         step=8400 epoch=2 loss=0.8993 lr=0.000262 grad_norm=0.7416
[ 2613.425s] step         step=8500 epoch=2 loss=0.8885 lr=0.000261 grad_norm=0.6505
[ 2633.865s] step         step=8600 epoch=2 loss=0.8421 lr=0.00026 grad_norm=0.6354
[ 2654.318s] step         step=8700 epoch=2 loss=0.9068 lr=0.000259 grad_norm=0.682
[ 2677.241s] step         step=8800 epoch=2 loss=0.8756 lr=0.000258 grad_norm=0.6569
[ 2697.951s] step         step=8900 epoch=2 loss=0.9198 lr=0.000257 grad_norm=0.6902
[ 2718.766s] step         step=9000 epoch=2 loss=0.9086 lr=0.000256 grad_norm=0.6924
[ 2739.382s] step         step=9100 epoch=2 loss=0.8979 lr=0.000255 grad_norm=0.6683
[ 2760.686s] step         step=9200 epoch=2 loss=0.9055 lr=0.000254 grad_norm=0.6843
[ 2781.998s] step         step=9300 epoch=2 loss=0.9222 lr=0.000253 grad_norm=0.6673
[ 2817.628s] epoch        epoch=2 train_loss=0.9097 val_loss=0.8229 val_ppl=2.277 val_bpc=1.1873 val_top1=0.7404
[ 2817.653s] checkpoint   path=/Users/zohebw/Desktop/DATA 266/data266-lab1/task1_llm/zoheb_waghu/checkpoints/t1_baseline_20260928-151435_best.pt epoch=2 val_loss=0.8229
[ 2824.377s] step         step=9400 epoch=3 loss=0.8722 lr=0.000252 grad_norm=0.6685
[ 2845.523s] step         step=9500 epoch=3 loss=0.8977 lr=0.000251 grad_norm=0.6588
[ 2866.854s] step         step=9600 epoch=3 loss=0.8646 lr=0.00025 grad_norm=0.6413
[ 2887.772s] step         step=9700 epoch=3 loss=0.8801 lr=0.000249 grad_norm=0.6258
[ 2909.470s] step         step=9800 epoch=3 loss=0.8786 lr=0.000247 grad_norm=0.6516
[ 2930.712s] step         step=9900 epoch=3 loss=0.8974 lr=0.000246 grad_norm=0.64
[ 2952.248s] step         step=10000 epoch=3 loss=0.8176 lr=0.000245 grad_norm=0.6259
[ 2973.756s] step         step=10100 epoch=3 loss=0.882 lr=0.000244 grad_norm=0.6517
[ 2995.292s] step         step=10200 epoch=3 loss=0.8324 lr=0.000243 grad_norm=0.6027
[ 3016.445s] step         step=10300 epoch=3 loss=0.8754 lr=0.000242 grad_norm=0.604
[ 3037.830s] step         step=10400 epoch=3 loss=0.8867 lr=0.000241 grad_norm=0.645
[ 3058.869s] step         step=10500 epoch=3 loss=0.857 lr=0.000239 grad_norm=0.6664
[ 3080.692s] step         step=10600 epoch=3 loss=0.8514 lr=0.000238 grad_norm=0.6303
[ 3101.994s] step         step=10700 epoch=3 loss=0.8122 lr=0.000237 grad_norm=0.6183
[ 3123.528s] step         step=10800 epoch=3 loss=0.891 lr=0.000236 grad_norm=0.6539
[ 3145.348s] step         step=10900 epoch=3 loss=0.8427 lr=0.000235 grad_norm=0.6138
[ 3166.289s] step         step=11000 epoch=3 loss=0.776 lr=0.000234 grad_norm=0.5767
[ 3187.694s] step         step=11100 epoch=3 loss=0.8878 lr=0.000232 grad_norm=0.6423
[ 3210.800s] step         step=11200 epoch=3 loss=0.8402 lr=0.000231 grad_norm=0.6215
[ 3237.209s] step         step=11300 epoch=3 loss=0.8683 lr=0.00023 grad_norm=0.6384
[ 3259.136s] step         step=11400 epoch=3 loss=0.827 lr=0.000229 grad_norm=0.6262
[ 3280.094s] step         step=11500 epoch=3 loss=0.8727 lr=0.000227 grad_norm=0.6396
[ 3301.865s] step         step=11600 epoch=3 loss=0.8292 lr=0.000226 grad_norm=0.6435
[ 3323.605s] step         step=11700 epoch=3 loss=0.8726 lr=0.000225 grad_norm=0.674
[ 3344.501s] step         step=11800 epoch=3 loss=0.8387 lr=0.000224 grad_norm=0.6246
[ 3365.662s] step         step=11900 epoch=3 loss=0.8667 lr=0.000222 grad_norm=0.66
[ 3385.286s] step         step=12000 epoch=3 loss=0.8884 lr=0.000221 grad_norm=0.6524
[ 3404.700s] step         step=12100 epoch=3 loss=0.8474 lr=0.00022 grad_norm=0.6144
[ 3424.678s] step         step=12200 epoch=3 loss=0.8232 lr=0.000219 grad_norm=0.6226
[ 3444.118s] step         step=12300 epoch=3 loss=0.8439 lr=0.000217 grad_norm=0.6307
[ 3463.360s] step         step=12400 epoch=3 loss=0.8344 lr=0.000216 grad_norm=0.6604
[ 3503.395s] epoch        epoch=3 train_loss=0.8578 val_loss=0.7847 val_ppl=2.192 val_bpc=1.1321 val_top1=0.7524
[ 3503.421s] checkpoint   path=/Users/zohebw/Desktop/DATA 266/data266-lab1/task1_llm/zoheb_waghu/checkpoints/t1_baseline_20260928-151435_best.pt epoch=3 val_loss=0.7847
[ 3503.802s] step         step=12500 epoch=4 loss=0.8652 lr=0.000215 grad_norm=0.6567
[ 3524.087s] step         step=12600 epoch=4 loss=0.8202 lr=0.000213 grad_norm=0.6157
[ 3543.811s] step         step=12700 epoch=4 loss=0.8138 lr=0.000212 grad_norm=0.613
[ 3564.215s] step         step=12800 epoch=4 loss=0.8191 lr=0.000211 grad_norm=0.6556
[ 3584.155s] step         step=12900 epoch=4 loss=0.8342 lr=0.000209 grad_norm=0.6359
[ 3603.736s] step         step=13000 epoch=4 loss=0.8635 lr=0.000208 grad_norm=0.6559
[ 3623.998s] step         step=13100 epoch=4 loss=0.8357 lr=0.000207 grad_norm=0.6418
[ 3643.163s] step         step=13200 epoch=4 loss=0.8226 lr=0.000205 grad_norm=0.6296
[ 3663.064s] step         step=13300 epoch=4 loss=0.8098 lr=0.000204 grad_norm=0.6252
[ 3682.930s] step         step=13400 epoch=4 loss=0.8027 lr=0.000203 grad_norm=0.6211
[ 3702.925s] step         step=13500 epoch=4 loss=0.7876 lr=0.000201 grad_norm=0.578
[ 3722.993s] step         step=13600 epoch=4 loss=0.8658 lr=0.0002 grad_norm=0.643
[ 3743.537s] step         step=13700 epoch=4 loss=0.8559 lr=0.000199 grad_norm=0.6718
[ 3762.799s] step         step=13800 epoch=4 loss=0.7669 lr=0.000197 grad_norm=0.6099
[ 3782.482s] step         step=13900 epoch=4 loss=0.8354 lr=0.000196 grad_norm=0.6266
[ 3802.287s] step         step=14000 epoch=4 loss=0.8474 lr=0.000195 grad_norm=0.6265
[ 3823.875s] step         step=14100 epoch=4 loss=0.8368 lr=0.000193 grad_norm=0.6523
[ 3845.593s] step         step=14200 epoch=4 loss=0.8434 lr=0.000192 grad_norm=0.6461
[ 3867.897s] step         step=14300 epoch=4 loss=0.8195 lr=0.00019 grad_norm=0.6336
[ 3890.676s] step         step=14400 epoch=4 loss=0.8051 lr=0.000189 grad_norm=0.5983
[ 3911.131s] step         step=14500 epoch=4 loss=0.7947 lr=0.000188 grad_norm=0.6111
[ 3933.091s] step         step=14600 epoch=4 loss=0.7945 lr=0.000186 grad_norm=0.609
[ 3954.607s] step         step=14700 epoch=4 loss=0.7742 lr=0.000185 grad_norm=0.6245
[ 3976.007s] step         step=14800 epoch=4 loss=0.8134 lr=0.000184 grad_norm=0.6274
[ 3998.013s] step         step=14900 epoch=4 loss=0.7942 lr=0.000182 grad_norm=0.6031
[ 4020.098s] step         step=15000 epoch=4 loss=0.8224 lr=0.000181 grad_norm=0.636
[ 4041.665s] step         step=15100 epoch=4 loss=0.7914 lr=0.000179 grad_norm=0.6165
[ 4063.338s] step         step=15200 epoch=4 loss=0.8295 lr=0.000178 grad_norm=0.6469
[ 4084.785s] step         step=15300 epoch=4 loss=0.7908 lr=0.000177 grad_norm=0.6303
[ 4106.690s] step         step=15400 epoch=4 loss=0.8581 lr=0.000175 grad_norm=0.6503
[ 4128.150s] step         step=15500 epoch=4 loss=0.827 lr=0.000174 grad_norm=0.645
[ 4149.807s] step         step=15600 epoch=4 loss=0.7927 lr=0.000172 grad_norm=0.6219
[ 4176.465s] epoch        epoch=4 train_loss=0.8216 val_loss=0.7566 val_ppl=2.131 val_bpc=1.0915 val_top1=0.7613
[ 4176.491s] checkpoint   path=/Users/zohebw/Desktop/DATA 266/data266-lab1/task1_llm/zoheb_waghu/checkpoints/t1_baseline_20260928-151435_best.pt epoch=4 val_loss=0.7566
[ 4193.406s] step         step=15700 epoch=5 loss=0.8414 lr=0.000171 grad_norm=0.645
[ 4212.879s] step         step=15800 epoch=5 loss=0.8298 lr=0.00017 grad_norm=0.6385
[ 4231.953s] step         step=15900 epoch=5 loss=0.7534 lr=0.000168 grad_norm=0.5811
[ 4250.102s] step         step=16000 epoch=5 loss=0.8138 lr=0.000167 grad_norm=0.6053
[ 4268.143s] step         step=16100 epoch=5 loss=0.8145 lr=0.000165 grad_norm=0.6403
[ 4286.222s] step         step=16200 epoch=5 loss=0.8495 lr=0.000164 grad_norm=0.6599
[ 4303.638s] step         step=16300 epoch=5 loss=0.7876 lr=0.000163 grad_norm=0.6065
[ 4321.847s] step         step=16400 epoch=5 loss=0.7684 lr=0.000161 grad_norm=0.601
[ 4339.142s] step         step=16500 epoch=5 loss=0.8141 lr=0.00016 grad_norm=0.6289
[ 4356.319s] step         step=16600 epoch=5 loss=0.7963 lr=0.000158 grad_norm=0.6525
[ 4373.227s] step         step=16700 epoch=5 loss=0.7973 lr=0.000157 grad_norm=0.6501
[ 4390.302s] step         step=16800 epoch=5 loss=0.7553 lr=0.000156 grad_norm=0.5839
[ 4407.487s] step         step=16900 epoch=5 loss=0.7978 lr=0.000154 grad_norm=0.6333
[ 4424.355s] step         step=17000 epoch=5 loss=0.8388 lr=0.000153 grad_norm=0.668
[ 4441.105s] step         step=17100 epoch=5 loss=0.7703 lr=0.000151 grad_norm=0.6213
[ 4457.750s] step         step=17200 epoch=5 loss=0.7817 lr=0.00015 grad_norm=0.6405
[ 4475.145s] step         step=17300 epoch=5 loss=0.8228 lr=0.000149 grad_norm=0.6618
[ 4491.857s] step         step=17400 epoch=5 loss=0.7892 lr=0.000147 grad_norm=0.6429
[ 4508.645s] step         step=17500 epoch=5 loss=0.8108 lr=0.000146 grad_norm=0.6629
[ 4525.545s] step         step=17600 epoch=5 loss=0.7821 lr=0.000144 grad_norm=0.6451
[ 4542.637s] step         step=17700 epoch=5 loss=0.8356 lr=0.000143 grad_norm=0.6722
[ 4559.492s] step         step=17800 epoch=5 loss=0.7927 lr=0.000142 grad_norm=0.6165
[ 4576.538s] step         step=17900 epoch=5 loss=0.7806 lr=0.00014 grad_norm=0.6379
[ 4593.830s] step         step=18000 epoch=5 loss=0.8128 lr=0.000139 grad_norm=0.6442
[ 4610.581s] step         step=18100 epoch=5 loss=0.7886 lr=0.000138 grad_norm=0.6248
[ 4627.666s] step         step=18200 epoch=5 loss=0.8107 lr=0.000136 grad_norm=0.6535
[ 4644.192s] step         step=18300 epoch=5 loss=0.7885 lr=0.000135 grad_norm=0.6352
[ 4661.018s] step         step=18400 epoch=5 loss=0.8566 lr=0.000133 grad_norm=0.6827
[ 4677.577s] step         step=18500 epoch=5 loss=0.7609 lr=0.000132 grad_norm=0.6372
[ 4695.451s] step         step=18600 epoch=5 loss=0.8093 lr=0.000131 grad_norm=0.6474
[ 4713.189s] step         step=18700 epoch=5 loss=0.8057 lr=0.000129 grad_norm=0.6491
[ 4739.020s] epoch        epoch=5 train_loss=0.7953 val_loss=0.7368 val_ppl=2.089 val_bpc=1.063 val_top1=0.767
[ 4739.046s] checkpoint   path=/Users/zohebw/Desktop/DATA 266/data266-lab1/task1_llm/zoheb_waghu/checkpoints/t1_baseline_20260928-151435_best.pt epoch=5 val_loss=0.7368
[ 4748.095s] step         step=18800 epoch=6 loss=0.7717 lr=0.000128 grad_norm=0.6279
[ 4765.935s] step         step=18900 epoch=6 loss=0.7537 lr=0.000127 grad_norm=0.6299
[ 4782.791s] step         step=19000 epoch=6 loss=0.7596 lr=0.000125 grad_norm=0.6391
[ 4799.406s] step         step=19100 epoch=6 loss=0.7647 lr=0.000124 grad_norm=0.6373
[ 4817.335s] step         step=19200 epoch=6 loss=0.8105 lr=0.000123 grad_norm=0.6435
[ 4833.698s] step         step=19300 epoch=6 loss=0.7847 lr=0.000121 grad_norm=0.6554
[ 4850.005s] step         step=19400 epoch=6 loss=0.8131 lr=0.00012 grad_norm=0.6645
[ 4865.863s] step         step=19500 epoch=6 loss=0.8083 lr=0.000119 grad_norm=0.6549
[ 4881.927s] step         step=19600 epoch=6 loss=0.7603 lr=0.000117 grad_norm=0.6443
[ 4897.890s] step         step=19700 epoch=6 loss=0.7726 lr=0.000116 grad_norm=0.625
[ 4913.907s] step         step=19800 epoch=6 loss=0.7574 lr=0.000115 grad_norm=0.6275
[ 4930.001s] step         step=19900 epoch=6 loss=0.7639 lr=0.000113 grad_norm=0.6623
[ 4946.222s] step         step=20000 epoch=6 loss=0.7698 lr=0.000112 grad_norm=0.6711
[ 4962.263s] step         step=20100 epoch=6 loss=0.7691 lr=0.000111 grad_norm=0.6391
[ 4978.113s] step         step=20200 epoch=6 loss=0.8012 lr=0.00011 grad_norm=0.6784
[ 4994.085s] step         step=20300 epoch=6 loss=0.7856 lr=0.000108 grad_norm=0.6322
[ 5010.265s] step         step=20400 epoch=6 loss=0.7765 lr=0.000107 grad_norm=0.6557
[ 5026.833s] step         step=20500 epoch=6 loss=0.7631 lr=0.000106 grad_norm=0.6333
[ 5042.820s] step         step=20600 epoch=6 loss=0.7737 lr=0.000104 grad_norm=0.6425
[ 5059.187s] step         step=20700 epoch=6 loss=0.7168 lr=0.000103 grad_norm=0.6151
[ 5075.300s] step         step=20800 epoch=6 loss=0.8013 lr=0.000102 grad_norm=0.6418
[ 5091.400s] step         step=20900 epoch=6 loss=0.7773 lr=0.000101 grad_norm=0.6744
[ 5107.530s] step         step=21000 epoch=6 loss=0.7715 lr=0.0001 grad_norm=0.6533
[ 5124.072s] step         step=21100 epoch=6 loss=0.7535 lr=9.8e-05 grad_norm=0.6458
[ 5140.154s] step         step=21200 epoch=6 loss=0.8028 lr=9.7e-05 grad_norm=0.6799
[ 5156.855s] step         step=21300 epoch=6 loss=0.7306 lr=9.6e-05 grad_norm=0.6247
[ 5172.916s] step         step=21400 epoch=6 loss=0.7757 lr=9.5e-05 grad_norm=0.6325
[ 5189.230s] step         step=21500 epoch=6 loss=0.7951 lr=9.3e-05 grad_norm=0.6769
[ 5205.338s] step         step=21600 epoch=6 loss=0.7432 lr=9.2e-05 grad_norm=0.6457
[ 5221.872s] step         step=21700 epoch=6 loss=0.8229 lr=9.1e-05 grad_norm=0.6966
[ 5238.077s] step         step=21800 epoch=6 loss=0.7749 lr=9e-05 grad_norm=0.6601
[ 5266.270s] epoch        epoch=6 train_loss=0.778 val_loss=0.7248 val_ppl=2.064 val_bpc=1.0456 val_top1=0.7706
[ 5266.296s] checkpoint   path=/Users/zohebw/Desktop/DATA 266/data266-lab1/task1_llm/zoheb_waghu/checkpoints/t1_baseline_20260928-151435_best.pt epoch=6 val_loss=0.7248
[ 5270.655s] step         step=21900 epoch=7 loss=0.7659 lr=8.9e-05 grad_norm=0.6336
[ 5287.120s] step         step=22000 epoch=7 loss=0.7824 lr=8.8e-05 grad_norm=0.6445
[ 5303.701s] step         step=22100 epoch=7 loss=0.7775 lr=8.7e-05 grad_norm=0.6834
[ 5320.283s] step         step=22200 epoch=7 loss=0.7145 lr=8.5e-05 grad_norm=0.6374
[ 5336.341s] step         step=22300 epoch=7 loss=0.7547 lr=8.4e-05 grad_norm=0.6652
[ 5352.753s] step         step=22400 epoch=7 loss=0.7451 lr=8.3e-05 grad_norm=0.6578
[ 5369.217s] step         step=22500 epoch=7 loss=0.7374 lr=8.2e-05 grad_norm=0.6418
[ 5385.686s] step         step=22600 epoch=7 loss=0.7191 lr=8.1e-05 grad_norm=0.6596
[ 5401.886s] step         step=22700 epoch=7 loss=0.7297 lr=8e-05 grad_norm=0.6393
[ 5418.192s] step         step=22800 epoch=7 loss=0.7733 lr=7.9e-05 grad_norm=0.6901
[ 5434.599s] step         step=22900 epoch=7 loss=0.7387 lr=7.8e-05 grad_norm=0.6485
[ 5450.920s] step         step=23000 epoch=7 loss=0.7616 lr=7.7e-05 grad_norm=0.6746
[ 5467.619s] step         step=23100 epoch=7 loss=0.7666 lr=7.6e-05 grad_norm=0.6949
[ 5484.255s] step         step=23200 epoch=7 loss=0.7629 lr=7.4e-05 grad_norm=0.6519
[ 5500.789s] step         step=23300 epoch=7 loss=0.7926 lr=7.3e-05 grad_norm=0.6657
[ 5517.474s] step         step=23400 epoch=7 loss=0.7191 lr=7.2e-05 grad_norm=0.6472
[ 5533.859s] step         step=23500 epoch=7 loss=0.7893 lr=7.1e-05 grad_norm=0.6735
[ 5550.678s] step         step=23600 epoch=7 loss=0.7546 lr=7e-05 grad_norm=0.6665
[ 5566.991s] step         step=23700 epoch=7 loss=0.7695 lr=6.9e-05 grad_norm=0.6613
[ 5583.432s] step         step=23800 epoch=7 loss=0.7441 lr=6.8e-05 grad_norm=0.658
[ 5600.254s] step         step=23900 epoch=7 loss=0.7684 lr=6.7e-05 grad_norm=0.6898
[ 5616.984s] step         step=24000 epoch=7 loss=0.7588 lr=6.6e-05 grad_norm=0.6737
[ 5633.532s] step         step=24100 epoch=7 loss=0.7693 lr=6.6e-05 grad_norm=0.7083
[ 5649.777s] step         step=24200 epoch=7 loss=0.7532 lr=6.5e-05 grad_norm=0.6756
[ 5666.877s] step         step=24300 epoch=7 loss=0.7169 lr=6.4e-05 grad_norm=0.6279
[ 5683.410s] step         step=24400 epoch=7 loss=0.7579 lr=6.3e-05 grad_norm=0.6462
[ 5699.957s] step         step=24500 epoch=7 loss=0.7416 lr=6.2e-05 grad_norm=0.6707
[ 5716.608s] step         step=24600 epoch=7 loss=0.7508 lr=6.1e-05 grad_norm=0.68
[ 5733.365s] step         step=24700 epoch=7 loss=0.75 lr=6e-05 grad_norm=0.7053
[ 5749.967s] step         step=24800 epoch=7 loss=0.8026 lr=5.9e-05 grad_norm=0.7167
[ 5766.708s] step         step=24900 epoch=7 loss=0.7496 lr=5.8e-05 grad_norm=0.6917
[ 5799.937s] epoch        epoch=7 train_loss=0.7649 val_loss=0.7146 val_ppl=2.043 val_bpc=1.031 val_top1=0.7738
[ 5799.961s] checkpoint   path=/Users/zohebw/Desktop/DATA 266/data266-lab1/task1_llm/zoheb_waghu/checkpoints/t1_baseline_20260928-151435_best.pt epoch=7 val_loss=0.7146
[ 5800.138s] step         step=25000 epoch=8 loss=0.7751 lr=5.7e-05 grad_norm=0.7007
[ 5816.817s] step         step=25100 epoch=8 loss=0.7237 lr=5.7e-05 grad_norm=0.6488
[ 5833.615s] step         step=25200 epoch=8 loss=0.7535 lr=5.6e-05 grad_norm=0.6976
[ 5850.902s] step         step=25300 epoch=8 loss=0.7505 lr=5.5e-05 grad_norm=0.698
[ 5867.740s] step         step=25400 epoch=8 loss=0.7606 lr=5.4e-05 grad_norm=0.6914
[ 5884.367s] step         step=25500 epoch=8 loss=0.7838 lr=5.3e-05 grad_norm=0.6988
[ 5901.195s] step         step=25600 epoch=8 loss=0.7659 lr=5.3e-05 grad_norm=0.6846
[ 5917.994s] step         step=25700 epoch=8 loss=0.7657 lr=5.2e-05 grad_norm=0.6883
[ 5934.552s] step         step=25800 epoch=8 loss=0.7782 lr=5.1e-05 grad_norm=0.6979
[ 5951.198s] step         step=25900 epoch=8 loss=0.7793 lr=5e-05 grad_norm=0.6947
[ 5968.051s] step         step=26000 epoch=8 loss=0.7693 lr=5e-05 grad_norm=0.7011
[ 5984.413s] step         step=26100 epoch=8 loss=0.694 lr=4.9e-05 grad_norm=0.6805
[ 6000.986s] step         step=26200 epoch=8 loss=0.7604 lr=4.8e-05 grad_norm=0.6857
[ 6017.433s] step         step=26300 epoch=8 loss=0.7359 lr=4.7e-05 grad_norm=0.7122
[ 6034.137s] step         step=26400 epoch=8 loss=0.751 lr=4.7e-05 grad_norm=0.6798
[ 6050.714s] step         step=26500 epoch=8 loss=0.7647 lr=4.6e-05 grad_norm=0.7301
[ 6067.585s] step         step=26600 epoch=8 loss=0.774 lr=4.5e-05 grad_norm=0.7158
[ 6084.083s] step         step=26700 epoch=8 loss=0.718 lr=4.5e-05 grad_norm=0.6653
[ 6100.787s] step         step=26800 epoch=8 loss=0.7536 lr=4.4e-05 grad_norm=0.7128
[ 6117.454s] step         step=26900 epoch=8 loss=0.7513 lr=4.4e-05 grad_norm=0.685
[ 6134.135s] step         step=27000 epoch=8 loss=0.7732 lr=4.3e-05 grad_norm=0.7198
[ 6150.963s] step         step=27100 epoch=8 loss=0.7368 lr=4.2e-05 grad_norm=0.7029
[ 6167.633s] step         step=27200 epoch=8 loss=0.7656 lr=4.2e-05 grad_norm=0.7029
[ 6184.325s] step         step=27300 epoch=8 loss=0.7737 lr=4.1e-05 grad_norm=0.7185
[ 6200.921s] step         step=27400 epoch=8 loss=0.745 lr=4.1e-05 grad_norm=0.7058
[ 6217.408s] step         step=27500 epoch=8 loss=0.7287 lr=4e-05 grad_norm=0.6837
[ 6233.716s] step         step=27600 epoch=8 loss=0.7383 lr=4e-05 grad_norm=0.7414
[ 6250.232s] step         step=27700 epoch=8 loss=0.755 lr=3.9e-05 grad_norm=0.7262
[ 6267.020s] step         step=27800 epoch=8 loss=0.7795 lr=3.9e-05 grad_norm=0.7414
[ 6283.815s] step         step=27900 epoch=8 loss=0.74 lr=3.8e-05 grad_norm=0.7142
[ 6300.414s] step         step=28000 epoch=8 loss=0.7278 lr=3.8e-05 grad_norm=0.7126
[ 6317.075s] step         step=28100 epoch=8 loss=0.7269 lr=3.7e-05 grad_norm=0.6955
[ 6337.591s] epoch        epoch=8 train_loss=0.7548 val_loss=0.707 val_ppl=2.028 val_bpc=1.02 val_top1=0.7762
[ 6337.615s] checkpoint   path=/Users/zohebw/Desktop/DATA 266/data266-lab1/task1_llm/zoheb_waghu/checkpoints/t1_baseline_20260928-151435_best.pt epoch=8 val_loss=0.707
[ 6351.822s] step         step=28200 epoch=9 loss=0.7321 lr=3.7e-05 grad_norm=0.7031
[ 6368.517s] step         step=28300 epoch=9 loss=0.7347 lr=3.6e-05 grad_norm=0.7251
[ 6385.565s] step         step=28400 epoch=9 loss=0.728 lr=3.6e-05 grad_norm=0.7306
[ 6402.012s] step         step=28500 epoch=9 loss=0.738 lr=3.5e-05 grad_norm=0.7025
[ 6418.465s] step         step=28600 epoch=9 loss=0.7619 lr=3.5e-05 grad_norm=0.7257
[ 6435.452s] step         step=28700 epoch=9 loss=0.7394 lr=3.5e-05 grad_norm=0.7117
[ 6452.290s] step         step=28800 epoch=9 loss=0.7484 lr=3.4e-05 grad_norm=0.6962
[ 6468.896s] step         step=28900 epoch=9 loss=0.7275 lr=3.4e-05 grad_norm=0.6954
[ 6485.654s] step         step=29000 epoch=9 loss=0.7531 lr=3.4e-05 grad_norm=0.6966
[ 6502.977s] step         step=29100 epoch=9 loss=0.7346 lr=3.3e-05 grad_norm=0.6782
[ 6519.835s] step         step=29200 epoch=9 loss=0.7549 lr=3.3e-05 grad_norm=0.7357
[ 6536.663s] step         step=29300 epoch=9 loss=0.7054 lr=3.3e-05 grad_norm=0.6873
[ 6553.175s] step         step=29400 epoch=9 loss=0.7524 lr=3.2e-05 grad_norm=0.7077
[ 6571.570s] step         step=29500 epoch=9 loss=0.7672 lr=3.2e-05 grad_norm=0.7508
[ 6588.574s] step         step=29600 epoch=9 loss=0.7499 lr=3.2e-05 grad_norm=0.72
[ 6605.105s] step         step=29700 epoch=9 loss=0.7243 lr=3.2e-05 grad_norm=0.7197
[ 6622.129s] step         step=29800 epoch=9 loss=0.7246 lr=3.2e-05 grad_norm=0.7309
[ 6638.939s] step         step=29900 epoch=9 loss=0.774 lr=3.1e-05 grad_norm=0.7463
[ 6655.991s] step         step=30000 epoch=9 loss=0.7454 lr=3.1e-05 grad_norm=0.7169
[ 6672.837s] step         step=30100 epoch=9 loss=0.7724 lr=3.1e-05 grad_norm=0.758
[ 6689.856s] step         step=30200 epoch=9 loss=0.776 lr=3.1e-05 grad_norm=0.7544
[ 6706.392s] step         step=30300 epoch=9 loss=0.7483 lr=3.1e-05 grad_norm=0.7315
[ 6723.123s] step         step=30400 epoch=9 loss=0.7319 lr=3.1e-05 grad_norm=0.7321
[ 6740.191s] step         step=30500 epoch=9 loss=0.7205 lr=3e-05 grad_norm=0.717
[ 6756.938s] step         step=30600 epoch=9 loss=0.7402 lr=3e-05 grad_norm=0.7081
[ 6773.874s] step         step=30700 epoch=9 loss=0.7799 lr=3e-05 grad_norm=0.7482
[ 6790.509s] step         step=30800 epoch=9 loss=0.7708 lr=3e-05 grad_norm=0.7672
[ 6808.101s] step         step=30900 epoch=9 loss=0.7817 lr=3e-05 grad_norm=0.7637
[ 6824.827s] step         step=31000 epoch=9 loss=0.7468 lr=3e-05 grad_norm=0.7273
[ 6841.644s] step         step=31100 epoch=9 loss=0.7167 lr=3e-05 grad_norm=0.7288
[ 6859.764s] step         step=31200 epoch=9 loss=0.7326 lr=3e-05 grad_norm=0.7266
[ 6885.027s] epoch        epoch=9 train_loss=0.7497 val_loss=0.7029 val_ppl=2.02 val_bpc=1.014 val_top1=0.7772
[ 6885.053s] checkpoint   path=/Users/zohebw/Desktop/DATA 266/data266-lab1/task1_llm/zoheb_waghu/checkpoints/t1_baseline_20260928-151435_best.pt epoch=9 val_loss=0.7029
[ 7103.604s] generation   n_samples=9 gen_tokens_per_sec=114.76 distinct_1=0.0125 distinct_2=0.0957 distinct_3=0.264 repeated_4gram_rate=0.5823
[ 7103.660s] metrics      run_id=t1_baseline_20260928-151435 model_name=t1_baseline config_path=task1_llm/zoheb_waghu/configs/gpt_baseline.yaml checkpoint_id=t1_baseline_20260928-151435_best.pt train_loss=0.69909 val_loss=0.70286 perplexity=2.0195 bits_per_char=1.01401 generalization_gap=0.00377 top1_next_char_acc=0.77719 distinct_1=0.01253 distinct_2=0.09571 distinct_3=0.264 repeated_4gram_rate=0.58229 grad_norm_mean=0.74907 grad_norm_max=9.7431 loss_spikes=0 nan_count=0 param_count=3274752 train_tokens_per_sec=37193.47 gen_tokens_per_sec=114.76 peak_memory_gb=2.303 total_train_seconds=6882.93 device=mps hardware=arm
[ 7103.660s] run_end      status=ok wall_seconds=7103.66 wall=7103.65
