[    0.000s] run_start    run_id=t1_baseline_20260929-213500 utc=2026-09-30T04:35:00.100942+00:00 git_commit=unknown python=3.12.10 argv=task1_llm/zoheb_waghu/src/train.py --config task1_llm/zoheb_waghu/configs/gpt_baseline.yaml hardware={'device': 'cuda', 'torch': '2.5.1+cu124', 'platform': 'Windows-11-10.0.26200-SP0', 'processor': 'AMD64 Family 25 Model 97 Stepping 2, AuthenticAMD', 'gpu_name': 'NVIDIA GeForce RTX 4090', 'gpu_mem_gb': '25.8'}
[    1.956s] data         train_sequences=100000 val_sequences=10000 stride=256 member_offset_chars=34000000 train_chars=25600001 val_chars=2559763 vocab_size=97 val_oov_chars=0
[    1.956s] schedule     steps_per_epoch=3125 total_steps=31250 tokens_per_epoch=25600000 train_sequences=100000 corpus_passes_per_epoch=1.0
[    2.084s] model        param_count=3274752 vocab_size=97
[    2.266s] causal_mask_probe probe_position=128 max_logit_delta_before_j=0.0 min_logit_delta_from_j=0.8473437428474426 passed=True
[    3.492s] step         step=0 epoch=0 loss=4.6378 lr=0.0 grad_norm=9.722
[    4.674s] step         step=100 epoch=0 loss=2.9749 lr=3e-05 grad_norm=1.5033
[    5.843s] step         step=200 epoch=0 loss=2.534 lr=6e-05 grad_norm=0.8273
[    7.018s] step         step=300 epoch=0 loss=2.3828 lr=9e-05 grad_norm=0.6848
[    8.182s] step         step=400 epoch=0 loss=2.3107 lr=0.00012 grad_norm=0.6161
[    9.358s] step         step=500 epoch=0 loss=2.2754 lr=0.00015 grad_norm=0.7523
[   10.525s] step         step=600 epoch=0 loss=2.2164 lr=0.00018 grad_norm=1.2003
[   11.687s] step         step=700 epoch=0 loss=2.1644 lr=0.00021 grad_norm=1.3583
[   12.854s] step         step=800 epoch=0 loss=1.9648 lr=0.00024 grad_norm=1.3725
[   14.036s] step         step=900 epoch=0 loss=1.87 lr=0.00027 grad_norm=1.5145
[   15.223s] step         step=1000 epoch=0 loss=1.7384 lr=0.0003 grad_norm=1.5837
[   16.412s] step         step=1100 epoch=0 loss=1.651 lr=0.0003 grad_norm=1.3709
[   17.588s] step         step=1200 epoch=0 loss=1.5624 lr=0.0003 grad_norm=1.4305
[   18.768s] step         step=1300 epoch=0 loss=1.5505 lr=0.0003 grad_norm=1.5737
[   19.944s] step         step=1400 epoch=0 loss=1.4719 lr=0.0003 grad_norm=1.3273
[   21.148s] step         step=1500 epoch=0 loss=1.4539 lr=0.0003 grad_norm=1.3493
[   22.331s] step         step=1600 epoch=0 loss=1.3678 lr=0.0003 grad_norm=1.4952
[   23.538s] step         step=1700 epoch=0 loss=1.3737 lr=0.0003 grad_norm=1.321
[   24.757s] step         step=1800 epoch=0 loss=1.291 lr=0.0003 grad_norm=1.2615
[   25.986s] step         step=1900 epoch=0 loss=1.2611 lr=0.000299 grad_norm=1.1769
[   27.212s] step         step=2000 epoch=0 loss=1.2861 lr=0.000299 grad_norm=1.3122
[   28.398s] step         step=2100 epoch=0 loss=1.2667 lr=0.000299 grad_norm=1.2799
[   29.640s] step         step=2200 epoch=0 loss=1.2063 lr=0.000299 grad_norm=1.1412
[   30.835s] step         step=2300 epoch=0 loss=1.2248 lr=0.000299 grad_norm=1.155
[   32.017s] step         step=2400 epoch=0 loss=1.1999 lr=0.000299 grad_norm=1.0346
[   33.186s] step         step=2500 epoch=0 loss=1.1891 lr=0.000298 grad_norm=1.0445
[   34.394s] step         step=2600 epoch=0 loss=1.1105 lr=0.000298 grad_norm=1.125
[   35.564s] step         step=2700 epoch=0 loss=1.1731 lr=0.000298 grad_norm=1.0697
[   36.730s] step         step=2800 epoch=0 loss=1.1464 lr=0.000298 grad_norm=0.9963
[   37.915s] step         step=2900 epoch=0 loss=1.1363 lr=0.000297 grad_norm=1.0186
[   39.100s] step         step=3000 epoch=0 loss=1.0897 lr=0.000297 grad_norm=0.9448
[   40.268s] step         step=3100 epoch=0 loss=1.0788 lr=0.000297 grad_norm=0.9217
[   41.842s] epoch        epoch=0 train_loss=1.6377 val_loss=1.019 val_ppl=2.77 val_bpc=1.4701 val_top1=0.6803
[   41.850s] checkpoint   path=C:\Users\018302973\Desktop\data266-lab1\task1_llm\zoheb_waghu\checkpoints\t1_baseline_20260929-213500_best.pt epoch=0 val_loss=1.019
[   42.759s] step         step=3200 epoch=1 loss=1.1248 lr=0.000296 grad_norm=0.9434
[   43.942s] step         step=3300 epoch=1 loss=1.1108 lr=0.000296 grad_norm=1.0109
[   45.114s] step         step=3400 epoch=1 loss=1.0745 lr=0.000296 grad_norm=0.9261
[   46.296s] step         step=3500 epoch=1 loss=1.0976 lr=0.000295 grad_norm=0.9526
[   47.486s] step         step=3600 epoch=1 loss=1.0595 lr=0.000295 grad_norm=0.9755
[   48.666s] step         step=3700 epoch=1 loss=1.0916 lr=0.000295 grad_norm=0.9513
[   49.842s] step         step=3800 epoch=1 loss=1.0484 lr=0.000294 grad_norm=0.8917
[   51.035s] step         step=3900 epoch=1 loss=1.0293 lr=0.000294 grad_norm=0.9342
[   52.218s] step         step=4000 epoch=1 loss=0.9959 lr=0.000294 grad_norm=0.8321
[   53.392s] step         step=4100 epoch=1 loss=1.0065 lr=0.000293 grad_norm=0.8832
[   54.597s] step         step=4200 epoch=1 loss=1.0499 lr=0.000293 grad_norm=0.9206
[   55.784s] step         step=4300 epoch=1 loss=1.05 lr=0.000292 grad_norm=0.8619
[   56.983s] step         step=4400 epoch=1 loss=1.0066 lr=0.000292 grad_norm=0.8555
[   58.176s] step         step=4500 epoch=1 loss=0.979 lr=0.000291 grad_norm=0.761
[   59.384s] step         step=4600 epoch=1 loss=0.9942 lr=0.000291 grad_norm=0.8272
[   60.630s] step         step=4700 epoch=1 loss=1.041 lr=0.00029 grad_norm=0.8386
[   61.875s] step         step=4800 epoch=1 loss=0.9724 lr=0.00029 grad_norm=0.9462
[   63.077s] step         step=4900 epoch=1 loss=0.9881 lr=0.000289 grad_norm=0.7537
[   64.313s] step         step=5000 epoch=1 loss=1.0099 lr=0.000289 grad_norm=0.8537
[   65.511s] step         step=5100 epoch=1 loss=1.0221 lr=0.000288 grad_norm=0.8122
[   66.714s] step         step=5200 epoch=1 loss=0.9749 lr=0.000287 grad_norm=0.8246
[   67.962s] step         step=5300 epoch=1 loss=0.9417 lr=0.000287 grad_norm=0.737
[   69.209s] step         step=5400 epoch=1 loss=1.0042 lr=0.000286 grad_norm=0.7787
[   70.443s] step         step=5500 epoch=1 loss=0.9089 lr=0.000286 grad_norm=0.7392
[   71.665s] step         step=5600 epoch=1 loss=1.0052 lr=0.000285 grad_norm=0.7491
[   72.906s] step         step=5700 epoch=1 loss=0.9627 lr=0.000284 grad_norm=0.8022
[   74.123s] step         step=5800 epoch=1 loss=0.9731 lr=0.000284 grad_norm=0.727
[   75.329s] step         step=5900 epoch=1 loss=0.9966 lr=0.000283 grad_norm=0.7737
[   76.529s] step         step=6000 epoch=1 loss=0.9393 lr=0.000282 grad_norm=0.7328
[   77.736s] step         step=6100 epoch=1 loss=0.9475 lr=0.000282 grad_norm=0.7205
[   78.938s] step         step=6200 epoch=1 loss=0.9576 lr=0.000281 grad_norm=0.7305
[   80.806s] epoch        epoch=1 train_loss=1.0089 val_loss=0.8782 val_ppl=2.406 val_bpc=1.2669 val_top1=0.7235
[   80.822s] checkpoint   path=C:\Users\018302973\Desktop\data266-lab1\task1_llm\zoheb_waghu\checkpoints\t1_baseline_20260929-213500_best.pt epoch=1 val_loss=0.8782
[   81.422s] step         step=6300 epoch=2 loss=0.9333 lr=0.00028 grad_norm=0.7019
[   82.613s] step         step=6400 epoch=2 loss=1.0054 lr=0.000279 grad_norm=0.7615
[   83.792s] step         step=6500 epoch=2 loss=0.9098 lr=0.000279 grad_norm=0.6848
[   84.976s] step         step=6600 epoch=2 loss=0.9491 lr=0.000278 grad_norm=0.7331
[   86.157s] step         step=6700 epoch=2 loss=0.914 lr=0.000277 grad_norm=0.6765
[   87.337s] step         step=6800 epoch=2 loss=0.9238 lr=0.000276 grad_norm=0.7147
[   88.513s] step         step=6900 epoch=2 loss=0.9355 lr=0.000275 grad_norm=0.7107
[   89.695s] step         step=7000 epoch=2 loss=0.8902 lr=0.000275 grad_norm=0.722
[   90.878s] step         step=7100 epoch=2 loss=0.9193 lr=0.000274 grad_norm=0.7331
[   92.068s] step         step=7200 epoch=2 loss=0.8985 lr=0.000273 grad_norm=0.685
[   93.247s] step         step=7300 epoch=2 loss=0.8564 lr=0.000272 grad_norm=0.6503
[   94.431s] step         step=7400 epoch=2 loss=0.9175 lr=0.000271 grad_norm=0.7039
[   95.613s] step         step=7500 epoch=2 loss=0.9146 lr=0.00027 grad_norm=0.6786
[   96.804s] step         step=7600 epoch=2 loss=0.9334 lr=0.00027 grad_norm=0.7067
[   97.966s] step         step=7700 epoch=2 loss=0.8882 lr=0.000269 grad_norm=0.6742
[   99.175s] step         step=7800 epoch=2 loss=0.9243 lr=0.000268 grad_norm=0.6869
[  100.363s] step         step=7900 epoch=2 loss=0.8931 lr=0.000267 grad_norm=0.678
[  101.553s] step         step=8000 epoch=2 loss=0.9452 lr=0.000266 grad_norm=0.7002
[  102.743s] step         step=8100 epoch=2 loss=0.8963 lr=0.000265 grad_norm=0.6753
[  103.939s] step         step=8200 epoch=2 loss=0.8791 lr=0.000264 grad_norm=0.6661
[  105.121s] step         step=8300 epoch=2 loss=0.8992 lr=0.000263 grad_norm=0.6741
[  106.301s] step         step=8400 epoch=2 loss=0.8756 lr=0.000262 grad_norm=0.6703
[  107.486s] step         step=8500 epoch=2 loss=0.8901 lr=0.000261 grad_norm=0.6766
[  108.671s] step         step=8600 epoch=2 loss=0.836 lr=0.00026 grad_norm=0.6478
[  109.863s] step         step=8700 epoch=2 loss=0.8855 lr=0.000259 grad_norm=0.7058
[  111.038s] step         step=8800 epoch=2 loss=0.8633 lr=0.000258 grad_norm=0.6367
[  112.222s] step         step=8900 epoch=2 loss=0.9096 lr=0.000257 grad_norm=0.7042
[  113.412s] step         step=9000 epoch=2 loss=0.8844 lr=0.000256 grad_norm=0.6845
[  114.643s] step         step=9100 epoch=2 loss=0.8977 lr=0.000255 grad_norm=0.6584
[  115.876s] step         step=9200 epoch=2 loss=0.9056 lr=0.000254 grad_norm=0.6827
[  117.115s] step         step=9300 epoch=2 loss=0.9131 lr=0.000253 grad_norm=0.6605
[  119.269s] epoch        epoch=2 train_loss=0.904 val_loss=0.8119 val_ppl=2.252 val_bpc=1.1713 val_top1=0.7443
[  119.286s] checkpoint   path=C:\Users\018302973\Desktop\data266-lab1\task1_llm\zoheb_waghu\checkpoints\t1_baseline_20260929-213500_best.pt epoch=2 val_loss=0.8119
[  119.594s] step         step=9400 epoch=3 loss=0.8611 lr=0.000252 grad_norm=0.6617
[  120.771s] step         step=9500 epoch=3 loss=0.8814 lr=0.000251 grad_norm=0.6645
[  121.939s] step         step=9600 epoch=3 loss=0.8524 lr=0.00025 grad_norm=0.6266
[  123.124s] step         step=9700 epoch=3 loss=0.8705 lr=0.000249 grad_norm=0.6551
[  124.314s] step         step=9800 epoch=3 loss=0.8602 lr=0.000247 grad_norm=0.6569
[  125.493s] step         step=9900 epoch=3 loss=0.8923 lr=0.000246 grad_norm=0.6823
[  126.682s] step         step=10000 epoch=3 loss=0.8138 lr=0.000245 grad_norm=0.6155
[  127.868s] step         step=10100 epoch=3 loss=0.8692 lr=0.000244 grad_norm=0.6414
[  129.057s] step         step=10200 epoch=3 loss=0.8302 lr=0.000243 grad_norm=0.6137
[  130.237s] step         step=10300 epoch=3 loss=0.858 lr=0.000242 grad_norm=0.6197
[  131.406s] step         step=10400 epoch=3 loss=0.8886 lr=0.000241 grad_norm=0.6678
[  132.601s] step         step=10500 epoch=3 loss=0.8545 lr=0.000239 grad_norm=0.6634
[  133.785s] step         step=10600 epoch=3 loss=0.8456 lr=0.000238 grad_norm=0.6314
[  134.965s] step         step=10700 epoch=3 loss=0.816 lr=0.000237 grad_norm=0.624
[  136.140s] step         step=10800 epoch=3 loss=0.8773 lr=0.000236 grad_norm=0.6717
[  137.323s] step         step=10900 epoch=3 loss=0.829 lr=0.000235 grad_norm=0.6328
[  138.503s] step         step=11000 epoch=3 loss=0.771 lr=0.000234 grad_norm=0.5771
[  139.716s] step         step=11100 epoch=3 loss=0.8732 lr=0.000232 grad_norm=0.6435
[  140.891s] step         step=11200 epoch=3 loss=0.826 lr=0.000231 grad_norm=0.5991
[  142.092s] step         step=11300 epoch=3 loss=0.8557 lr=0.00023 grad_norm=0.6385
[  143.294s] step         step=11400 epoch=3 loss=0.8219 lr=0.000229 grad_norm=0.6143
[  144.494s] step         step=11500 epoch=3 loss=0.8557 lr=0.000227 grad_norm=0.6269
[  145.675s] step         step=11600 epoch=3 loss=0.8196 lr=0.000226 grad_norm=0.6362
[  146.862s] step         step=11700 epoch=3 loss=0.8537 lr=0.000225 grad_norm=0.6554
[  148.056s] step         step=11800 epoch=3 loss=0.8196 lr=0.000224 grad_norm=0.6164
[  149.250s] step         step=11900 epoch=3 loss=0.8597 lr=0.000222 grad_norm=0.6562
[  150.439s] step         step=12000 epoch=3 loss=0.8696 lr=0.000221 grad_norm=0.6535
[  151.622s] step         step=12100 epoch=3 loss=0.8342 lr=0.00022 grad_norm=0.6126
[  152.844s] step         step=12200 epoch=3 loss=0.8081 lr=0.000219 grad_norm=0.598
[  154.072s] step         step=12300 epoch=3 loss=0.8275 lr=0.000217 grad_norm=0.6066
[  155.249s] step         step=12400 epoch=3 loss=0.8208 lr=0.000216 grad_norm=0.6433
[  157.754s] epoch        epoch=3 train_loss=0.8483 val_loss=0.7757 val_ppl=2.172 val_bpc=1.1191 val_top1=0.7557
[  157.770s] checkpoint   path=C:\Users\018302973\Desktop\data266-lab1\task1_llm\zoheb_waghu\checkpoints\t1_baseline_20260929-213500_best.pt epoch=3 val_loss=0.7757
[  157.770s] step         step=12500 epoch=4 loss=0.8595 lr=0.000215 grad_norm=0.6336
[  158.983s] step         step=12600 epoch=4 loss=0.8139 lr=0.000213 grad_norm=0.6375
[  160.170s] step         step=12700 epoch=4 loss=0.8109 lr=0.000212 grad_norm=0.6238
[  161.359s] step         step=12800 epoch=4 loss=0.806 lr=0.000211 grad_norm=0.628
[  162.534s] step         step=12900 epoch=4 loss=0.8231 lr=0.000209 grad_norm=0.6098
[  163.730s] step         step=13000 epoch=4 loss=0.8647 lr=0.000208 grad_norm=0.6551
[  164.916s] step         step=13100 epoch=4 loss=0.8368 lr=0.000207 grad_norm=0.6393
[  166.138s] step         step=13200 epoch=4 loss=0.8223 lr=0.000205 grad_norm=0.6189
[  167.322s] step         step=13300 epoch=4 loss=0.8052 lr=0.000204 grad_norm=0.6206
[  168.506s] step         step=13400 epoch=4 loss=0.7947 lr=0.000203 grad_norm=0.618
[  169.683s] step         step=13500 epoch=4 loss=0.7894 lr=0.000201 grad_norm=0.5741
[  170.866s] step         step=13600 epoch=4 loss=0.8639 lr=0.0002 grad_norm=0.6406
[  172.027s] step         step=13700 epoch=4 loss=0.8381 lr=0.000199 grad_norm=0.642
[  173.212s] step         step=13800 epoch=4 loss=0.766 lr=0.000197 grad_norm=0.607
[  174.396s] step         step=13900 epoch=4 loss=0.8303 lr=0.000196 grad_norm=0.6345
[  175.589s] step         step=14000 epoch=4 loss=0.8396 lr=0.000195 grad_norm=0.6197
[  176.762s] step         step=14100 epoch=4 loss=0.8271 lr=0.000193 grad_norm=0.6348
[  177.946s] step         step=14200 epoch=4 loss=0.8421 lr=0.000192 grad_norm=0.6506
[  179.133s] step         step=14300 epoch=4 loss=0.818 lr=0.00019 grad_norm=0.6317
[  180.308s] step         step=14400 epoch=4 loss=0.7935 lr=0.000189 grad_norm=0.5913
[  181.496s] step         step=14500 epoch=4 loss=0.7928 lr=0.000188 grad_norm=0.6059
[  182.759s] step         step=14600 epoch=4 loss=0.7911 lr=0.000186 grad_norm=0.6111
[  184.023s] step         step=14700 epoch=4 loss=0.7638 lr=0.000185 grad_norm=0.6025
[  185.275s] step         step=14800 epoch=4 loss=0.8084 lr=0.000184 grad_norm=0.6336
[  186.456s] step         step=14900 epoch=4 loss=0.7986 lr=0.000182 grad_norm=0.6013
[  187.639s] step         step=15000 epoch=4 loss=0.8183 lr=0.000181 grad_norm=0.6344
[  188.828s] step         step=15100 epoch=4 loss=0.7815 lr=0.000179 grad_norm=0.6073
[  190.015s] step         step=15200 epoch=4 loss=0.8248 lr=0.000178 grad_norm=0.6295
[  191.177s] step         step=15300 epoch=4 loss=0.7968 lr=0.000177 grad_norm=0.6282
[  192.427s] step         step=15400 epoch=4 loss=0.8514 lr=0.000175 grad_norm=0.6562
[  193.625s] step         step=15500 epoch=4 loss=0.8239 lr=0.000174 grad_norm=0.6361
[  194.815s] step         step=15600 epoch=4 loss=0.7871 lr=0.000172 grad_norm=0.6093
[  196.390s] epoch        epoch=4 train_loss=0.8158 val_loss=0.7507 val_ppl=2.118 val_bpc=1.083 val_top1=0.763
[  196.406s] checkpoint   path=C:\Users\018302973\Desktop\data266-lab1\task1_llm\zoheb_waghu\checkpoints\t1_baseline_20260929-213500_best.pt epoch=4 val_loss=0.7507
[  197.290s] step         step=15700 epoch=5 loss=0.8402 lr=0.000171 grad_norm=0.636
[  198.483s] step         step=15800 epoch=5 loss=0.8274 lr=0.00017 grad_norm=0.6309
[  199.679s] step         step=15900 epoch=5 loss=0.7617 lr=0.000168 grad_norm=0.5894
[  200.889s] step         step=16000 epoch=5 loss=0.8155 lr=0.000167 grad_norm=0.6121
[  202.098s] step         step=16100 epoch=5 loss=0.8096 lr=0.000165 grad_norm=0.6253
[  203.282s] step         step=16200 epoch=5 loss=0.854 lr=0.000164 grad_norm=0.6583
[  204.477s] step         step=16300 epoch=5 loss=0.7833 lr=0.000163 grad_norm=0.5885
[  205.656s] step         step=16400 epoch=5 loss=0.7633 lr=0.000161 grad_norm=0.5959
[  206.847s] step         step=16500 epoch=5 loss=0.82 lr=0.00016 grad_norm=0.6352
[  208.096s] step         step=16600 epoch=5 loss=0.7961 lr=0.000158 grad_norm=0.6338
[  209.349s] step         step=16700 epoch=5 loss=0.7908 lr=0.000157 grad_norm=0.6329
[  210.555s] step         step=16800 epoch=5 loss=0.7506 lr=0.000156 grad_norm=0.597
[  211.745s] step         step=16900 epoch=5 loss=0.7892 lr=0.000154 grad_norm=0.6678
[  212.922s] step         step=17000 epoch=5 loss=0.8454 lr=0.000153 grad_norm=0.6695
[  214.131s] step         step=17100 epoch=5 loss=0.759 lr=0.000151 grad_norm=0.595
[  215.310s] step         step=17200 epoch=5 loss=0.7773 lr=0.00015 grad_norm=0.6538
[  216.491s] step         step=17300 epoch=5 loss=0.8242 lr=0.000149 grad_norm=0.658
[  217.676s] step         step=17400 epoch=5 loss=0.7761 lr=0.000147 grad_norm=0.6173
[  218.859s] step         step=17500 epoch=5 loss=0.7906 lr=0.000146 grad_norm=0.6322
[  220.041s] step         step=17600 epoch=5 loss=0.7791 lr=0.000144 grad_norm=0.6445
[  221.221s] step         step=17700 epoch=5 loss=0.8275 lr=0.000143 grad_norm=0.669
[  222.402s] step         step=17800 epoch=5 loss=0.7959 lr=0.000142 grad_norm=0.6293
[  223.612s] step         step=17900 epoch=5 loss=0.777 lr=0.00014 grad_norm=0.606
[  224.886s] step         step=18000 epoch=5 loss=0.8082 lr=0.000139 grad_norm=0.6374
[  226.065s] step         step=18100 epoch=5 loss=0.7877 lr=0.000138 grad_norm=0.6275
[  227.256s] step         step=18200 epoch=5 loss=0.798 lr=0.000136 grad_norm=0.6308
[  228.437s] step         step=18300 epoch=5 loss=0.7789 lr=0.000135 grad_norm=0.6231
[  229.649s] step         step=18400 epoch=5 loss=0.8583 lr=0.000133 grad_norm=0.6976
[  230.828s] step         step=18500 epoch=5 loss=0.7577 lr=0.000132 grad_norm=0.6281
[  232.030s] step         step=18600 epoch=5 loss=0.8037 lr=0.000131 grad_norm=0.6538
[  233.234s] step         step=18700 epoch=5 loss=0.8075 lr=0.000129 grad_norm=0.6375
[  235.216s] epoch        epoch=5 train_loss=0.7925 val_loss=0.735 val_ppl=2.085 val_bpc=1.0603 val_top1=0.7678
[  235.220s] checkpoint   path=C:\Users\018302973\Desktop\data266-lab1\task1_llm\zoheb_waghu\checkpoints\t1_baseline_20260929-213500_best.pt epoch=5 val_loss=0.735
[  235.831s] step         step=18800 epoch=6 loss=0.7733 lr=0.000128 grad_norm=0.6387
[  237.016s] step         step=18900 epoch=6 loss=0.752 lr=0.000127 grad_norm=0.6222
[  238.219s] step         step=19000 epoch=6 loss=0.7555 lr=0.000125 grad_norm=0.6402
[  239.427s] step         step=19100 epoch=6 loss=0.7646 lr=0.000124 grad_norm=0.6142
[  240.622s] step         step=19200 epoch=6 loss=0.8105 lr=0.000123 grad_norm=0.6401
[  241.806s] step         step=19300 epoch=6 loss=0.78 lr=0.000121 grad_norm=0.6475
[  243.004s] step         step=19400 epoch=6 loss=0.821 lr=0.00012 grad_norm=0.6712
[  244.208s] step         step=19500 epoch=6 loss=0.8024 lr=0.000119 grad_norm=0.6738
[  245.400s] step         step=19600 epoch=6 loss=0.7646 lr=0.000117 grad_norm=0.6458
[  246.594s] step         step=19700 epoch=6 loss=0.7679 lr=0.000116 grad_norm=0.6358
[  247.787s] step         step=19800 epoch=6 loss=0.7549 lr=0.000115 grad_norm=0.6095
[  248.989s] step         step=19900 epoch=6 loss=0.7649 lr=0.000113 grad_norm=0.671
[  250.185s] step         step=20000 epoch=6 loss=0.7608 lr=0.000112 grad_norm=0.645
[  251.364s] step         step=20100 epoch=6 loss=0.7758 lr=0.000111 grad_norm=0.6518
[  252.535s] step         step=20200 epoch=6 loss=0.7932 lr=0.00011 grad_norm=0.6481
[  253.726s] step         step=20300 epoch=6 loss=0.7842 lr=0.000108 grad_norm=0.6658
[  254.908s] step         step=20400 epoch=6 loss=0.7792 lr=0.000107 grad_norm=0.6793
[  256.089s] step         step=20500 epoch=6 loss=0.7654 lr=0.000106 grad_norm=0.6291
[  257.274s] step         step=20600 epoch=6 loss=0.77 lr=0.000104 grad_norm=0.6448
[  258.449s] step         step=20700 epoch=6 loss=0.7182 lr=0.000103 grad_norm=0.6425
[  259.639s] step         step=20800 epoch=6 loss=0.8038 lr=0.000102 grad_norm=0.6259
[  260.819s] step         step=20900 epoch=6 loss=0.7785 lr=0.000101 grad_norm=0.659
[  261.985s] step         step=21000 epoch=6 loss=0.77 lr=0.0001 grad_norm=0.6606
[  263.160s] step         step=21100 epoch=6 loss=0.7545 lr=9.8e-05 grad_norm=0.6299
[  264.361s] step         step=21200 epoch=6 loss=0.7984 lr=9.7e-05 grad_norm=0.6838
[  265.539s] step         step=21300 epoch=6 loss=0.7398 lr=9.6e-05 grad_norm=0.6188
[  266.716s] step         step=21400 epoch=6 loss=0.7821 lr=9.5e-05 grad_norm=0.6316
[  267.896s] step         step=21500 epoch=6 loss=0.7944 lr=9.3e-05 grad_norm=0.677
[  269.077s] step         step=21600 epoch=6 loss=0.7469 lr=9.2e-05 grad_norm=0.6635
[  270.252s] step         step=21700 epoch=6 loss=0.8197 lr=9.1e-05 grad_norm=0.6793
[  271.438s] step         step=21800 epoch=6 loss=0.7706 lr=9e-05 grad_norm=0.635
[  273.593s] epoch        epoch=6 train_loss=0.7765 val_loss=0.7224 val_ppl=2.059 val_bpc=1.0422 val_top1=0.7715
[  273.611s] checkpoint   path=C:\Users\018302973\Desktop\data266-lab1\task1_llm\zoheb_waghu\checkpoints\t1_baseline_20260929-213500_best.pt epoch=6 val_loss=0.7224
[  273.919s] step         step=21900 epoch=7 loss=0.7771 lr=8.9e-05 grad_norm=0.6659
[  275.106s] step         step=22000 epoch=7 loss=0.785 lr=8.8e-05 grad_norm=0.6443
[  276.274s] step         step=22100 epoch=7 loss=0.7732 lr=8.7e-05 grad_norm=0.6814
[  277.452s] step         step=22200 epoch=7 loss=0.706 lr=8.5e-05 grad_norm=0.6248
[  278.647s] step         step=22300 epoch=7 loss=0.749 lr=8.4e-05 grad_norm=0.6679
[  279.844s] step         step=22400 epoch=7 loss=0.7432 lr=8.3e-05 grad_norm=0.6359
[  281.032s] step         step=22500 epoch=7 loss=0.7371 lr=8.2e-05 grad_norm=0.6429
[  282.214s] step         step=22600 epoch=7 loss=0.7116 lr=8.1e-05 grad_norm=0.6382
[  283.403s] step         step=22700 epoch=7 loss=0.7287 lr=8e-05 grad_norm=0.6652
[  284.607s] step         step=22800 epoch=7 loss=0.7733 lr=7.9e-05 grad_norm=0.6896
[  285.787s] step         step=22900 epoch=7 loss=0.7371 lr=7.8e-05 grad_norm=0.6415
[  286.988s] step         step=23000 epoch=7 loss=0.7588 lr=7.7e-05 grad_norm=0.6639
[  288.188s] step         step=23100 epoch=7 loss=0.7615 lr=7.6e-05 grad_norm=0.686
[  289.452s] step         step=23200 epoch=7 loss=0.7596 lr=7.4e-05 grad_norm=0.6703
[  290.668s] step         step=23300 epoch=7 loss=0.7935 lr=7.3e-05 grad_norm=0.6605
[  291.916s] step         step=23400 epoch=7 loss=0.7241 lr=7.2e-05 grad_norm=0.6477
[  293.165s] step         step=23500 epoch=7 loss=0.786 lr=7.1e-05 grad_norm=0.6914
[  294.407s] step         step=23600 epoch=7 loss=0.7531 lr=7e-05 grad_norm=0.6473
[  295.647s] step         step=23700 epoch=7 loss=0.7709 lr=6.9e-05 grad_norm=0.6453
[  296.846s] step         step=23800 epoch=7 loss=0.7412 lr=6.8e-05 grad_norm=0.6431
[  298.045s] step         step=23900 epoch=7 loss=0.7681 lr=6.7e-05 grad_norm=0.6653
[  299.250s] step         step=24000 epoch=7 loss=0.7452 lr=6.6e-05 grad_norm=0.6516
[  300.439s] step         step=24100 epoch=7 loss=0.774 lr=6.6e-05 grad_norm=0.6777
[  301.661s] step         step=24200 epoch=7 loss=0.7405 lr=6.5e-05 grad_norm=0.6656
[  302.851s] step         step=24300 epoch=7 loss=0.7043 lr=6.4e-05 grad_norm=0.6155
[  304.040s] step         step=24400 epoch=7 loss=0.7641 lr=6.3e-05 grad_norm=0.6621
[  305.222s] step         step=24500 epoch=7 loss=0.7553 lr=6.2e-05 grad_norm=0.6966
[  306.410s] step         step=24600 epoch=7 loss=0.7546 lr=6.1e-05 grad_norm=0.6604
[  307.584s] step         step=24700 epoch=7 loss=0.7419 lr=6e-05 grad_norm=0.6784
[  308.759s] step         step=24800 epoch=7 loss=0.8039 lr=5.9e-05 grad_norm=0.7353
[  309.956s] step         step=24900 epoch=7 loss=0.7516 lr=5.8e-05 grad_norm=0.6664
[  312.470s] epoch        epoch=7 train_loss=0.7637 val_loss=0.7137 val_ppl=2.042 val_bpc=1.0296 val_top1=0.7741
[  312.486s] checkpoint   path=C:\Users\018302973\Desktop\data266-lab1\task1_llm\zoheb_waghu\checkpoints\t1_baseline_20260929-213500_best.pt epoch=7 val_loss=0.7137
[  312.502s] step         step=25000 epoch=8 loss=0.7779 lr=5.7e-05 grad_norm=0.6833
[  313.679s] step         step=25100 epoch=8 loss=0.7207 lr=5.7e-05 grad_norm=0.6655
[  314.871s] step         step=25200 epoch=8 loss=0.7496 lr=5.6e-05 grad_norm=0.6839
[  316.038s] step         step=25300 epoch=8 loss=0.7476 lr=5.5e-05 grad_norm=0.6853
[  317.228s] step         step=25400 epoch=8 loss=0.7568 lr=5.4e-05 grad_norm=0.668
[  318.403s] step         step=25500 epoch=8 loss=0.781 lr=5.3e-05 grad_norm=0.7071
[  319.596s] step         step=25600 epoch=8 loss=0.7554 lr=5.3e-05 grad_norm=0.6855
[  320.771s] step         step=25700 epoch=8 loss=0.76 lr=5.2e-05 grad_norm=0.6749
[  321.959s] step         step=25800 epoch=8 loss=0.7757 lr=5.1e-05 grad_norm=0.6841
[  323.136s] step         step=25900 epoch=8 loss=0.7696 lr=5e-05 grad_norm=0.685
[  324.373s] step         step=26000 epoch=8 loss=0.7645 lr=5e-05 grad_norm=0.686
[  325.557s] step         step=26100 epoch=8 loss=0.6967 lr=4.9e-05 grad_norm=0.6525
[  326.736s] step         step=26200 epoch=8 loss=0.7679 lr=4.8e-05 grad_norm=0.6935
[  327.906s] step         step=26300 epoch=8 loss=0.7404 lr=4.7e-05 grad_norm=0.6948
[  329.105s] step         step=26400 epoch=8 loss=0.7469 lr=4.7e-05 grad_norm=0.6779
[  330.290s] step         step=26500 epoch=8 loss=0.7714 lr=4.6e-05 grad_norm=0.6999
[  331.490s] step         step=26600 epoch=8 loss=0.7747 lr=4.5e-05 grad_norm=0.7038
[  332.677s] step         step=26700 epoch=8 loss=0.7087 lr=4.5e-05 grad_norm=0.651
[  333.875s] step         step=26800 epoch=8 loss=0.7483 lr=4.4e-05 grad_norm=0.7067
[  335.059s] step         step=26900 epoch=8 loss=0.7438 lr=4.4e-05 grad_norm=0.6792
[  336.251s] step         step=27000 epoch=8 loss=0.7743 lr=4.3e-05 grad_norm=0.719
[  337.443s] step         step=27100 epoch=8 loss=0.7286 lr=4.2e-05 grad_norm=0.6744
[  338.626s] step         step=27200 epoch=8 loss=0.771 lr=4.2e-05 grad_norm=0.6991
[  339.839s] step         step=27300 epoch=8 loss=0.7669 lr=4.1e-05 grad_norm=0.7166
[  341.022s] step         step=27400 epoch=8 loss=0.7448 lr=4.1e-05 grad_norm=0.6994
[  342.199s] step         step=27500 epoch=8 loss=0.7324 lr=4e-05 grad_norm=0.7052
[  343.399s] step         step=27600 epoch=8 loss=0.7396 lr=4e-05 grad_norm=0.7123
[  344.611s] step         step=27700 epoch=8 loss=0.7541 lr=3.9e-05 grad_norm=0.7394
[  345.796s] step         step=27800 epoch=8 loss=0.7756 lr=3.9e-05 grad_norm=0.7345
[  346.994s] step         step=27900 epoch=8 loss=0.7405 lr=3.8e-05 grad_norm=0.7122
[  348.184s] step         step=28000 epoch=8 loss=0.732 lr=3.8e-05 grad_norm=0.7024
[  349.392s] step         step=28100 epoch=8 loss=0.7238 lr=3.7e-05 grad_norm=0.6909
[  350.974s] epoch        epoch=8 train_loss=0.7541 val_loss=0.706 val_ppl=2.026 val_bpc=1.0185 val_top1=0.7764
[  350.991s] checkpoint   path=C:\Users\018302973\Desktop\data266-lab1\task1_llm\zoheb_waghu\checkpoints\t1_baseline_20260929-213500_best.pt epoch=8 val_loss=0.706
[  351.894s] step         step=28200 epoch=9 loss=0.7282 lr=3.7e-05 grad_norm=0.6822
[  353.080s] step         step=28300 epoch=9 loss=0.7319 lr=3.6e-05 grad_norm=0.7056
[  354.284s] step         step=28400 epoch=9 loss=0.733 lr=3.6e-05 grad_norm=0.7367
[  355.479s] step         step=28500 epoch=9 loss=0.7306 lr=3.5e-05 grad_norm=0.6944
[  356.657s] step         step=28600 epoch=9 loss=0.7622 lr=3.5e-05 grad_norm=0.7523
[  357.837s] step         step=28700 epoch=9 loss=0.7431 lr=3.5e-05 grad_norm=0.7089
[  359.017s] step         step=28800 epoch=9 loss=0.7474 lr=3.4e-05 grad_norm=0.7014
[  360.202s] step         step=28900 epoch=9 loss=0.7263 lr=3.4e-05 grad_norm=0.6707
[  361.376s] step         step=29000 epoch=9 loss=0.753 lr=3.4e-05 grad_norm=0.697
[  362.544s] step         step=29100 epoch=9 loss=0.7323 lr=3.3e-05 grad_norm=0.7029
[  363.728s] step         step=29200 epoch=9 loss=0.7488 lr=3.3e-05 grad_norm=0.7305
[  364.920s] step         step=29300 epoch=9 loss=0.7083 lr=3.3e-05 grad_norm=0.6839
[  366.106s] step         step=29400 epoch=9 loss=0.7584 lr=3.2e-05 grad_norm=0.7321
[  367.280s] step         step=29500 epoch=9 loss=0.7624 lr=3.2e-05 grad_norm=0.7235
[  368.457s] step         step=29600 epoch=9 loss=0.7447 lr=3.2e-05 grad_norm=0.6955
[  369.656s] step         step=29700 epoch=9 loss=0.7292 lr=3.2e-05 grad_norm=0.697
[  370.833s] step         step=29800 epoch=9 loss=0.7287 lr=3.2e-05 grad_norm=0.7322
[  372.011s] step         step=29900 epoch=9 loss=0.7814 lr=3.1e-05 grad_norm=0.7335
[  373.190s] step         step=30000 epoch=9 loss=0.7446 lr=3.1e-05 grad_norm=0.7111
[  374.374s] step         step=30100 epoch=9 loss=0.7769 lr=3.1e-05 grad_norm=0.7722
[  375.554s] step         step=30200 epoch=9 loss=0.7794 lr=3.1e-05 grad_norm=0.7524
[  376.722s] step         step=30300 epoch=9 loss=0.7432 lr=3.1e-05 grad_norm=0.7078
[  377.897s] step         step=30400 epoch=9 loss=0.7337 lr=3.1e-05 grad_norm=0.7015
[  379.084s] step         step=30500 epoch=9 loss=0.7285 lr=3e-05 grad_norm=0.7179
[  380.274s] step         step=30600 epoch=9 loss=0.7495 lr=3e-05 grad_norm=0.7076
[  381.454s] step         step=30700 epoch=9 loss=0.7814 lr=3e-05 grad_norm=0.7295
[  382.627s] step         step=30800 epoch=9 loss=0.7673 lr=3e-05 grad_norm=0.7143
[  383.805s] step         step=30900 epoch=9 loss=0.791 lr=3e-05 grad_norm=0.7521
[  385.028s] step         step=31000 epoch=9 loss=0.7493 lr=3e-05 grad_norm=0.713
[  386.293s] step         step=31100 epoch=9 loss=0.7179 lr=3e-05 grad_norm=0.7291
[  387.509s] step         step=31200 epoch=9 loss=0.7281 lr=3e-05 grad_norm=0.7331
[  389.381s] epoch        epoch=9 train_loss=0.7492 val_loss=0.7019 val_ppl=2.018 val_bpc=1.0126 val_top1=0.7774
[  389.395s] checkpoint   path=C:\Users\018302973\Desktop\data266-lab1\task1_llm\zoheb_waghu\checkpoints\t1_baseline_20260929-213500_best.pt epoch=9 val_loss=0.7019
[  410.637s] generation   n_samples=9 gen_tokens_per_sec=507.59 distinct_1=0.0125 distinct_2=0.0997 distinct_3=0.2832 repeated_4gram_rate=0.5585
[  410.742s] metrics      run_id=t1_baseline_20260929-213500 model_name=t1_baseline config_path=task1_llm\zoheb_waghu\configs\gpt_baseline.yaml checkpoint_id=t1_baseline_20260929-213500_best.pt train_loss=0.69817 val_loss=0.70191 perplexity=2.0176 bits_per_char=1.01264 generalization_gap=0.00373 top1_next_char_acc=0.77742 distinct_1=0.01253 distinct_2=0.09971 distinct_3=0.2832 repeated_4gram_rate=0.55855 grad_norm_mean=0.74447 grad_norm_max=9.77148 loss_spikes=0 nan_count=0 param_count=3274752 train_tokens_per_sec=663173.16 gen_tokens_per_sec=507.59 peak_memory_gb=0.9856 total_train_seconds=386.02 device=cuda hardware=AMD64 Family 25 Model 97 Stepping 2, AuthenticAMD
[  410.742s] run_end      status=ok wall_seconds=410.742 wall=410.74
