Run: t3_shreya_unet_256_v3
Config: /content/drive/MyDrive/DATA266_Lab1/task3_gan/shreya_akotiya/config.yaml
Device: cuda
Image size: 256
Epochs: 80

Resumed from t3_shreya_unet_256_v3_latest.pt after epoch 74
Training epochs 75-80, 7038 batches/epoch
============================================================
Epoch 75/80 | Step 520850 | G: 2.6289 | D_A: 0.0901 | D_B: 0.0003 | Cycle: 0.6578 | grad_G: 23.79
Epoch 75/80 | Step 520900 | G: 2.6408 | D_A: 0.0297 | D_B: 0.0002 | Cycle: 0.6299 | grad_G: 42.27
Epoch 75/80 | Step 520950 | G: 2.7833 | D_A: 0.0489 | D_B: 0.0001 | Cycle: 0.8318 | grad_G: 12.69
Epoch 75/80 | Step 521000 | G: 2.5046 | D_A: 0.0344 | D_B: 0.0000 | Cycle: 0.5816 | grad_G: 31.90
Epoch 75/80 | Step 521050 | G: 2.5823 | D_A: 0.1167 | D_B: 0.0001 | Cycle: 0.8114 | grad_G: 20.47
Epoch 75/80 | Step 521100 | G: 2.4983 | D_A: 0.0317 | D_B: 0.0001 | Cycle: 0.6503 | grad_G: 24.10
Epoch 75/80 | Step 521150 | G: 2.6012 | D_A: 0.0269 | D_B: 0.0001 | Cycle: 0.6717 | grad_G: 21.68
Epoch 75/80 | Step 521200 | G: 2.4674 | D_A: 0.0510 | D_B: 0.0001 | Cycle: 0.6697 | grad_G: 18.72
Epoch 75/80 | Step 521250 | G: 2.3601 | D_A: 0.0903 | D_B: 0.0001 | Cycle: 0.5225 | grad_G: 22.20
Epoch 75/80 | Step 521300 | G: 2.5123 | D_A: 0.0271 | D_B: 0.0002 | Cycle: 0.6881 | grad_G: 24.58
Epoch 75/80 | Step 521350 | G: 2.5131 | D_A: 0.0428 | D_B: 0.0001 | Cycle: 0.6981 | grad_G: 18.07
Epoch 75/80 | Step 521400 | G: 2.6738 | D_A: 0.0324 | D_B: 0.0002 | Cycle: 0.7965 | grad_G: 16.66
Epoch 75/80 | Step 521450 | G: 2.1668 | D_A: 0.0634 | D_B: 0.0007 | Cycle: 0.5494 | grad_G: 12.74
Epoch 75/80 | Step 521500 | G: 2.6037 | D_A: 0.1768 | D_B: 0.0001 | Cycle: 0.6078 | grad_G: 22.65
Epoch 75/80 | Step 521550 | G: 2.2885 | D_A: 0.0418 | D_B: 0.0002 | Cycle: 0.5492 | grad_G: 38.57
Epoch 75/80 | Step 521600 | G: 2.7075 | D_A: 0.0810 | D_B: 0.0001 | Cycle: 0.6939 | grad_G: 26.73
Epoch 75/80 | Step 521650 | G: 2.8606 | D_A: 0.1580 | D_B: 0.0003 | Cycle: 0.8673 | grad_G: 14.80
Epoch 75/80 | Step 521700 | G: 2.4938 | D_A: 0.0620 | D_B: 0.0001 | Cycle: 0.8213 | grad_G: 11.53
Epoch 75/80 | Step 521750 | G: 2.6474 | D_A: 0.2223 | D_B: 0.0002 | Cycle: 0.7909 | grad_G: 13.05
Epoch 75/80 | Step 521800 | G: 2.7950 | D_A: 0.0395 | D_B: 0.0000 | Cycle: 0.6473 | grad_G: 17.91
Epoch 75/80 | Step 521850 | G: 2.2985 | D_A: 0.0440 | D_B: 0.0000 | Cycle: 0.8132 | grad_G: 11.13
Epoch 75/80 | Step 521900 | G: 2.7309 | D_A: 0.0260 | D_B: 0.0001 | Cycle: 0.6565 | grad_G: 22.18
Epoch 75/80 | Step 521950 | G: 2.8601 | D_A: 0.0286 | D_B: 0.0001 | Cycle: 0.6469 | grad_G: 13.15
Epoch 75/80 | Step 522000 | G: 2.6220 | D_A: 0.0339 | D_B: 0.0001 | Cycle: 0.6728 | grad_G: 18.45
Epoch 75/80 | Step 522050 | G: 3.1229 | D_A: 0.0509 | D_B: 0.0001 | Cycle: 1.1012 | grad_G: 18.91
Epoch 75/80 | Step 522100 | G: 2.9166 | D_A: 0.0374 | D_B: 0.0002 | Cycle: 0.9099 | grad_G: 20.36
Epoch 75/80 | Step 522150 | G: 2.1949 | D_A: 0.0692 | D_B: 0.0001 | Cycle: 0.6585 | grad_G: 8.22
Epoch 75/80 | Step 522200 | G: 3.0477 | D_A: 0.0543 | D_B: 0.0001 | Cycle: 1.1166 | grad_G: 18.93
Epoch 75/80 | Step 522250 | G: 2.4229 | D_A: 0.0420 | D_B: 0.0003 | Cycle: 0.7572 | grad_G: 15.47
Epoch 75/80 | Step 522300 | G: 2.4951 | D_A: 0.0771 | D_B: 0.0000 | Cycle: 0.7554 | grad_G: 25.86
Epoch 75/80 | Step 522350 | G: 2.6090 | D_A: 0.0543 | D_B: 0.0001 | Cycle: 0.5869 | grad_G: 13.02
Epoch 75/80 | Step 522400 | G: 2.4071 | D_A: 0.0354 | D_B: 0.0000 | Cycle: 0.5943 | grad_G: 39.55
Epoch 75/80 | Step 522450 | G: 2.9967 | D_A: 0.0595 | D_B: 0.0001 | Cycle: 0.8365 | grad_G: 22.03
Epoch 75/80 | Step 522500 | G: 2.7862 | D_A: 0.0611 | D_B: 0.0000 | Cycle: 0.8393 | grad_G: 19.88
Epoch 75/80 | Step 522550 | G: 2.6191 | D_A: 0.4371 | D_B: 0.0000 | Cycle: 0.5706 | grad_G: 27.54
Epoch 75/80 | Step 522600 | G: 2.3054 | D_A: 0.0461 | D_B: 0.0000 | Cycle: 0.6086 | grad_G: 30.04
Epoch 75/80 | Step 522650 | G: 2.5580 | D_A: 0.0335 | D_B: 0.0001 | Cycle: 0.7065 | grad_G: 19.50
Epoch 75/80 | Step 522700 | G: 2.4883 | D_A: 0.0381 | D_B: 0.0000 | Cycle: 0.5810 | grad_G: 19.17
Epoch 75/80 | Step 522750 | G: 2.7017 | D_A: 0.0780 | D_B: 0.0000 | Cycle: 0.7784 | grad_G: 14.91
Epoch 75/80 | Step 522800 | G: 2.4146 | D_A: 0.0976 | D_B: 0.0000 | Cycle: 0.6526 | grad_G: 22.15
Epoch 75/80 | Step 522850 | G: 2.2267 | D_A: 0.1130 | D_B: 0.0000 | Cycle: 0.6642 | grad_G: 10.55
Epoch 75/80 | Step 522900 | G: 2.5101 | D_A: 0.0622 | D_B: 0.0000 | Cycle: 0.5774 | grad_G: 17.58
Epoch 75/80 | Step 522950 | G: 2.6989 | D_A: 0.0690 | D_B: 0.0000 | Cycle: 0.8077 | grad_G: 19.33
Epoch 75/80 | Step 523000 | G: 2.3172 | D_A: 0.0518 | D_B: 0.0001 | Cycle: 0.6950 | grad_G: 14.77
Epoch 75/80 | Step 523050 | G: 2.7231 | D_A: 0.0303 | D_B: 0.0000 | Cycle: 0.8738 | grad_G: 17.85
Epoch 75/80 | Step 523100 | G: 2.7039 | D_A: 0.0397 | D_B: 0.0000 | Cycle: 0.6818 | grad_G: 23.66
Epoch 75/80 | Step 523150 | G: 3.0044 | D_A: 0.0609 | D_B: 0.0000 | Cycle: 0.7874 | grad_G: 28.33
Epoch 75/80 | Step 523200 | G: 2.8871 | D_A: 0.1457 | D_B: 0.0001 | Cycle: 0.8236 | grad_G: 29.37
Epoch 75/80 | Step 523250 | G: 2.4732 | D_A: 0.0511 | D_B: 0.0000 | Cycle: 0.6205 | grad_G: 26.41
Epoch 75/80 | Step 523300 | G: 2.6354 | D_A: 0.0530 | D_B: 0.0001 | Cycle: 0.6343 | grad_G: 25.14
Epoch 75/80 | Step 523350 | G: 2.8705 | D_A: 0.1122 | D_B: 0.0000 | Cycle: 0.8912 | grad_G: 14.40
Epoch 75/80 | Step 523400 | G: 2.7299 | D_A: 0.0249 | D_B: 0.0000 | Cycle: 0.7999 | grad_G: 23.00
Epoch 75/80 | Step 523450 | G: 2.4690 | D_A: 0.0365 | D_B: 0.0000 | Cycle: 0.6354 | grad_G: 20.11
Epoch 75/80 | Step 523500 | G: 3.0398 | D_A: 0.0446 | D_B: 0.0002 | Cycle: 0.8741 | grad_G: 25.28
Epoch 75/80 | Step 523550 | G: 2.1724 | D_A: 0.0724 | D_B: 0.0002 | Cycle: 0.6227 | grad_G: 14.89
Epoch 75/80 | Step 523600 | G: 2.3358 | D_A: 0.0406 | D_B: 0.0001 | Cycle: 0.5742 | grad_G: 17.49
Epoch 75/80 | Step 523650 | G: 2.8144 | D_A: 0.0245 | D_B: 0.0001 | Cycle: 0.6984 | grad_G: 18.37
Epoch 75/80 | Step 523700 | G: 2.5096 | D_A: 0.0374 | D_B: 0.0001 | Cycle: 0.7080 | grad_G: 15.80
Epoch 75/80 | Step 523750 | G: 3.1708 | D_A: 0.0925 | D_B: 0.0003 | Cycle: 1.0291 | grad_G: 19.81
Epoch 75/80 | Step 523800 | G: 2.6690 | D_A: 0.0280 | D_B: 0.0010 | Cycle: 0.7271 | grad_G: 69.61
Epoch 75/80 | Step 523850 | G: 2.2963 | D_A: 0.0460 | D_B: 0.0001 | Cycle: 0.6070 | grad_G: 13.67
Epoch 75/80 | Step 523900 | G: 2.7855 | D_A: 0.0369 | D_B: 0.0001 | Cycle: 0.8136 | grad_G: 20.73
Epoch 75/80 | Step 523950 | G: 2.6160 | D_A: 0.0417 | D_B: 0.0001 | Cycle: 0.7257 | grad_G: 18.18
Epoch 75/80 | Step 524000 | G: 2.7994 | D_A: 0.0661 | D_B: 0.0002 | Cycle: 0.8146 | grad_G: 21.13
Epoch 75/80 | Step 524050 | G: 2.6450 | D_A: 0.0318 | D_B: 0.0001 | Cycle: 0.7424 | grad_G: 15.83
Epoch 75/80 | Step 524100 | G: 2.7190 | D_A: 0.0768 | D_B: 0.0002 | Cycle: 0.8503 | grad_G: 19.53
Epoch 75/80 | Step 524150 | G: 3.4479 | D_A: 0.0334 | D_B: 0.0000 | Cycle: 1.1335 | grad_G: 37.46
Epoch 75/80 | Step 524200 | G: 2.7957 | D_A: 0.0512 | D_B: 0.0002 | Cycle: 0.8148 | grad_G: 19.21
Epoch 75/80 | Step 524250 | G: 2.9408 | D_A: 0.0226 | D_B: 0.0001 | Cycle: 0.9264 | grad_G: 27.94
Epoch 75/80 | Step 524300 | G: 2.5529 | D_A: 0.0813 | D_B: 0.0001 | Cycle: 0.6817 | grad_G: 36.62
Epoch 75/80 | Step 524350 | G: 2.5268 | D_A: 0.0801 | D_B: 0.0001 | Cycle: 0.6233 | grad_G: 28.27
Epoch 75/80 | Step 524400 | G: 2.6534 | D_A: 0.0566 | D_B: 0.0001 | Cycle: 0.4828 | grad_G: 25.14
Epoch 75/80 | Step 524450 | G: 2.9543 | D_A: 0.0361 | D_B: 0.0008 | Cycle: 0.9263 | grad_G: 19.75
Epoch 75/80 | Step 524500 | G: 2.3654 | D_A: 0.0539 | D_B: 0.0002 | Cycle: 0.6616 | grad_G: 15.19
Epoch 75/80 | Step 524550 | G: 2.6967 | D_A: 0.0460 | D_B: 0.0002 | Cycle: 0.7446 | grad_G: 21.39
Epoch 75/80 | Step 524600 | G: 2.5918 | D_A: 0.0505 | D_B: 0.0000 | Cycle: 0.6796 | grad_G: 22.09
Epoch 75/80 | Step 524650 | G: 2.3491 | D_A: 0.0683 | D_B: 0.0002 | Cycle: 0.5329 | grad_G: 21.68
Epoch 75/80 | Step 524700 | G: 2.7141 | D_A: 0.0806 | D_B: 0.0002 | Cycle: 0.8918 | grad_G: 17.79
Epoch 75/80 | Step 524750 | G: 2.3192 | D_A: 0.1015 | D_B: 0.0007 | Cycle: 0.5486 | grad_G: 36.84
Epoch 75/80 | Step 524800 | G: 2.4365 | D_A: 0.0596 | D_B: 0.0003 | Cycle: 0.6317 | grad_G: 15.27
Epoch 75/80 | Step 524850 | G: 2.9183 | D_A: 0.0248 | D_B: 0.0026 | Cycle: 0.8046 | grad_G: 28.92
Epoch 75/80 | Step 524900 | G: 2.5647 | D_A: 0.0337 | D_B: 0.0005 | Cycle: 0.6656 | grad_G: 14.47
Epoch 75/80 | Step 524950 | G: 2.4660 | D_A: 0.0848 | D_B: 0.0002 | Cycle: 0.7461 | grad_G: 14.59
Epoch 75/80 | Step 525000 | G: 2.3928 | D_A: 0.0314 | D_B: 0.0002 | Cycle: 0.5816 | grad_G: 22.70
Epoch 75/80 | Step 525050 | G: 2.5913 | D_A: 0.0302 | D_B: 0.0001 | Cycle: 0.6855 | grad_G: 11.66
Epoch 75/80 | Step 525100 | G: 2.3113 | D_A: 0.0794 | D_B: 0.0001 | Cycle: 0.6117 | grad_G: 15.13
Epoch 75/80 | Step 525150 | G: 2.6066 | D_A: 0.0589 | D_B: 0.0001 | Cycle: 0.8098 | grad_G: 19.20
Epoch 75/80 | Step 525200 | G: 2.2364 | D_A: 0.0896 | D_B: 0.0001 | Cycle: 0.6009 | grad_G: 18.07
Epoch 75/80 | Step 525250 | G: 3.1236 | D_A: 0.0329 | D_B: 0.0001 | Cycle: 1.1126 | grad_G: 14.48
Epoch 75/80 | Step 525300 | G: 2.2041 | D_A: 0.0784 | D_B: 0.0003 | Cycle: 0.5012 | grad_G: 17.73
Epoch 75/80 | Step 525350 | G: 2.8526 | D_A: 0.0321 | D_B: 0.0002 | Cycle: 0.9201 | grad_G: 21.50
Epoch 75/80 | Step 525400 | G: 2.4794 | D_A: 0.0370 | D_B: 0.0001 | Cycle: 0.6708 | grad_G: 17.14
Epoch 75/80 | Step 525450 | G: 2.5720 | D_A: 0.0452 | D_B: 0.0001 | Cycle: 0.8441 | grad_G: 17.69
Epoch 75/80 | Step 525500 | G: 2.6670 | D_A: 0.0882 | D_B: 0.0003 | Cycle: 0.8589 | grad_G: 27.02
Epoch 75/80 | Step 525550 | G: 2.7638 | D_A: 0.0368 | D_B: 0.0001 | Cycle: 0.6635 | grad_G: 27.02
Epoch 75/80 | Step 525600 | G: 2.8329 | D_A: 0.0663 | D_B: 0.0001 | Cycle: 0.7530 | grad_G: 21.42
Epoch 75/80 | Step 525650 | G: 2.6177 | D_A: 0.0236 | D_B: 0.0001 | Cycle: 0.6855 | grad_G: 15.14
Epoch 75/80 | Step 525700 | G: 2.2543 | D_A: 0.1253 | D_B: 0.0001 | Cycle: 0.6036 | grad_G: 14.52
Epoch 75/80 | Step 525750 | G: 2.7899 | D_A: 0.0261 | D_B: 0.0001 | Cycle: 0.7809 | grad_G: 24.04
Epoch 75/80 | Step 525800 | G: 2.3809 | D_A: 0.0864 | D_B: 0.0005 | Cycle: 0.6281 | grad_G: 21.85
Epoch 75/80 | Step 525850 | G: 2.5217 | D_A: 0.0519 | D_B: 0.0001 | Cycle: 0.7546 | grad_G: 32.45
Epoch 75/80 | Step 525900 | G: 2.4468 | D_A: 0.0416 | D_B: 0.0001 | Cycle: 0.6785 | grad_G: 17.27
Epoch 75/80 | Step 525950 | G: 3.1100 | D_A: 0.0334 | D_B: 0.0003 | Cycle: 0.7042 | grad_G: 25.58
Epoch 75/80 | Step 526000 | G: 2.2556 | D_A: 0.0458 | D_B: 0.0001 | Cycle: 0.5273 | grad_G: 11.54
Epoch 75/80 | Step 526050 | G: 2.8582 | D_A: 0.0338 | D_B: 0.0001 | Cycle: 0.9580 | grad_G: 29.92
Epoch 75/80 | Step 526100 | G: 2.1945 | D_A: 0.0685 | D_B: 0.0000 | Cycle: 0.5703 | grad_G: 21.77
Epoch 75/80 | Step 526150 | G: 2.5877 | D_A: 0.0947 | D_B: 0.0001 | Cycle: 0.7655 | grad_G: 32.65
Epoch 75/80 | Step 526200 | G: 3.0387 | D_A: 0.0411 | D_B: 0.0003 | Cycle: 1.0127 | grad_G: 12.03
Epoch 75/80 | Step 526250 | G: 2.6613 | D_A: 0.0257 | D_B: 0.0002 | Cycle: 0.7191 | grad_G: 13.89
Epoch 75/80 | Step 526300 | G: 2.5724 | D_A: 0.0257 | D_B: 0.0009 | Cycle: 0.7631 | grad_G: 19.02
Epoch 75/80 | Step 526350 | G: 2.5883 | D_A: 0.0770 | D_B: 0.0001 | Cycle: 0.8431 | grad_G: 21.38
Epoch 75/80 | Step 526400 | G: 2.7635 | D_A: 0.0996 | D_B: 0.0002 | Cycle: 0.9966 | grad_G: 11.62
Epoch 75/80 | Step 526450 | G: 2.5687 | D_A: 0.0214 | D_B: 0.0019 | Cycle: 0.6005 | grad_G: 39.56
Epoch 75/80 | Step 526500 | G: 2.5627 | D_A: 0.0747 | D_B: 0.0000 | Cycle: 0.7067 | grad_G: 16.02
Epoch 75/80 | Step 526550 | G: 2.6602 | D_A: 0.0559 | D_B: 0.0001 | Cycle: 0.7691 | grad_G: 11.95
Epoch 75/80 | Step 526600 | G: 1.9431 | D_A: 0.1443 | D_B: 0.0001 | Cycle: 0.5510 | grad_G: 19.30
Epoch 75/80 | Step 526650 | G: 3.0707 | D_A: 0.0471 | D_B: 0.0008 | Cycle: 1.0684 | grad_G: 12.84
Epoch 75/80 | Step 526700 | G: 2.7529 | D_A: 0.0789 | D_B: 0.0005 | Cycle: 0.6940 | grad_G: 17.16
Epoch 75/80 | Step 526750 | G: 2.2599 | D_A: 0.0801 | D_B: 0.0251 | Cycle: 0.6542 | grad_G: 22.40
Epoch 75/80 | Step 526800 | G: 3.9263 | D_A: 0.0563 | D_B: 0.0002 | Cycle: 2.0525 | grad_G: 13.67
Epoch 75/80 | Step 526850 | G: 2.6961 | D_A: 0.0360 | D_B: 0.0001 | Cycle: 0.9269 | grad_G: 11.12
Epoch 75/80 | Step 526900 | G: 2.7022 | D_A: 0.0444 | D_B: 0.0001 | Cycle: 0.7809 | grad_G: 13.12
Epoch 75/80 | Step 526950 | G: 2.6529 | D_A: 0.0586 | D_B: 0.0002 | Cycle: 0.8375 | grad_G: 11.62
Epoch 75/80 | Step 527000 | G: 2.4879 | D_A: 0.1392 | D_B: 0.0001 | Cycle: 0.5748 | grad_G: 14.27
Epoch 75/80 | Step 527050 | G: 2.7616 | D_A: 0.0460 | D_B: 0.0004 | Cycle: 0.7055 | grad_G: 18.60
Epoch 75/80 | Step 527100 | G: 2.9163 | D_A: 0.0535 | D_B: 0.0003 | Cycle: 0.9741 | grad_G: 12.40
Epoch 75/80 | Step 527150 | G: 3.3787 | D_A: 0.0375 | D_B: 0.0002 | Cycle: 1.3609 | grad_G: 15.84
Epoch 75/80 | Step 527200 | G: 2.6782 | D_A: 0.0897 | D_B: 0.0001 | Cycle: 0.6654 | grad_G: 16.39
Epoch 75/80 | Step 527250 | G: 2.9135 | D_A: 0.0267 | D_B: 0.0001 | Cycle: 0.7709 | grad_G: 20.38
Epoch 75/80 | Step 527300 | G: 2.9522 | D_A: 0.0404 | D_B: 0.0001 | Cycle: 0.8170 | grad_G: 16.53
Epoch 75/80 | Step 527350 | G: 2.4108 | D_A: 0.1078 | D_B: 0.0001 | Cycle: 0.6651 | grad_G: 24.43
Epoch 75/80 | Step 527400 | G: 2.3401 | D_A: 0.0365 | D_B: 0.0000 | Cycle: 0.5667 | grad_G: 52.73
Epoch 75/80 | Step 527450 | G: 2.7272 | D_A: 0.0274 | D_B: 0.0000 | Cycle: 0.6785 | grad_G: 38.82
Epoch 75/80 | Step 527500 | G: 2.5397 | D_A: 0.1379 | D_B: 0.0000 | Cycle: 0.5683 | grad_G: 21.83
Epoch 75/80 | Step 527550 | G: 2.6682 | D_A: 0.0207 | D_B: 0.0000 | Cycle: 0.7151 | grad_G: 15.20
Epoch 75/80 | Step 527600 | G: 2.4399 | D_A: 0.1069 | D_B: 0.0001 | Cycle: 0.6858 | grad_G: 35.37
Epoch 75/80 | Step 527650 | G: 2.0424 | D_A: 0.0314 | D_B: 0.0001 | Cycle: 0.5855 | grad_G: 10.28
Epoch 75/80 | Step 527700 | G: 2.5802 | D_A: 0.0707 | D_B: 0.0001 | Cycle: 0.6416 | grad_G: 16.20
Epoch 75/80 | Step 527750 | G: 2.8478 | D_A: 0.0378 | D_B: 0.0002 | Cycle: 0.8715 | grad_G: 15.38
Epoch 75/80 | Step 527800 | G: 2.5985 | D_A: 0.0258 | D_B: 0.0007 | Cycle: 0.7176 | grad_G: 12.48
Epoch 75/80 | Step 527850 | G: 2.6343 | D_A: 0.1902 | D_B: 0.0001 | Cycle: 0.7430 | grad_G: 24.42
Epoch 75/80 complete | Time: 485s | Avg G: 2.6095 | Avg D: 0.0294 | grad_G: 22.59
Epoch 76/80 | Step 527900 | G: 2.5206 | D_A: 0.0234 | D_B: 0.0000 | Cycle: 0.6731 | grad_G: 14.53
Epoch 76/80 | Step 527950 | G: 2.6949 | D_A: 0.0252 | D_B: 0.0001 | Cycle: 0.8152 | grad_G: 16.69
Epoch 76/80 | Step 528000 | G: 2.4933 | D_A: 0.0361 | D_B: 0.0000 | Cycle: 0.5891 | grad_G: 25.88
Epoch 76/80 | Step 528050 | G: 2.6593 | D_A: 0.0241 | D_B: 0.0001 | Cycle: 0.7364 | grad_G: 12.60
Epoch 76/80 | Step 528100 | G: 2.6839 | D_A: 0.0528 | D_B: 0.0002 | Cycle: 0.6440 | grad_G: 44.48
Epoch 76/80 | Step 528150 | G: 2.7620 | D_A: 0.1627 | D_B: 0.0000 | Cycle: 0.8209 | grad_G: 26.52
Epoch 76/80 | Step 528200 | G: 2.4725 | D_A: 0.1167 | D_B: 0.0001 | Cycle: 0.6361 | grad_G: 13.83
Epoch 76/80 | Step 528250 | G: 2.5962 | D_A: 0.0498 | D_B: 0.0000 | Cycle: 0.8185 | grad_G: 17.41
Epoch 76/80 | Step 528300 | G: 2.4350 | D_A: 0.0378 | D_B: 0.0000 | Cycle: 0.5950 | grad_G: 12.80
Epoch 76/80 | Step 528350 | G: 2.5967 | D_A: 0.0897 | D_B: 0.0000 | Cycle: 0.6933 | grad_G: 20.00
Epoch 76/80 | Step 528400 | G: 2.7494 | D_A: 0.0514 | D_B: 0.0001 | Cycle: 0.9662 | grad_G: 16.48
Epoch 76/80 | Step 528450 | G: 2.7356 | D_A: 0.0492 | D_B: 0.0000 | Cycle: 0.7769 | grad_G: 23.77
Epoch 76/80 | Step 528500 | G: 2.5804 | D_A: 0.0322 | D_B: 0.0001 | Cycle: 0.8703 | grad_G: 14.31
Epoch 76/80 | Step 528550 | G: 2.3787 | D_A: 0.2362 | D_B: 0.0003 | Cycle: 0.6395 | grad_G: 21.24
Epoch 76/80 | Step 528600 | G: 2.6506 | D_A: 0.0917 | D_B: 0.0001 | Cycle: 0.7477 | grad_G: 24.35
Epoch 76/80 | Step 528650 | G: 2.3741 | D_A: 0.0722 | D_B: 0.0001 | Cycle: 0.5294 | grad_G: 17.36
Epoch 76/80 | Step 528700 | G: 2.5075 | D_A: 0.1038 | D_B: 0.0001 | Cycle: 0.6355 | grad_G: 12.15
Epoch 76/80 | Step 528750 | G: 2.6994 | D_A: 0.0419 | D_B: 0.0001 | Cycle: 0.9363 | grad_G: 15.12
Epoch 76/80 | Step 528800 | G: 2.4301 | D_A: 0.0633 | D_B: 0.0001 | Cycle: 0.5653 | grad_G: 19.01
Epoch 76/80 | Step 528850 | G: 2.4799 | D_A: 0.0347 | D_B: 0.0001 | Cycle: 0.7181 | grad_G: 55.33
Epoch 76/80 | Step 528900 | G: 2.4620 | D_A: 0.0491 | D_B: 0.0001 | Cycle: 0.6380 | grad_G: 52.53
Epoch 76/80 | Step 528950 | G: 2.5790 | D_A: 0.0457 | D_B: 0.0001 | Cycle: 0.7175 | grad_G: 24.86
Epoch 76/80 | Step 529000 | G: 2.5748 | D_A: 0.1049 | D_B: 0.0000 | Cycle: 0.7813 | grad_G: 24.30
Epoch 76/80 | Step 529050 | G: 2.6162 | D_A: 0.0471 | D_B: 0.0001 | Cycle: 0.8043 | grad_G: 8.67
Epoch 76/80 | Step 529100 | G: 2.8968 | D_A: 0.0167 | D_B: 0.0002 | Cycle: 0.9521 | grad_G: 15.12
Epoch 76/80 | Step 529150 | G: 2.7182 | D_A: 0.0269 | D_B: 0.0000 | Cycle: 0.7068 | grad_G: 25.61
Epoch 76/80 | Step 529200 | G: 2.6331 | D_A: 0.0682 | D_B: 0.0001 | Cycle: 0.7398 | grad_G: 22.07
Epoch 76/80 | Step 529250 | G: 2.7450 | D_A: 0.0443 | D_B: 0.0000 | Cycle: 0.7473 | grad_G: 16.45
Epoch 76/80 | Step 529300 | G: 2.5644 | D_A: 0.0441 | D_B: 0.0001 | Cycle: 0.7757 | grad_G: 13.24
Epoch 76/80 | Step 529350 | G: 2.8995 | D_A: 0.0775 | D_B: 0.0000 | Cycle: 0.9319 | grad_G: 13.03
Epoch 76/80 | Step 529400 | G: 2.6098 | D_A: 0.0314 | D_B: 0.0000 | Cycle: 0.8221 | grad_G: 18.25
Epoch 76/80 | Step 529450 | G: 2.6322 | D_A: 0.0417 | D_B: 0.0001 | Cycle: 0.7432 | grad_G: 29.25
Epoch 76/80 | Step 529500 | G: 2.8490 | D_A: 0.0475 | D_B: 0.0001 | Cycle: 0.7728 | grad_G: 15.71
Epoch 76/80 | Step 529550 | G: 2.8041 | D_A: 0.0481 | D_B: 0.0001 | Cycle: 0.8406 | grad_G: 11.12
Epoch 76/80 | Step 529600 | G: 3.3900 | D_A: 0.0484 | D_B: 0.0000 | Cycle: 1.1703 | grad_G: 21.08
Epoch 76/80 | Step 529650 | G: 2.5165 | D_A: 0.0609 | D_B: 0.0001 | Cycle: 0.6558 | grad_G: 20.59
Epoch 76/80 | Step 529700 | G: 2.5977 | D_A: 0.0857 | D_B: 0.0001 | Cycle: 0.8155 | grad_G: 11.67
Epoch 76/80 | Step 529750 | G: 2.3560 | D_A: 0.1089 | D_B: 0.0002 | Cycle: 0.5897 | grad_G: 13.83
Epoch 76/80 | Step 529800 | G: 2.3291 | D_A: 0.0591 | D_B: 0.0000 | Cycle: 0.6763 | grad_G: 24.49
Epoch 76/80 | Step 529850 | G: 2.9561 | D_A: 0.0822 | D_B: 0.0000 | Cycle: 0.8602 | grad_G: 41.07
Epoch 76/80 | Step 529900 | G: 2.5945 | D_A: 0.0532 | D_B: 0.0001 | Cycle: 0.8726 | grad_G: 21.09
Epoch 76/80 | Step 529950 | G: 2.4275 | D_A: 0.0958 | D_B: 0.0000 | Cycle: 0.5792 | grad_G: 19.61
Epoch 76/80 | Step 530000 | G: 2.6665 | D_A: 0.0625 | D_B: 0.0000 | Cycle: 0.7643 | grad_G: 27.03
Epoch 76/80 | Step 530050 | G: 2.6019 | D_A: 0.0361 | D_B: 0.0001 | Cycle: 0.6601 | grad_G: 40.78
Epoch 76/80 | Step 530100 | G: 2.7598 | D_A: 0.0452 | D_B: 0.0000 | Cycle: 0.6607 | grad_G: 17.43
Epoch 76/80 | Step 530150 | G: 2.6962 | D_A: 0.0318 | D_B: 0.0001 | Cycle: 0.7547 | grad_G: 15.31
Epoch 76/80 | Step 530200 | G: 2.3665 | D_A: 0.0518 | D_B: 0.0000 | Cycle: 0.5520 | grad_G: 13.37
Epoch 76/80 | Step 530250 | G: 2.7449 | D_A: 0.1319 | D_B: 0.0000 | Cycle: 0.5658 | grad_G: 20.34
Epoch 76/80 | Step 530300 | G: 2.1783 | D_A: 0.1137 | D_B: 0.0000 | Cycle: 0.5310 | grad_G: 12.56
Epoch 76/80 | Step 530350 | G: 2.5701 | D_A: 0.0537 | D_B: 0.0000 | Cycle: 0.8907 | grad_G: 18.27
Epoch 76/80 | Step 530400 | G: 2.8014 | D_A: 0.0191 | D_B: 0.0001 | Cycle: 0.7311 | grad_G: 19.26
Epoch 76/80 | Step 530450 | G: 2.7558 | D_A: 0.0586 | D_B: 0.0001 | Cycle: 0.9562 | grad_G: 12.63
Epoch 76/80 | Step 530500 | G: 2.6259 | D_A: 0.1206 | D_B: 0.0000 | Cycle: 0.8069 | grad_G: 25.56
Epoch 76/80 | Step 530550 | G: 2.6665 | D_A: 0.0352 | D_B: 0.0000 | Cycle: 0.7163 | grad_G: 21.10
Epoch 76/80 | Step 530600 | G: 2.8985 | D_A: 0.0311 | D_B: 0.0000 | Cycle: 0.8716 | grad_G: 12.09
Epoch 76/80 | Step 530650 | G: 2.6116 | D_A: 0.0402 | D_B: 0.0000 | Cycle: 0.6486 | grad_G: 25.95
Epoch 76/80 | Step 530700 | G: 2.6596 | D_A: 0.2053 | D_B: 0.0000 | Cycle: 0.6751 | grad_G: 26.18
Epoch 76/80 | Step 530750 | G: 2.6679 | D_A: 0.0215 | D_B: 0.0000 | Cycle: 0.6765 | grad_G: 25.85
Epoch 76/80 | Step 530800 | G: 2.7535 | D_A: 0.1082 | D_B: 0.0001 | Cycle: 0.6969 | grad_G: 18.25
Epoch 76/80 | Step 530850 | G: 2.5234 | D_A: 0.2289 | D_B: 0.0001 | Cycle: 0.6776 | grad_G: 26.28
Epoch 76/80 | Step 530900 | G: 2.2678 | D_A: 0.0314 | D_B: 0.0001 | Cycle: 0.5919 | grad_G: 18.24
Epoch 76/80 | Step 530950 | G: 2.6861 | D_A: 0.0339 | D_B: 0.0001 | Cycle: 0.6992 | grad_G: 18.78
Epoch 76/80 | Step 531000 | G: 2.3405 | D_A: 0.0743 | D_B: 0.0001 | Cycle: 0.6474 | grad_G: 31.41
Epoch 76/80 | Step 531050 | G: 2.8140 | D_A: 0.0480 | D_B: 0.0001 | Cycle: 0.8445 | grad_G: 13.00
Epoch 76/80 | Step 531100 | G: 2.3768 | D_A: 0.0818 | D_B: 0.0001 | Cycle: 0.7114 | grad_G: 14.70
Epoch 76/80 | Step 531150 | G: 2.6453 | D_A: 0.0611 | D_B: 0.0001 | Cycle: 0.7966 | grad_G: 10.70
Epoch 76/80 | Step 531200 | G: 2.5289 | D_A: 0.0963 | D_B: 0.0001 | Cycle: 0.6967 | grad_G: 30.19
Epoch 76/80 | Step 531250 | G: 2.3456 | D_A: 0.0415 | D_B: 0.0001 | Cycle: 0.5786 | grad_G: 30.15
Epoch 76/80 | Step 531300 | G: 2.6210 | D_A: 0.0349 | D_B: 0.0001 | Cycle: 0.8078 | grad_G: 15.10
Epoch 76/80 | Step 531350 | G: 2.9930 | D_A: 0.0313 | D_B: 0.0001 | Cycle: 0.9385 | grad_G: 31.52
Epoch 76/80 | Step 531400 | G: 2.5022 | D_A: 0.0388 | D_B: 0.0003 | Cycle: 0.8728 | grad_G: 27.12
Epoch 76/80 | Step 531450 | G: 2.5857 | D_A: 0.0297 | D_B: 0.0003 | Cycle: 0.6766 | grad_G: 18.19
Epoch 76/80 | Step 531500 | G: 2.9750 | D_A: 0.0914 | D_B: 0.0004 | Cycle: 0.9312 | grad_G: 14.42
Epoch 76/80 | Step 531550 | G: 2.3524 | D_A: 0.0632 | D_B: 0.0001 | Cycle: 0.6320 | grad_G: 17.87
Epoch 76/80 | Step 531600 | G: 2.2981 | D_A: 0.0423 | D_B: 0.0000 | Cycle: 0.5369 | grad_G: 25.75
Epoch 76/80 | Step 531650 | G: 3.1558 | D_A: 0.0336 | D_B: 0.0001 | Cycle: 0.7737 | grad_G: 46.54
Epoch 76/80 | Step 531700 | G: 2.9675 | D_A: 0.0232 | D_B: 0.0001 | Cycle: 0.8443 | grad_G: 12.10
Epoch 76/80 | Step 531750 | G: 2.9398 | D_A: 0.0835 | D_B: 0.0001 | Cycle: 0.7229 | grad_G: 14.71
Epoch 76/80 | Step 531800 | G: 2.6056 | D_A: 0.0585 | D_B: 0.0001 | Cycle: 0.7177 | grad_G: 34.19
Epoch 76/80 | Step 531850 | G: 2.5339 | D_A: 0.0341 | D_B: 0.0001 | Cycle: 0.5069 | grad_G: 30.61
Epoch 76/80 | Step 531900 | G: 2.7685 | D_A: 0.0772 | D_B: 0.0001 | Cycle: 0.9333 | grad_G: 10.47
Epoch 76/80 | Step 531950 | G: 2.6459 | D_A: 0.0567 | D_B: 0.0001 | Cycle: 0.6870 | grad_G: 15.80
Epoch 76/80 | Step 532000 | G: 2.3158 | D_A: 0.0371 | D_B: 0.0001 | Cycle: 0.5306 | grad_G: 15.72
Epoch 76/80 | Step 532050 | G: 2.7772 | D_A: 0.0262 | D_B: 0.0001 | Cycle: 0.8117 | grad_G: 27.63
Epoch 76/80 | Step 532100 | G: 2.4802 | D_A: 0.0475 | D_B: 0.0001 | Cycle: 0.5748 | grad_G: 17.54
Epoch 76/80 | Step 532150 | G: 2.6604 | D_A: 0.0392 | D_B: 0.0000 | Cycle: 0.6614 | grad_G: 20.58
Epoch 76/80 | Step 532200 | G: 2.5803 | D_A: 0.0470 | D_B: 0.0000 | Cycle: 0.6633 | grad_G: 14.51
Epoch 76/80 | Step 532250 | G: 2.9372 | D_A: 0.0325 | D_B: 0.0001 | Cycle: 0.7837 | grad_G: 24.89
Epoch 76/80 | Step 532300 | G: 2.1561 | D_A: 0.0270 | D_B: 0.0000 | Cycle: 0.6191 | grad_G: 21.76
Epoch 76/80 | Step 532350 | G: 2.7272 | D_A: 0.0210 | D_B: 0.0001 | Cycle: 0.6833 | grad_G: 23.46
Epoch 76/80 | Step 532400 | G: 2.4639 | D_A: 0.0403 | D_B: 0.0001 | Cycle: 0.6476 | grad_G: 24.73
Epoch 76/80 | Step 532450 | G: 2.9024 | D_A: 0.0382 | D_B: 0.0001 | Cycle: 0.7643 | grad_G: 20.27
Epoch 76/80 | Step 532500 | G: 2.2937 | D_A: 0.0569 | D_B: 0.0002 | Cycle: 0.7038 | grad_G: 29.28
Epoch 76/80 | Step 532550 | G: 2.4346 | D_A: 0.0448 | D_B: 0.0000 | Cycle: 0.6978 | grad_G: 19.94
Epoch 76/80 | Step 532600 | G: 2.5101 | D_A: 0.0541 | D_B: 0.0001 | Cycle: 0.6377 | grad_G: 16.90
Epoch 76/80 | Step 532650 | G: 2.3079 | D_A: 0.0605 | D_B: 0.0001 | Cycle: 0.5987 | grad_G: 22.63
Epoch 76/80 | Step 532700 | G: 2.8079 | D_A: 0.0273 | D_B: 0.0000 | Cycle: 0.8512 | grad_G: 17.02
Epoch 76/80 | Step 532750 | G: 2.4816 | D_A: 0.0278 | D_B: 0.0000 | Cycle: 0.5877 | grad_G: 36.27
Epoch 76/80 | Step 532800 | G: 2.8998 | D_A: 0.0608 | D_B: 0.0003 | Cycle: 1.0553 | grad_G: 11.74
Epoch 76/80 | Step 532850 | G: 2.7041 | D_A: 0.0666 | D_B: 0.0001 | Cycle: 0.8065 | grad_G: 12.04
Epoch 76/80 | Step 532900 | G: 2.7373 | D_A: 0.0329 | D_B: 0.0001 | Cycle: 0.7478 | grad_G: 17.69
Epoch 76/80 | Step 532950 | G: 2.4447 | D_A: 0.1641 | D_B: 0.0000 | Cycle: 0.6806 | grad_G: 13.51
Epoch 76/80 | Step 533000 | G: 2.6124 | D_A: 0.0718 | D_B: 0.0000 | Cycle: 0.5949 | grad_G: 19.40
Epoch 76/80 | Step 533050 | G: 2.7733 | D_A: 0.0326 | D_B: 0.0001 | Cycle: 0.8574 | grad_G: 19.15
Epoch 76/80 | Step 533100 | G: 2.3320 | D_A: 0.0875 | D_B: 0.0000 | Cycle: 0.6009 | grad_G: 14.50
Epoch 76/80 | Step 533150 | G: 2.8049 | D_A: 0.0818 | D_B: 0.0001 | Cycle: 0.7535 | grad_G: 15.90
Epoch 76/80 | Step 533200 | G: 2.5796 | D_A: 0.0241 | D_B: 0.0000 | Cycle: 0.7235 | grad_G: 26.93
Epoch 76/80 | Step 533250 | G: 2.1091 | D_A: 0.0459 | D_B: 0.0001 | Cycle: 0.5027 | grad_G: 21.09
Epoch 76/80 | Step 533300 | G: 2.9262 | D_A: 0.0380 | D_B: 0.0001 | Cycle: 0.7501 | grad_G: 41.83
Epoch 76/80 | Step 533350 | G: 2.6574 | D_A: 0.0497 | D_B: 0.0001 | Cycle: 0.7682 | grad_G: 17.68
Epoch 76/80 | Step 533400 | G: 2.6539 | D_A: 0.0261 | D_B: 0.0001 | Cycle: 0.6627 | grad_G: 18.41
Epoch 76/80 | Step 533450 | G: 2.7701 | D_A: 0.0782 | D_B: 0.0001 | Cycle: 0.7338 | grad_G: 16.62
Epoch 76/80 | Step 533500 | G: 2.6732 | D_A: 0.0502 | D_B: 0.0001 | Cycle: 0.8623 | grad_G: 24.63
Epoch 76/80 | Step 533550 | G: 2.4894 | D_A: 0.0412 | D_B: 0.0000 | Cycle: 0.6653 | grad_G: 47.68
Epoch 76/80 | Step 533600 | G: 2.4457 | D_A: 0.0445 | D_B: 0.0001 | Cycle: 0.5445 | grad_G: 21.01
Epoch 76/80 | Step 533650 | G: 2.4584 | D_A: 0.1561 | D_B: 0.0001 | Cycle: 0.5868 | grad_G: 22.76
Epoch 76/80 | Step 533700 | G: 2.7938 | D_A: 0.0689 | D_B: 0.0001 | Cycle: 0.7903 | grad_G: 14.86
Epoch 76/80 | Step 533750 | G: 2.8153 | D_A: 0.0361 | D_B: 0.0000 | Cycle: 0.8210 | grad_G: 21.16
Epoch 76/80 | Step 533800 | G: 2.6010 | D_A: 0.0355 | D_B: 0.0001 | Cycle: 0.7543 | grad_G: 15.48
Epoch 76/80 | Step 533850 | G: 2.6141 | D_A: 0.0365 | D_B: 0.0000 | Cycle: 0.5918 | grad_G: 21.60
Epoch 76/80 | Step 533900 | G: 3.0546 | D_A: 0.0724 | D_B: 0.0000 | Cycle: 0.8089 | grad_G: 18.67
Epoch 76/80 | Step 533950 | G: 3.1032 | D_A: 0.0397 | D_B: 0.0001 | Cycle: 0.9427 | grad_G: 18.69
Epoch 76/80 | Step 534000 | G: 2.4702 | D_A: 0.0319 | D_B: 0.0000 | Cycle: 0.6279 | grad_G: 38.12
Epoch 76/80 | Step 534050 | G: 2.3558 | D_A: 0.0957 | D_B: 0.0001 | Cycle: 0.5781 | grad_G: 52.73
Epoch 76/80 | Step 534100 | G: 2.2714 | D_A: 0.0521 | D_B: 0.0000 | Cycle: 0.4506 | grad_G: 22.05
Epoch 76/80 | Step 534150 | G: 2.9173 | D_A: 0.0250 | D_B: 0.0000 | Cycle: 0.7331 | grad_G: 25.80
Epoch 76/80 | Step 534200 | G: 2.5063 | D_A: 0.0390 | D_B: 0.0000 | Cycle: 0.7507 | grad_G: 14.51
Epoch 76/80 | Step 534250 | G: 2.7681 | D_A: 0.0254 | D_B: 0.0000 | Cycle: 0.8486 | grad_G: 12.03
Epoch 76/80 | Step 534300 | G: 2.9495 | D_A: 0.0346 | D_B: 0.0001 | Cycle: 0.8864 | grad_G: 14.98
Epoch 76/80 | Step 534350 | G: 2.7920 | D_A: 0.0289 | D_B: 0.0000 | Cycle: 0.7403 | grad_G: 17.28
Epoch 76/80 | Step 534400 | G: 2.5378 | D_A: 0.0618 | D_B: 0.0000 | Cycle: 0.8482 | grad_G: 15.28
Epoch 76/80 | Step 534450 | G: 2.6640 | D_A: 0.0379 | D_B: 0.0003 | Cycle: 0.8417 | grad_G: 24.04
Epoch 76/80 | Step 534500 | G: 2.8734 | D_A: 0.0318 | D_B: 0.0000 | Cycle: 0.9878 | grad_G: 21.48
Epoch 76/80 | Step 534550 | G: 2.6714 | D_A: 0.0399 | D_B: 0.0000 | Cycle: 0.7191 | grad_G: 19.42
Epoch 76/80 | Step 534600 | G: 2.6100 | D_A: 0.0348 | D_B: 0.0001 | Cycle: 0.6779 | grad_G: 28.75
Epoch 76/80 | Step 534650 | G: 2.7655 | D_A: 0.0960 | D_B: 0.0001 | Cycle: 1.0628 | grad_G: 28.71
Epoch 76/80 | Step 534700 | G: 2.7498 | D_A: 0.0363 | D_B: 0.0001 | Cycle: 0.8581 | grad_G: 18.23
Epoch 76/80 | Step 534750 | G: 2.2475 | D_A: 0.0411 | D_B: 0.0000 | Cycle: 0.4276 | grad_G: 27.26
Epoch 76/80 | Step 534800 | G: 2.7772 | D_A: 0.0449 | D_B: 0.0001 | Cycle: 0.8423 | grad_G: 16.91
Epoch 76/80 | Step 534850 | G: 2.7075 | D_A: 0.0276 | D_B: 0.0000 | Cycle: 0.6939 | grad_G: 12.19
Epoch 76/80 complete | Time: 425s | Avg G: 2.6104 | Avg D: 0.0286 | grad_G: 21.62
Epoch 77/80 | Step 534900 | G: 2.5947 | D_A: 0.0997 | D_B: 0.0001 | Cycle: 0.6781 | grad_G: 12.36
Epoch 77/80 | Step 534950 | G: 3.0493 | D_A: 0.0647 | D_B: 0.0000 | Cycle: 0.9464 | grad_G: 20.28
Epoch 77/80 | Step 535000 | G: 2.7016 | D_A: 0.0402 | D_B: 0.0000 | Cycle: 0.7021 | grad_G: 15.62
Epoch 77/80 | Step 535050 | G: 2.7018 | D_A: 0.0573 | D_B: 0.0000 | Cycle: 0.6611 | grad_G: 19.21
Epoch 77/80 | Step 535100 | G: 2.5514 | D_A: 0.0317 | D_B: 0.0001 | Cycle: 0.7088 | grad_G: 17.55
Epoch 77/80 | Step 535150 | G: 2.6305 | D_A: 0.0561 | D_B: 0.0001 | Cycle: 0.7450 | grad_G: 17.51
Epoch 77/80 | Step 535200 | G: 2.8385 | D_A: 0.0440 | D_B: 0.0001 | Cycle: 0.8008 | grad_G: 11.99
Epoch 77/80 | Step 535250 | G: 2.4308 | D_A: 0.0354 | D_B: 0.0000 | Cycle: 0.5814 | grad_G: 13.63
Epoch 77/80 | Step 535300 | G: 2.4181 | D_A: 0.0262 | D_B: 0.0000 | Cycle: 0.5717 | grad_G: 31.82
Epoch 77/80 | Step 535350 | G: 2.5282 | D_A: 0.0880 | D_B: 0.0000 | Cycle: 0.7817 | grad_G: 16.25
Epoch 77/80 | Step 535400 | G: 2.6688 | D_A: 0.0439 | D_B: 0.0001 | Cycle: 0.7370 | grad_G: 48.20
Epoch 77/80 | Step 535450 | G: 2.3074 | D_A: 0.0361 | D_B: 0.0011 | Cycle: 0.5690 | grad_G: 16.61
Epoch 77/80 | Step 535500 | G: 2.5894 | D_A: 0.0492 | D_B: 0.0001 | Cycle: 0.7999 | grad_G: 29.19
Epoch 77/80 | Step 535550 | G: 2.7152 | D_A: 0.0278 | D_B: 0.0002 | Cycle: 0.8045 | grad_G: 17.39
Epoch 77/80 | Step 535600 | G: 3.0495 | D_A: 0.0350 | D_B: 0.0001 | Cycle: 1.1038 | grad_G: 14.02
Epoch 77/80 | Step 535650 | G: 2.9091 | D_A: 0.0492 | D_B: 0.0000 | Cycle: 0.5999 | grad_G: 42.30
Epoch 77/80 | Step 535700 | G: 2.6477 | D_A: 0.0258 | D_B: 0.0006 | Cycle: 0.6977 | grad_G: 22.43
Epoch 77/80 | Step 535750 | G: 2.4106 | D_A: 0.0750 | D_B: 0.0001 | Cycle: 0.5448 | grad_G: 39.99
Epoch 77/80 | Step 535800 | G: 2.4458 | D_A: 0.0413 | D_B: 0.0004 | Cycle: 0.6405 | grad_G: 14.35
Epoch 77/80 | Step 535850 | G: 2.6742 | D_A: 0.0456 | D_B: 0.0001 | Cycle: 0.7790 | grad_G: 19.79
Epoch 77/80 | Step 535900 | G: 2.7778 | D_A: 0.0415 | D_B: 0.0000 | Cycle: 0.8650 | grad_G: 28.95
Epoch 77/80 | Step 535950 | G: 2.6160 | D_A: 0.0465 | D_B: 0.0000 | Cycle: 0.6775 | grad_G: 13.87
Epoch 77/80 | Step 536000 | G: 2.4490 | D_A: 0.0834 | D_B: 0.0000 | Cycle: 0.6924 | grad_G: 21.83
Epoch 77/80 | Step 536050 | G: 2.2551 | D_A: 0.1471 | D_B: 0.0001 | Cycle: 0.5463 | grad_G: 24.35
Epoch 77/80 | Step 536100 | G: 2.6097 | D_A: 0.0504 | D_B: 0.0000 | Cycle: 0.7674 | grad_G: 31.25
Epoch 77/80 | Step 536150 | G: 2.7347 | D_A: 0.0308 | D_B: 0.0001 | Cycle: 0.8339 | grad_G: 17.02
Epoch 77/80 | Step 536200 | G: 2.3733 | D_A: 0.0225 | D_B: 0.0001 | Cycle: 0.5977 | grad_G: 15.72
Epoch 77/80 | Step 536250 | G: 2.8720 | D_A: 0.0399 | D_B: 0.0001 | Cycle: 1.0250 | grad_G: 9.53
Epoch 77/80 | Step 536300 | G: 2.3426 | D_A: 0.0677 | D_B: 0.0001 | Cycle: 0.5995 | grad_G: 29.83
Epoch 77/80 | Step 536350 | G: 2.7166 | D_A: 0.0641 | D_B: 0.0007 | Cycle: 0.7490 | grad_G: 17.47
Epoch 77/80 | Step 536400 | G: 2.9678 | D_A: 0.2213 | D_B: 0.0000 | Cycle: 0.7776 | grad_G: 18.27
Epoch 77/80 | Step 536450 | G: 2.9847 | D_A: 0.0293 | D_B: 0.0000 | Cycle: 0.7578 | grad_G: 16.61
Epoch 77/80 | Step 536500 | G: 2.8211 | D_A: 0.1065 | D_B: 0.0001 | Cycle: 0.7998 | grad_G: 15.81
Epoch 77/80 | Step 536550 | G: 2.2953 | D_A: 0.0258 | D_B: 0.0014 | Cycle: 0.7359 | grad_G: 16.31
Epoch 77/80 | Step 536600 | G: 2.6463 | D_A: 0.0595 | D_B: 0.0001 | Cycle: 0.7525 | grad_G: 14.24
Epoch 77/80 | Step 536650 | G: 2.3735 | D_A: 0.0253 | D_B: 0.0001 | Cycle: 0.5013 | grad_G: 11.14
Epoch 77/80 | Step 536700 | G: 2.7733 | D_A: 0.0334 | D_B: 0.0002 | Cycle: 0.8336 | grad_G: 12.59
Epoch 77/80 | Step 536750 | G: 2.2068 | D_A: 0.0425 | D_B: 0.0004 | Cycle: 0.5296 | grad_G: 19.88
Epoch 77/80 | Step 536800 | G: 2.3727 | D_A: 0.0482 | D_B: 0.0001 | Cycle: 0.6648 | grad_G: 49.36
Epoch 77/80 | Step 536850 | G: 2.8730 | D_A: 0.0268 | D_B: 0.0002 | Cycle: 0.9176 | grad_G: 14.01
Epoch 77/80 | Step 536900 | G: 2.4060 | D_A: 0.0526 | D_B: 0.0001 | Cycle: 0.6499 | grad_G: 18.45
Epoch 77/80 | Step 536950 | G: 2.3897 | D_A: 0.0505 | D_B: 0.0004 | Cycle: 0.5572 | grad_G: 19.17
Epoch 77/80 | Step 537000 | G: 2.9942 | D_A: 0.0383 | D_B: 0.0000 | Cycle: 1.0106 | grad_G: 12.92
Epoch 77/80 | Step 537050 | G: 2.2097 | D_A: 0.0679 | D_B: 0.0001 | Cycle: 0.7804 | grad_G: 19.65
Epoch 77/80 | Step 537100 | G: 2.5658 | D_A: 0.0924 | D_B: 0.0001 | Cycle: 0.5584 | grad_G: 39.08
Epoch 77/80 | Step 537150 | G: 2.7490 | D_A: 0.0475 | D_B: 0.0001 | Cycle: 0.8487 | grad_G: 19.37
Epoch 77/80 | Step 537200 | G: 2.3245 | D_A: 0.0474 | D_B: 0.0000 | Cycle: 0.6143 | grad_G: 15.86
Epoch 77/80 | Step 537250 | G: 2.6789 | D_A: 0.0268 | D_B: 0.0001 | Cycle: 0.6990 | grad_G: 21.82
Epoch 77/80 | Step 537300 | G: 2.5020 | D_A: 0.0651 | D_B: 0.0001 | Cycle: 0.7011 | grad_G: 20.57
Epoch 77/80 | Step 537350 | G: 2.6389 | D_A: 0.0454 | D_B: 0.0000 | Cycle: 0.6970 | grad_G: 15.08
Epoch 77/80 | Step 537400 | G: 2.1813 | D_A: 0.0381 | D_B: 0.0003 | Cycle: 0.4657 | grad_G: 14.80
Epoch 77/80 | Step 537450 | G: 2.3086 | D_A: 0.0421 | D_B: 0.0092 | Cycle: 0.6382 | grad_G: 13.13
Epoch 77/80 | Step 537500 | G: 2.7486 | D_A: 0.0524 | D_B: 0.0001 | Cycle: 0.7345 | grad_G: 21.04
Epoch 77/80 | Step 537550 | G: 2.2088 | D_A: 0.0918 | D_B: 0.0000 | Cycle: 0.6330 | grad_G: 15.46
Epoch 77/80 | Step 537600 | G: 2.8041 | D_A: 0.0579 | D_B: 0.0001 | Cycle: 0.6559 | grad_G: 20.34
Epoch 77/80 | Step 537650 | G: 2.5775 | D_A: 0.0389 | D_B: 0.0000 | Cycle: 0.6164 | grad_G: 33.08
Epoch 77/80 | Step 537700 | G: 2.4285 | D_A: 0.0467 | D_B: 0.0000 | Cycle: 0.5546 | grad_G: 25.07
Epoch 77/80 | Step 537750 | G: 2.4171 | D_A: 0.0290 | D_B: 0.0001 | Cycle: 0.4675 | grad_G: 24.26
Epoch 77/80 | Step 537800 | G: 2.6813 | D_A: 0.0599 | D_B: 0.0001 | Cycle: 0.7054 | grad_G: 13.57
Epoch 77/80 | Step 537850 | G: 2.6390 | D_A: 0.0266 | D_B: 0.0004 | Cycle: 0.5719 | grad_G: 17.94
Epoch 77/80 | Step 537900 | G: 2.6810 | D_A: 0.0454 | D_B: 0.0004 | Cycle: 0.8568 | grad_G: 14.25
Epoch 77/80 | Step 537950 | G: 2.5178 | D_A: 0.0480 | D_B: 0.0002 | Cycle: 0.7407 | grad_G: 20.30
Epoch 77/80 | Step 538000 | G: 2.3409 | D_A: 0.0600 | D_B: 0.0001 | Cycle: 0.6455 | grad_G: 20.65
Epoch 77/80 | Step 538050 | G: 2.5849 | D_A: 0.0377 | D_B: 0.0001 | Cycle: 0.7945 | grad_G: 16.49
Epoch 77/80 | Step 538100 | G: 2.9233 | D_A: 0.0273 | D_B: 0.0001 | Cycle: 0.8865 | grad_G: 12.76
Epoch 77/80 | Step 538150 | G: 2.3563 | D_A: 0.0297 | D_B: 0.0001 | Cycle: 0.6355 | grad_G: 31.85
Epoch 77/80 | Step 538200 | G: 2.6342 | D_A: 0.0266 | D_B: 0.0001 | Cycle: 0.7107 | grad_G: 39.18
Epoch 77/80 | Step 538250 | G: 2.5168 | D_A: 0.0346 | D_B: 0.0001 | Cycle: 0.6053 | grad_G: 20.15
Epoch 77/80 | Step 538300 | G: 2.5518 | D_A: 0.0268 | D_B: 0.0000 | Cycle: 0.6815 | grad_G: 18.62
Epoch 77/80 | Step 538350 | G: 2.5498 | D_A: 0.0292 | D_B: 0.0001 | Cycle: 0.6073 | grad_G: 27.66
Epoch 77/80 | Step 538400 | G: 2.3790 | D_A: 0.0998 | D_B: 0.0000 | Cycle: 0.5716 | grad_G: 30.23
Epoch 77/80 | Step 538450 | G: 2.5966 | D_A: 0.0943 | D_B: 0.0000 | Cycle: 0.5569 | grad_G: 15.47
Epoch 77/80 | Step 538500 | G: 2.7761 | D_A: 0.0331 | D_B: 0.0001 | Cycle: 0.6844 | grad_G: 14.41
Epoch 77/80 | Step 538550 | G: 2.5663 | D_A: 0.0354 | D_B: 0.0005 | Cycle: 0.6833 | grad_G: 22.14
Epoch 77/80 | Step 538600 | G: 2.4705 | D_A: 0.0398 | D_B: 0.0002 | Cycle: 0.7883 | grad_G: 21.13
Epoch 77/80 | Step 538650 | G: 2.5187 | D_A: 0.0447 | D_B: 0.0000 | Cycle: 0.6942 | grad_G: 13.09
Epoch 77/80 | Step 538700 | G: 2.5776 | D_A: 0.0370 | D_B: 0.0024 | Cycle: 0.7397 | grad_G: 35.35
Epoch 77/80 | Step 538750 | G: 2.3261 | D_A: 0.0357 | D_B: 0.0002 | Cycle: 0.6169 | grad_G: 13.08
Epoch 77/80 | Step 538800 | G: 2.3912 | D_A: 0.1538 | D_B: 0.0001 | Cycle: 0.7799 | grad_G: 13.70
Epoch 77/80 | Step 538850 | G: 2.4553 | D_A: 0.0775 | D_B: 0.0001 | Cycle: 0.7860 | grad_G: 12.77
Epoch 77/80 | Step 538900 | G: 3.3805 | D_A: 0.0203 | D_B: 0.0002 | Cycle: 1.2069 | grad_G: 14.53
Epoch 77/80 | Step 538950 | G: 2.5252 | D_A: 0.0746 | D_B: 0.0002 | Cycle: 0.6388 | grad_G: 28.65
Epoch 77/80 | Step 539000 | G: 2.9143 | D_A: 0.0666 | D_B: 0.0001 | Cycle: 0.6992 | grad_G: 20.51
Epoch 77/80 | Step 539050 | G: 2.5352 | D_A: 0.0326 | D_B: 0.0001 | Cycle: 0.6345 | grad_G: 15.42
Epoch 77/80 | Step 539100 | G: 2.7213 | D_A: 0.0206 | D_B: 0.0001 | Cycle: 0.7032 | grad_G: 30.93
Epoch 77/80 | Step 539150 | G: 2.3252 | D_A: 0.0355 | D_B: 0.0001 | Cycle: 0.6211 | grad_G: 13.04
Epoch 77/80 | Step 539200 | G: 2.5213 | D_A: 0.0267 | D_B: 0.0000 | Cycle: 0.6381 | grad_G: 13.91
Epoch 77/80 | Step 539250 | G: 2.6940 | D_A: 0.0344 | D_B: 0.0001 | Cycle: 0.8304 | grad_G: 25.53
Epoch 77/80 | Step 539300 | G: 2.6493 | D_A: 0.0172 | D_B: 0.0002 | Cycle: 0.6073 | grad_G: 33.69
Epoch 77/80 | Step 539350 | G: 2.4386 | D_A: 0.0328 | D_B: 0.0000 | Cycle: 0.6242 | grad_G: 17.56
Epoch 77/80 | Step 539400 | G: 2.6457 | D_A: 0.0417 | D_B: 0.0001 | Cycle: 0.7139 | grad_G: 15.22
Epoch 77/80 | Step 539450 | G: 2.6510 | D_A: 0.0871 | D_B: 0.0001 | Cycle: 0.7332 | grad_G: 18.92
Epoch 77/80 | Step 539500 | G: 2.6615 | D_A: 0.0589 | D_B: 0.0001 | Cycle: 0.7519 | grad_G: 22.19
Epoch 77/80 | Step 539550 | G: 2.2907 | D_A: 0.0450 | D_B: 0.0001 | Cycle: 0.5524 | grad_G: 12.03
Epoch 77/80 | Step 539600 | G: 2.5184 | D_A: 0.0532 | D_B: 0.0001 | Cycle: 0.6266 | grad_G: 13.30
Epoch 77/80 | Step 539650 | G: 2.6270 | D_A: 0.0612 | D_B: 0.0000 | Cycle: 0.7679 | grad_G: 34.52
Epoch 77/80 | Step 539700 | G: 2.4089 | D_A: 0.0470 | D_B: 0.0001 | Cycle: 0.6210 | grad_G: 18.00
Epoch 77/80 | Step 539750 | G: 2.5587 | D_A: 0.0440 | D_B: 0.0000 | Cycle: 0.6504 | grad_G: 13.81
Epoch 77/80 | Step 539800 | G: 2.7833 | D_A: 0.0349 | D_B: 0.0001 | Cycle: 0.8971 | grad_G: 16.25
Epoch 77/80 | Step 539850 | G: 2.2864 | D_A: 0.0467 | D_B: 0.0000 | Cycle: 0.5412 | grad_G: 28.52
Epoch 77/80 | Step 539900 | G: 2.3385 | D_A: 0.0338 | D_B: 0.0001 | Cycle: 0.6097 | grad_G: 10.01
Epoch 77/80 | Step 539950 | G: 2.5898 | D_A: 0.0340 | D_B: 0.0003 | Cycle: 0.7371 | grad_G: 16.74
Epoch 77/80 | Step 540000 | G: 2.3133 | D_A: 0.0598 | D_B: 0.0001 | Cycle: 0.5947 | grad_G: 16.33
Epoch 77/80 | Step 540050 | G: 2.6867 | D_A: 0.0773 | D_B: 0.0001 | Cycle: 0.6284 | grad_G: 14.94
Epoch 77/80 | Step 540100 | G: 2.6577 | D_A: 0.0351 | D_B: 0.0001 | Cycle: 0.6490 | grad_G: 18.07
Epoch 77/80 | Step 540150 | G: 2.2283 | D_A: 0.0565 | D_B: 0.0002 | Cycle: 0.5884 | grad_G: 22.96
Epoch 77/80 | Step 540200 | G: 2.6021 | D_A: 0.0325 | D_B: 0.0000 | Cycle: 0.6724 | grad_G: 25.53
Epoch 77/80 | Step 540250 | G: 2.5780 | D_A: 0.0477 | D_B: 0.0001 | Cycle: 0.6456 | grad_G: 17.43
Epoch 77/80 | Step 540300 | G: 2.3721 | D_A: 0.1072 | D_B: 0.0000 | Cycle: 0.5341 | grad_G: 11.06
Epoch 77/80 | Step 540350 | G: 2.7125 | D_A: 0.0291 | D_B: 0.0001 | Cycle: 0.6791 | grad_G: 18.07
Epoch 77/80 | Step 540400 | G: 2.4886 | D_A: 0.0878 | D_B: 0.0001 | Cycle: 0.6440 | grad_G: 22.90
Epoch 77/80 | Step 540450 | G: 2.5947 | D_A: 0.0349 | D_B: 0.0026 | Cycle: 0.7585 | grad_G: 34.79
Epoch 77/80 | Step 540500 | G: 2.6024 | D_A: 0.0523 | D_B: 0.0001 | Cycle: 0.7629 | grad_G: 15.61
Epoch 77/80 | Step 540550 | G: 2.4941 | D_A: 0.0769 | D_B: 0.0001 | Cycle: 0.6118 | grad_G: 18.19
Epoch 77/80 | Step 540600 | G: 2.7167 | D_A: 0.0358 | D_B: 0.0002 | Cycle: 0.8423 | grad_G: 12.38
Epoch 77/80 | Step 540650 | G: 2.6786 | D_A: 0.0414 | D_B: 0.0003 | Cycle: 0.6632 | grad_G: 13.43
Epoch 77/80 | Step 540700 | G: 2.8389 | D_A: 0.0375 | D_B: 0.0004 | Cycle: 0.9894 | grad_G: 11.68
Epoch 77/80 | Step 540750 | G: 2.2748 | D_A: 0.0874 | D_B: 0.0001 | Cycle: 0.6701 | grad_G: 23.17
Epoch 77/80 | Step 540800 | G: 2.4822 | D_A: 0.0410 | D_B: 0.0001 | Cycle: 0.7156 | grad_G: 16.02
Epoch 77/80 | Step 540850 | G: 2.8831 | D_A: 0.0375 | D_B: 0.0000 | Cycle: 0.8819 | grad_G: 13.89
Epoch 77/80 | Step 540900 | G: 2.6395 | D_A: 0.1299 | D_B: 0.0001 | Cycle: 0.6146 | grad_G: 28.51
Epoch 77/80 | Step 540950 | G: 2.5045 | D_A: 0.0475 | D_B: 0.0003 | Cycle: 0.7511 | grad_G: 29.98
Epoch 77/80 | Step 541000 | G: 2.5754 | D_A: 0.1931 | D_B: 0.0002 | Cycle: 0.6429 | grad_G: 16.17
Epoch 77/80 | Step 541050 | G: 2.5625 | D_A: 0.1345 | D_B: 0.0006 | Cycle: 0.7789 | grad_G: 16.60
Epoch 77/80 | Step 541100 | G: 2.7844 | D_A: 0.0382 | D_B: 0.0002 | Cycle: 0.7696 | grad_G: 23.18
Epoch 77/80 | Step 541150 | G: 2.2645 | D_A: 0.0223 | D_B: 0.0002 | Cycle: 0.5278 | grad_G: 15.16
Epoch 77/80 | Step 541200 | G: 2.3918 | D_A: 0.0804 | D_B: 0.0001 | Cycle: 0.6171 | grad_G: 10.72
Epoch 77/80 | Step 541250 | G: 2.3821 | D_A: 0.0516 | D_B: 0.0001 | Cycle: 0.6239 | grad_G: 15.29
Epoch 77/80 | Step 541300 | G: 2.8871 | D_A: 0.0442 | D_B: 0.0002 | Cycle: 0.7165 | grad_G: 16.84
Epoch 77/80 | Step 541350 | G: 2.3417 | D_A: 0.0918 | D_B: 0.0002 | Cycle: 0.4519 | grad_G: 13.37
Epoch 77/80 | Step 541400 | G: 2.4875 | D_A: 0.0341 | D_B: 0.0002 | Cycle: 0.6040 | grad_G: 30.45
Epoch 77/80 | Step 541450 | G: 2.5521 | D_A: 0.0383 | D_B: 0.0002 | Cycle: 0.7062 | grad_G: 34.51
Epoch 77/80 | Step 541500 | G: 2.4718 | D_A: 0.0417 | D_B: 0.0001 | Cycle: 0.6416 | grad_G: 11.92
Epoch 77/80 | Step 541550 | G: 2.7396 | D_A: 0.0352 | D_B: 0.0003 | Cycle: 0.6438 | grad_G: 30.99
Epoch 77/80 | Step 541600 | G: 2.7052 | D_A: 0.0696 | D_B: 0.0002 | Cycle: 0.6531 | grad_G: 20.35
Epoch 77/80 | Step 541650 | G: 2.2554 | D_A: 0.0684 | D_B: 0.0004 | Cycle: 0.6018 | grad_G: 17.36
Epoch 77/80 | Step 541700 | G: 2.5082 | D_A: 0.0726 | D_B: 0.0001 | Cycle: 0.5315 | grad_G: 19.30
Epoch 77/80 | Step 541750 | G: 2.5677 | D_A: 0.0496 | D_B: 0.0009 | Cycle: 0.7824 | grad_G: 24.94
Epoch 77/80 | Step 541800 | G: 2.5706 | D_A: 0.0879 | D_B: 0.0002 | Cycle: 0.7006 | grad_G: 21.96
Epoch 77/80 | Step 541850 | G: 2.5938 | D_A: 0.0658 | D_B: 0.0006 | Cycle: 0.6197 | grad_G: 18.92
Epoch 77/80 | Step 541900 | G: 2.3566 | D_A: 0.0457 | D_B: 0.0003 | Cycle: 0.5020 | grad_G: 27.07
Epoch 77/80 complete | Time: 450s | Avg G: 2.6049 | Avg D: 0.0285 | grad_G: 21.73
Epoch 78/80 | Step 541950 | G: 2.3908 | D_A: 0.0357 | D_B: 0.0002 | Cycle: 0.5742 | grad_G: 16.49
Epoch 78/80 | Step 542000 | G: 2.4079 | D_A: 0.0395 | D_B: 0.0001 | Cycle: 0.5783 | grad_G: 16.19
Epoch 78/80 | Step 542050 | G: 2.3128 | D_A: 0.0492 | D_B: 0.0001 | Cycle: 0.6480 | grad_G: 13.55
Epoch 78/80 | Step 542100 | G: 2.3524 | D_A: 0.0282 | D_B: 0.0002 | Cycle: 0.4267 | grad_G: 22.57
Epoch 78/80 | Step 542150 | G: 2.4187 | D_A: 0.0252 | D_B: 0.0001 | Cycle: 0.5057 | grad_G: 35.09
Epoch 78/80 | Step 542200 | G: 2.5460 | D_A: 0.0568 | D_B: 0.0004 | Cycle: 0.7106 | grad_G: 22.92
Epoch 78/80 | Step 542250 | G: 2.7776 | D_A: 0.1058 | D_B: 0.0002 | Cycle: 0.7856 | grad_G: 12.62
Epoch 78/80 | Step 542300 | G: 2.9671 | D_A: 0.0544 | D_B: 0.0001 | Cycle: 0.8952 | grad_G: 20.85
Epoch 78/80 | Step 542350 | G: 2.5755 | D_A: 0.0790 | D_B: 0.0001 | Cycle: 0.6881 | grad_G: 14.86
Epoch 78/80 | Step 542400 | G: 2.4313 | D_A: 0.0794 | D_B: 0.0005 | Cycle: 0.7224 | grad_G: 14.91
Epoch 78/80 | Step 542450 | G: 2.5967 | D_A: 0.0275 | D_B: 0.0001 | Cycle: 0.7171 | grad_G: 13.55
Epoch 78/80 | Step 542500 | G: 2.6176 | D_A: 0.0278 | D_B: 0.0002 | Cycle: 0.6752 | grad_G: 16.01
Epoch 78/80 | Step 542550 | G: 2.4067 | D_A: 0.0672 | D_B: 0.0001 | Cycle: 0.6245 | grad_G: 25.70
Epoch 78/80 | Step 542600 | G: 2.6076 | D_A: 0.0906 | D_B: 0.0002 | Cycle: 0.6887 | grad_G: 11.82
Epoch 78/80 | Step 542650 | G: 2.7661 | D_A: 0.0499 | D_B: 0.0001 | Cycle: 0.7124 | grad_G: 19.94
Epoch 78/80 | Step 542700 | G: 3.0283 | D_A: 0.0308 | D_B: 0.0001 | Cycle: 0.8206 | grad_G: 17.28
Epoch 78/80 | Step 542750 | G: 2.8164 | D_A: 0.0259 | D_B: 0.0001 | Cycle: 0.8223 | grad_G: 15.89
Epoch 78/80 | Step 542800 | G: 2.7073 | D_A: 0.0405 | D_B: 0.0002 | Cycle: 0.8585 | grad_G: 15.35
Epoch 78/80 | Step 542850 | G: 2.3785 | D_A: 0.0548 | D_B: 0.0000 | Cycle: 0.7184 | grad_G: 24.50
Epoch 78/80 | Step 542900 | G: 2.3436 | D_A: 0.0786 | D_B: 0.0001 | Cycle: 0.7009 | grad_G: 14.88
Epoch 78/80 | Step 542950 | G: 2.4835 | D_A: 0.1042 | D_B: 0.0000 | Cycle: 0.5750 | grad_G: 22.89
Epoch 78/80 | Step 543000 | G: 2.6054 | D_A: 0.0321 | D_B: 0.0001 | Cycle: 0.8447 | grad_G: 17.45
Epoch 78/80 | Step 543050 | G: 2.5355 | D_A: 0.1301 | D_B: 0.0001 | Cycle: 0.6880 | grad_G: 18.06
Epoch 78/80 | Step 543100 | G: 2.5324 | D_A: 0.0296 | D_B: 0.0001 | Cycle: 0.6741 | grad_G: 28.82
Epoch 78/80 | Step 543150 | G: 2.5575 | D_A: 0.0499 | D_B: 0.0001 | Cycle: 0.6918 | grad_G: 16.05
Epoch 78/80 | Step 543200 | G: 2.4846 | D_A: 0.0530 | D_B: 0.0001 | Cycle: 0.7458 | grad_G: 13.81
Epoch 78/80 | Step 543250 | G: 2.1919 | D_A: 0.1555 | D_B: 0.0001 | Cycle: 0.5221 | grad_G: 25.98
Epoch 78/80 | Step 543300 | G: 2.3699 | D_A: 0.0388 | D_B: 0.0001 | Cycle: 0.7173 | grad_G: 16.43
Epoch 78/80 | Step 543350 | G: 2.3764 | D_A: 0.1396 | D_B: 0.0000 | Cycle: 0.6468 | grad_G: 10.22
Epoch 78/80 | Step 543400 | G: 2.2910 | D_A: 0.0372 | D_B: 0.0001 | Cycle: 0.5595 | grad_G: 33.53
Epoch 78/80 | Step 543450 | G: 2.6729 | D_A: 0.0591 | D_B: 0.0001 | Cycle: 0.7105 | grad_G: 13.69
Epoch 78/80 | Step 543500 | G: 2.4250 | D_A: 0.0469 | D_B: 0.0000 | Cycle: 0.6696 | grad_G: 26.89
Epoch 78/80 | Step 543550 | G: 2.1634 | D_A: 0.0878 | D_B: 0.0000 | Cycle: 0.4983 | grad_G: 13.02
Epoch 78/80 | Step 543600 | G: 2.7930 | D_A: 0.1307 | D_B: 0.0001 | Cycle: 0.7531 | grad_G: 39.13
Epoch 78/80 | Step 543650 | G: 2.3572 | D_A: 0.1154 | D_B: 0.0001 | Cycle: 0.7007 | grad_G: 16.16
Epoch 78/80 | Step 543700 | G: 2.6193 | D_A: 0.0485 | D_B: 0.0000 | Cycle: 0.7631 | grad_G: 21.06
Epoch 78/80 | Step 543750 | G: 2.5760 | D_A: 0.0873 | D_B: 0.0000 | Cycle: 0.7084 | grad_G: 19.84
Epoch 78/80 | Step 543800 | G: 2.5998 | D_A: 0.0678 | D_B: 0.0001 | Cycle: 0.9530 | grad_G: 12.86
Epoch 78/80 | Step 543850 | G: 2.4910 | D_A: 0.0433 | D_B: 0.0001 | Cycle: 0.7418 | grad_G: 18.26
Epoch 78/80 | Step 543900 | G: 2.2446 | D_A: 0.0610 | D_B: 0.0000 | Cycle: 0.6133 | grad_G: 25.30
Epoch 78/80 | Step 543950 | G: 2.5005 | D_A: 0.0301 | D_B: 0.0000 | Cycle: 0.6426 | grad_G: 21.80
Epoch 78/80 | Step 544000 | G: 2.7255 | D_A: 0.0359 | D_B: 0.0001 | Cycle: 0.6428 | grad_G: 17.82
Epoch 78/80 | Step 544050 | G: 3.1403 | D_A: 0.0357 | D_B: 0.0000 | Cycle: 0.8935 | grad_G: 31.79
Epoch 78/80 | Step 544100 | G: 2.8953 | D_A: 0.0337 | D_B: 0.0001 | Cycle: 0.6249 | grad_G: 21.15
Epoch 78/80 | Step 544150 | G: 2.3312 | D_A: 0.0201 | D_B: 0.0001 | Cycle: 0.4909 | grad_G: 24.86
Epoch 78/80 | Step 544200 | G: 2.1435 | D_A: 0.0678 | D_B: 0.0001 | Cycle: 0.4387 | grad_G: 18.62
Epoch 78/80 | Step 544250 | G: 2.4933 | D_A: 0.0790 | D_B: 0.0000 | Cycle: 0.6251 | grad_G: 16.38
Epoch 78/80 | Step 544300 | G: 2.7056 | D_A: 0.0332 | D_B: 0.0000 | Cycle: 0.7707 | grad_G: 19.00
Epoch 78/80 | Step 544350 | G: 2.3120 | D_A: 0.0601 | D_B: 0.0000 | Cycle: 0.6203 | grad_G: 34.04
Epoch 78/80 | Step 544400 | G: 2.7934 | D_A: 0.0267 | D_B: 0.0000 | Cycle: 0.8131 | grad_G: 39.30
Epoch 78/80 | Step 544450 | G: 2.5926 | D_A: 0.0510 | D_B: 0.0001 | Cycle: 0.8415 | grad_G: 21.56
Epoch 78/80 | Step 544500 | G: 2.3527 | D_A: 0.0533 | D_B: 0.0000 | Cycle: 0.6152 | grad_G: 21.00
Epoch 78/80 | Step 544550 | G: 2.8418 | D_A: 0.0698 | D_B: 0.0002 | Cycle: 0.7868 | grad_G: 22.81
Epoch 78/80 | Step 544600 | G: 2.5155 | D_A: 0.1923 | D_B: 0.0001 | Cycle: 0.8793 | grad_G: 11.67
Epoch 78/80 | Step 544650 | G: 2.7279 | D_A: 0.0304 | D_B: 0.0000 | Cycle: 0.8578 | grad_G: 25.01
Epoch 78/80 | Step 544700 | G: 2.6833 | D_A: 0.0609 | D_B: 0.0001 | Cycle: 0.6568 | grad_G: 19.42
Epoch 78/80 | Step 544750 | G: 2.6302 | D_A: 0.0319 | D_B: 0.0001 | Cycle: 0.7388 | grad_G: 22.45
Epoch 78/80 | Step 544800 | G: 2.4797 | D_A: 0.0309 | D_B: 0.0000 | Cycle: 0.6552 | grad_G: 24.61
Epoch 78/80 | Step 544850 | G: 2.7250 | D_A: 0.0332 | D_B: 0.0001 | Cycle: 1.0057 | grad_G: 12.26
Epoch 78/80 | Step 544900 | G: 2.5886 | D_A: 0.0663 | D_B: 0.0001 | Cycle: 0.6580 | grad_G: 22.09
Epoch 78/80 | Step 544950 | G: 2.4118 | D_A: 0.0436 | D_B: 0.0000 | Cycle: 0.6371 | grad_G: 15.76
Epoch 78/80 | Step 545000 | G: 2.5666 | D_A: 0.0797 | D_B: 0.0001 | Cycle: 0.8073 | grad_G: 15.86
Epoch 78/80 | Step 545050 | G: 2.7221 | D_A: 0.0411 | D_B: 0.0001 | Cycle: 0.7543 | grad_G: 14.56
Epoch 78/80 | Step 545100 | G: 2.5033 | D_A: 0.0518 | D_B: 0.0001 | Cycle: 0.5921 | grad_G: 14.64
Epoch 78/80 | Step 545150 | G: 2.4195 | D_A: 0.0399 | D_B: 0.0001 | Cycle: 0.7641 | grad_G: 13.38
Epoch 78/80 | Step 545200 | G: 2.6528 | D_A: 0.0839 | D_B: 0.0001 | Cycle: 0.6588 | grad_G: 13.88
Epoch 78/80 | Step 545250 | G: 2.2696 | D_A: 0.0270 | D_B: 0.0001 | Cycle: 0.5464 | grad_G: 20.74
Epoch 78/80 | Step 545300 | G: 2.4951 | D_A: 0.0980 | D_B: 0.0001 | Cycle: 0.6618 | grad_G: 9.98
Epoch 78/80 | Step 545350 | G: 2.5078 | D_A: 0.1287 | D_B: 0.0000 | Cycle: 0.7148 | grad_G: 14.85
Epoch 78/80 | Step 545400 | G: 2.5210 | D_A: 0.0388 | D_B: 0.0001 | Cycle: 0.8675 | grad_G: 11.90
Epoch 78/80 | Step 545450 | G: 2.5560 | D_A: 0.1479 | D_B: 0.0001 | Cycle: 0.7875 | grad_G: 11.81
Epoch 78/80 | Step 545500 | G: 2.5744 | D_A: 0.0595 | D_B: 0.0001 | Cycle: 0.5763 | grad_G: 17.84
Epoch 78/80 | Step 545550 | G: 2.6907 | D_A: 0.0302 | D_B: 0.0001 | Cycle: 0.7512 | grad_G: 14.19
Epoch 78/80 | Step 545600 | G: 2.7690 | D_A: 0.0365 | D_B: 0.0001 | Cycle: 0.6903 | grad_G: 26.20
Epoch 78/80 | Step 545650 | G: 2.6667 | D_A: 0.0392 | D_B: 0.0001 | Cycle: 0.6634 | grad_G: 21.25
Epoch 78/80 | Step 545700 | G: 2.7981 | D_A: 0.0254 | D_B: 0.0001 | Cycle: 0.6341 | grad_G: 21.44
Epoch 78/80 | Step 545750 | G: 2.5784 | D_A: 0.0297 | D_B: 0.0001 | Cycle: 0.7337 | grad_G: 12.11
Epoch 78/80 | Step 545800 | G: 2.9246 | D_A: 0.0577 | D_B: 0.0000 | Cycle: 0.8626 | grad_G: 18.28
Epoch 78/80 | Step 545850 | G: 2.3189 | D_A: 0.0453 | D_B: 0.0001 | Cycle: 0.5126 | grad_G: 26.42
Epoch 78/80 | Step 545900 | G: 2.5703 | D_A: 0.0458 | D_B: 0.0001 | Cycle: 0.6008 | grad_G: 24.97
Epoch 78/80 | Step 545950 | G: 2.8403 | D_A: 0.0363 | D_B: 0.0001 | Cycle: 0.8622 | grad_G: 27.66
Epoch 78/80 | Step 546000 | G: 2.5460 | D_A: 0.0938 | D_B: 0.0001 | Cycle: 0.6647 | grad_G: 18.21
Epoch 78/80 | Step 546050 | G: 2.9568 | D_A: 0.0311 | D_B: 0.0001 | Cycle: 0.9771 | grad_G: 16.91
Epoch 78/80 | Step 546100 | G: 2.9987 | D_A: 0.0994 | D_B: 0.0004 | Cycle: 0.9742 | grad_G: 17.27
Epoch 78/80 | Step 546150 | G: 2.5676 | D_A: 0.0276 | D_B: 0.0003 | Cycle: 0.6070 | grad_G: 15.87
Epoch 78/80 | Step 546200 | G: 2.6100 | D_A: 0.0218 | D_B: 0.0000 | Cycle: 0.6820 | grad_G: 16.62
Epoch 78/80 | Step 546250 | G: 2.3778 | D_A: 0.0558 | D_B: 0.0002 | Cycle: 0.6594 | grad_G: 19.30
Epoch 78/80 | Step 546300 | G: 2.4663 | D_A: 0.0251 | D_B: 0.0000 | Cycle: 0.6986 | grad_G: 24.97
Epoch 78/80 | Step 546350 | G: 2.8082 | D_A: 0.0427 | D_B: 0.0001 | Cycle: 0.7342 | grad_G: 14.41
Epoch 78/80 | Step 546400 | G: 2.8872 | D_A: 0.0343 | D_B: 0.0001 | Cycle: 0.7551 | grad_G: 14.19
Epoch 78/80 | Step 546450 | G: 2.8411 | D_A: 0.0374 | D_B: 0.0002 | Cycle: 0.7963 | grad_G: 12.54
Epoch 78/80 | Step 546500 | G: 2.5489 | D_A: 0.0315 | D_B: 0.0001 | Cycle: 0.6745 | grad_G: 24.32
Epoch 78/80 | Step 546550 | G: 2.8506 | D_A: 0.1104 | D_B: 0.0001 | Cycle: 0.6295 | grad_G: 15.48
Epoch 78/80 | Step 546600 | G: 2.6432 | D_A: 0.0592 | D_B: 0.0001 | Cycle: 0.6015 | grad_G: 21.55
Epoch 78/80 | Step 546650 | G: 2.5391 | D_A: 0.0241 | D_B: 0.0000 | Cycle: 0.6070 | grad_G: 13.65
Epoch 78/80 | Step 546700 | G: 2.6549 | D_A: 0.0314 | D_B: 0.0001 | Cycle: 0.6911 | grad_G: 18.02
Epoch 78/80 | Step 546750 | G: 2.4365 | D_A: 0.0388 | D_B: 0.0001 | Cycle: 0.6790 | grad_G: 15.28
Epoch 78/80 | Step 546800 | G: 2.4712 | D_A: 0.0601 | D_B: 0.0020 | Cycle: 0.5711 | grad_G: 21.70
Epoch 78/80 | Step 546850 | G: 3.5501 | D_A: 0.0371 | D_B: 0.0015 | Cycle: 1.5583 | grad_G: 14.50
Epoch 78/80 | Step 546900 | G: 2.4163 | D_A: 0.1533 | D_B: 0.0005 | Cycle: 0.5535 | grad_G: 23.60
Epoch 78/80 | Step 546950 | G: 2.7902 | D_A: 0.1024 | D_B: 0.0001 | Cycle: 1.0259 | grad_G: 9.30
Epoch 78/80 | Step 547000 | G: 2.7385 | D_A: 0.0393 | D_B: 0.0001 | Cycle: 0.8090 | grad_G: 13.81
Epoch 78/80 | Step 547050 | G: 2.6254 | D_A: 0.0228 | D_B: 0.0002 | Cycle: 0.6416 | grad_G: 19.59
Epoch 78/80 | Step 547100 | G: 2.6588 | D_A: 0.0387 | D_B: 0.0001 | Cycle: 0.6254 | grad_G: 21.63
Epoch 78/80 | Step 547150 | G: 2.4664 | D_A: 0.0496 | D_B: 0.0001 | Cycle: 0.5645 | grad_G: 14.49
Epoch 78/80 | Step 547200 | G: 2.8400 | D_A: 0.0292 | D_B: 0.0001 | Cycle: 0.8823 | grad_G: 9.65
Epoch 78/80 | Step 547250 | G: 2.7374 | D_A: 0.0398 | D_B: 0.0001 | Cycle: 0.5811 | grad_G: 22.81
Epoch 78/80 | Step 547300 | G: 2.4543 | D_A: 0.0766 | D_B: 0.0001 | Cycle: 0.6977 | grad_G: 13.53
Epoch 78/80 | Step 547350 | G: 2.8145 | D_A: 0.0307 | D_B: 0.0001 | Cycle: 0.7741 | grad_G: 14.94
Epoch 78/80 | Step 547400 | G: 2.7106 | D_A: 0.0435 | D_B: 0.0001 | Cycle: 0.9462 | grad_G: 16.32
Epoch 78/80 | Step 547450 | G: 2.3623 | D_A: 0.1041 | D_B: 0.0001 | Cycle: 0.5436 | grad_G: 53.17
Epoch 78/80 | Step 547500 | G: 2.6184 | D_A: 0.1074 | D_B: 0.0001 | Cycle: 0.5323 | grad_G: 33.32
Epoch 78/80 | Step 547550 | G: 2.8357 | D_A: 0.0568 | D_B: 0.0001 | Cycle: 0.8750 | grad_G: 23.25
Epoch 78/80 | Step 547600 | G: 2.8144 | D_A: 0.0772 | D_B: 0.0001 | Cycle: 0.9566 | grad_G: 18.51
Epoch 78/80 | Step 547650 | G: 2.3467 | D_A: 0.0434 | D_B: 0.0003 | Cycle: 0.6101 | grad_G: 16.43
Epoch 78/80 | Step 547700 | G: 2.4406 | D_A: 0.0369 | D_B: 0.0005 | Cycle: 0.6458 | grad_G: 38.61
Epoch 78/80 | Step 547750 | G: 2.4139 | D_A: 0.1478 | D_B: 0.0025 | Cycle: 0.4662 | grad_G: 28.16
Epoch 78/80 | Step 547800 | G: 2.3664 | D_A: 0.0303 | D_B: 0.0001 | Cycle: 0.5743 | grad_G: 18.56
Epoch 78/80 | Step 547850 | G: 2.4611 | D_A: 0.0296 | D_B: 0.0001 | Cycle: 0.5117 | grad_G: 17.82
Epoch 78/80 | Step 547900 | G: 2.5832 | D_A: 0.1041 | D_B: 0.0001 | Cycle: 0.6072 | grad_G: 15.39
Epoch 78/80 | Step 547950 | G: 3.1874 | D_A: 0.0335 | D_B: 0.0001 | Cycle: 1.2664 | grad_G: 14.80
Epoch 78/80 | Step 548000 | G: 2.6409 | D_A: 0.0354 | D_B: 0.0001 | Cycle: 0.7844 | grad_G: 13.59
Epoch 78/80 | Step 548050 | G: 2.9372 | D_A: 0.0278 | D_B: 0.0002 | Cycle: 0.7846 | grad_G: 14.59
Epoch 78/80 | Step 548100 | G: 3.0130 | D_A: 0.0467 | D_B: 0.0001 | Cycle: 1.0568 | grad_G: 17.79
Epoch 78/80 | Step 548150 | G: 2.8388 | D_A: 0.0472 | D_B: 0.0000 | Cycle: 0.9226 | grad_G: 21.93
Epoch 78/80 | Step 548200 | G: 2.3767 | D_A: 0.0748 | D_B: 0.0000 | Cycle: 0.5345 | grad_G: 25.15
Epoch 78/80 | Step 548250 | G: 2.6352 | D_A: 0.1250 | D_B: 0.0001 | Cycle: 0.7942 | grad_G: 14.47
Epoch 78/80 | Step 548300 | G: 2.5502 | D_A: 0.0539 | D_B: 0.0001 | Cycle: 0.6082 | grad_G: 15.28
Epoch 78/80 | Step 548350 | G: 2.4921 | D_A: 0.0517 | D_B: 0.0001 | Cycle: 0.7540 | grad_G: 37.69
Epoch 78/80 | Step 548400 | G: 2.5542 | D_A: 0.0696 | D_B: 0.0002 | Cycle: 0.5790 | grad_G: 37.87
Epoch 78/80 | Step 548450 | G: 2.7212 | D_A: 0.0475 | D_B: 0.0001 | Cycle: 0.7490 | grad_G: 20.26
Epoch 78/80 | Step 548500 | G: 2.6373 | D_A: 0.1546 | D_B: 0.0001 | Cycle: 0.8144 | grad_G: 15.12
Epoch 78/80 | Step 548550 | G: 2.8509 | D_A: 0.0485 | D_B: 0.0001 | Cycle: 0.8778 | grad_G: 15.45
Epoch 78/80 | Step 548600 | G: 2.3463 | D_A: 0.1585 | D_B: 0.0000 | Cycle: 0.7156 | grad_G: 13.60
Epoch 78/80 | Step 548650 | G: 2.6644 | D_A: 0.0287 | D_B: 0.0001 | Cycle: 0.6848 | grad_G: 28.58
Epoch 78/80 | Step 548700 | G: 2.3152 | D_A: 0.0434 | D_B: 0.0001 | Cycle: 0.5406 | grad_G: 17.30
Epoch 78/80 | Step 548750 | G: 2.7535 | D_A: 0.0187 | D_B: 0.0004 | Cycle: 0.5925 | grad_G: 61.42
Epoch 78/80 | Step 548800 | G: 2.4443 | D_A: 0.0375 | D_B: 0.0001 | Cycle: 0.5414 | grad_G: 38.93
Epoch 78/80 | Step 548850 | G: 2.6266 | D_A: 0.0258 | D_B: 0.0002 | Cycle: 0.5572 | grad_G: 19.50
Epoch 78/80 | Step 548900 | G: 2.4929 | D_A: 0.0526 | D_B: 0.0005 | Cycle: 0.6916 | grad_G: 14.99
Epoch 78/80 | Step 548950 | G: 2.5482 | D_A: 0.0604 | D_B: 0.0003 | Cycle: 0.6797 | grad_G: 21.92
Epoch 78/80 complete | Time: 425s | Avg G: 2.6051 | Avg D: 0.0279 | grad_G: 19.86
Epoch 79/80 | Step 549000 | G: 2.5944 | D_A: 0.0853 | D_B: 0.0001 | Cycle: 0.7315 | grad_G: 12.40
Epoch 79/80 | Step 549050 | G: 2.3491 | D_A: 0.0550 | D_B: 0.0030 | Cycle: 0.5550 | grad_G: 39.14
Epoch 79/80 | Step 549100 | G: 2.7928 | D_A: 0.0884 | D_B: 0.0002 | Cycle: 0.7070 | grad_G: 12.75
Epoch 79/80 | Step 549150 | G: 2.8503 | D_A: 0.0348 | D_B: 0.0001 | Cycle: 0.9745 | grad_G: 14.91
Epoch 79/80 | Step 549200 | G: 2.4444 | D_A: 0.0392 | D_B: 0.0000 | Cycle: 0.6674 | grad_G: 18.86
Epoch 79/80 | Step 549250 | G: 2.4211 | D_A: 0.0251 | D_B: 0.0001 | Cycle: 0.6083 | grad_G: 13.86
Epoch 79/80 | Step 549300 | G: 2.8024 | D_A: 0.0545 | D_B: 0.0001 | Cycle: 0.7693 | grad_G: 13.26
Epoch 79/80 | Step 549350 | G: 2.4506 | D_A: 0.0481 | D_B: 0.0001 | Cycle: 0.7323 | grad_G: 12.19
Epoch 79/80 | Step 549400 | G: 2.3201 | D_A: 0.0585 | D_B: 0.0001 | Cycle: 0.5263 | grad_G: 20.57
Epoch 79/80 | Step 549450 | G: 2.3834 | D_A: 0.0256 | D_B: 0.0001 | Cycle: 0.5929 | grad_G: 14.46
Epoch 79/80 | Step 549500 | G: 3.1498 | D_A: 0.0853 | D_B: 0.0001 | Cycle: 1.0156 | grad_G: 19.66
Epoch 79/80 | Step 549550 | G: 2.4905 | D_A: 0.0793 | D_B: 0.0001 | Cycle: 0.6606 | grad_G: 18.17
Epoch 79/80 | Step 549600 | G: 2.7474 | D_A: 0.0439 | D_B: 0.0003 | Cycle: 0.8194 | grad_G: 17.57
Epoch 79/80 | Step 549650 | G: 2.5020 | D_A: 0.0532 | D_B: 0.0001 | Cycle: 0.7626 | grad_G: 21.82
Epoch 79/80 | Step 549700 | G: 2.8130 | D_A: 0.0869 | D_B: 0.0002 | Cycle: 0.8475 | grad_G: 18.67
Epoch 79/80 | Step 549750 | G: 2.3858 | D_A: 0.0870 | D_B: 0.0002 | Cycle: 0.5797 | grad_G: 11.76
Epoch 79/80 | Step 549800 | G: 2.1827 | D_A: 0.0704 | D_B: 0.0006 | Cycle: 0.5070 | grad_G: 11.21
Epoch 79/80 | Step 549850 | G: 2.5904 | D_A: 0.0314 | D_B: 0.0002 | Cycle: 0.6532 | grad_G: 13.14
Epoch 79/80 | Step 549900 | G: 2.5858 | D_A: 0.0594 | D_B: 0.0002 | Cycle: 0.6505 | grad_G: 14.46
Epoch 79/80 | Step 549950 | G: 2.6737 | D_A: 0.0460 | D_B: 0.0001 | Cycle: 0.8014 | grad_G: 20.81
Epoch 79/80 | Step 550000 | G: 2.6309 | D_A: 0.0406 | D_B: 0.0002 | Cycle: 0.7644 | grad_G: 23.74
Epoch 79/80 | Step 550050 | G: 2.5126 | D_A: 0.0644 | D_B: 0.0001 | Cycle: 0.7195 | grad_G: 12.99
Epoch 79/80 | Step 550100 | G: 2.4955 | D_A: 0.0262 | D_B: 0.0001 | Cycle: 0.4568 | grad_G: 26.15
Epoch 79/80 | Step 550150 | G: 2.4527 | D_A: 0.0333 | D_B: 0.0001 | Cycle: 0.7722 | grad_G: 21.12
Epoch 79/80 | Step 550200 | G: 2.6380 | D_A: 0.0410 | D_B: 0.0001 | Cycle: 0.8027 | grad_G: 27.74
Epoch 79/80 | Step 550250 | G: 2.2891 | D_A: 0.0545 | D_B: 0.0001 | Cycle: 0.6176 | grad_G: 16.19
Epoch 79/80 | Step 550300 | G: 2.2515 | D_A: 0.0762 | D_B: 0.0001 | Cycle: 0.7151 | grad_G: 15.43
Epoch 79/80 | Step 550350 | G: 2.4322 | D_A: 0.0683 | D_B: 0.0003 | Cycle: 0.6547 | grad_G: 18.73
Epoch 79/80 | Step 550400 | G: 2.5476 | D_A: 0.0314 | D_B: 0.0002 | Cycle: 0.7955 | grad_G: 15.63
Epoch 79/80 | Step 550450 | G: 2.6389 | D_A: 0.0266 | D_B: 0.0006 | Cycle: 0.6680 | grad_G: 15.02
Epoch 79/80 | Step 550500 | G: 2.5283 | D_A: 0.1737 | D_B: 0.0002 | Cycle: 0.5398 | grad_G: 15.04
Epoch 79/80 | Step 550550 | G: 2.7164 | D_A: 0.0438 | D_B: 0.0002 | Cycle: 0.6685 | grad_G: 11.63
Epoch 79/80 | Step 550600 | G: 2.5800 | D_A: 0.0187 | D_B: 0.0004 | Cycle: 0.6997 | grad_G: 16.23
Epoch 79/80 | Step 550650 | G: 2.6248 | D_A: 0.0371 | D_B: 0.0004 | Cycle: 0.6927 | grad_G: 28.26
Epoch 79/80 | Step 550700 | G: 2.5615 | D_A: 0.1195 | D_B: 0.0002 | Cycle: 0.6271 | grad_G: 18.56
Epoch 79/80 | Step 550750 | G: 2.5742 | D_A: 0.0856 | D_B: 0.0005 | Cycle: 0.7725 | grad_G: 15.98
Epoch 79/80 | Step 550800 | G: 2.5116 | D_A: 0.0855 | D_B: 0.0002 | Cycle: 0.8147 | grad_G: 13.19
Epoch 79/80 | Step 550850 | G: 2.4943 | D_A: 0.0868 | D_B: 0.0009 | Cycle: 0.7342 | grad_G: 16.46
Epoch 79/80 | Step 550900 | G: 2.4610 | D_A: 0.0556 | D_B: 0.0030 | Cycle: 0.6236 | grad_G: 16.05
Epoch 79/80 | Step 550950 | G: 2.4822 | D_A: 0.0494 | D_B: 0.0001 | Cycle: 0.6335 | grad_G: 14.02
Epoch 79/80 | Step 551000 | G: 2.3602 | D_A: 0.0370 | D_B: 0.0001 | Cycle: 0.5204 | grad_G: 11.08
Epoch 79/80 | Step 551050 | G: 2.2829 | D_A: 0.0483 | D_B: 0.0001 | Cycle: 0.6896 | grad_G: 12.81
Epoch 79/80 | Step 551100 | G: 2.6940 | D_A: 0.0366 | D_B: 0.0001 | Cycle: 0.7934 | grad_G: 21.73
Epoch 79/80 | Step 551150 | G: 2.5180 | D_A: 0.0581 | D_B: 0.0001 | Cycle: 0.7286 | grad_G: 15.12
Epoch 79/80 | Step 551200 | G: 2.5643 | D_A: 0.0264 | D_B: 0.0001 | Cycle: 0.6438 | grad_G: 18.70
Epoch 79/80 | Step 551250 | G: 2.5430 | D_A: 0.0521 | D_B: 0.0001 | Cycle: 0.7104 | grad_G: 19.60
Epoch 79/80 | Step 551300 | G: 2.3336 | D_A: 0.0956 | D_B: 0.0001 | Cycle: 0.6674 | grad_G: 21.46
Epoch 79/80 | Step 551350 | G: 2.5488 | D_A: 0.0449 | D_B: 0.0001 | Cycle: 0.7266 | grad_G: 11.63
Epoch 79/80 | Step 551400 | G: 2.8216 | D_A: 0.0294 | D_B: 0.0001 | Cycle: 0.6808 | grad_G: 12.74
Epoch 79/80 | Step 551450 | G: 2.3423 | D_A: 0.0606 | D_B: 0.0001 | Cycle: 0.5060 | grad_G: 14.11
Epoch 79/80 | Step 551500 | G: 2.8765 | D_A: 0.0443 | D_B: 0.0000 | Cycle: 0.9403 | grad_G: 13.61
Epoch 79/80 | Step 551550 | G: 2.3603 | D_A: 0.0632 | D_B: 0.0001 | Cycle: 0.6606 | grad_G: 22.39
Epoch 79/80 | Step 551600 | G: 2.4942 | D_A: 0.0318 | D_B: 0.0000 | Cycle: 0.6253 | grad_G: 12.96
Epoch 79/80 | Step 551650 | G: 2.5985 | D_A: 0.0446 | D_B: 0.0002 | Cycle: 0.8320 | grad_G: 13.79
Epoch 79/80 | Step 551700 | G: 2.9786 | D_A: 0.1507 | D_B: 0.0001 | Cycle: 0.8737 | grad_G: 12.98
Epoch 79/80 | Step 551750 | G: 2.5560 | D_A: 0.0408 | D_B: 0.0001 | Cycle: 0.7545 | grad_G: 13.13
Epoch 79/80 | Step 551800 | G: 2.9221 | D_A: 0.0441 | D_B: 0.0001 | Cycle: 0.9637 | grad_G: 17.75
Epoch 79/80 | Step 551850 | G: 2.2931 | D_A: 0.0464 | D_B: 0.0002 | Cycle: 0.6463 | grad_G: 11.86
Epoch 79/80 | Step 551900 | G: 3.0740 | D_A: 0.0764 | D_B: 0.0001 | Cycle: 0.8898 | grad_G: 33.78
Epoch 79/80 | Step 551950 | G: 2.2249 | D_A: 0.1049 | D_B: 0.0001 | Cycle: 0.5234 | grad_G: 19.88
Epoch 79/80 | Step 552000 | G: 2.5208 | D_A: 0.0793 | D_B: 0.0001 | Cycle: 0.5759 | grad_G: 62.21
Epoch 79/80 | Step 552050 | G: 2.6674 | D_A: 0.0249 | D_B: 0.0002 | Cycle: 0.6671 | grad_G: 18.50
Epoch 79/80 | Step 552100 | G: 2.8242 | D_A: 0.0345 | D_B: 0.0008 | Cycle: 0.8476 | grad_G: 11.58
Epoch 79/80 | Step 552150 | G: 2.6767 | D_A: 0.0714 | D_B: 0.0001 | Cycle: 0.7410 | grad_G: 36.33
Epoch 79/80 | Step 552200 | G: 2.0038 | D_A: 0.0979 | D_B: 0.0000 | Cycle: 0.5174 | grad_G: 17.34
Epoch 79/80 | Step 552250 | G: 2.4830 | D_A: 0.0463 | D_B: 0.0002 | Cycle: 0.6692 | grad_G: 16.64
Epoch 79/80 | Step 552300 | G: 2.6654 | D_A: 0.1068 | D_B: 0.0001 | Cycle: 0.6671 | grad_G: 14.00
Epoch 79/80 | Step 552350 | G: 2.4323 | D_A: 0.0495 | D_B: 0.0001 | Cycle: 0.6474 | grad_G: 11.85
Epoch 79/80 | Step 552400 | G: 2.5052 | D_A: 0.0583 | D_B: 0.0001 | Cycle: 0.5341 | grad_G: 18.00
Epoch 79/80 | Step 552450 | G: 2.5861 | D_A: 0.0455 | D_B: 0.0001 | Cycle: 0.6468 | grad_G: 14.58
Epoch 79/80 | Step 552500 | G: 2.2774 | D_A: 0.0420 | D_B: 0.0001 | Cycle: 0.5133 | grad_G: 19.83
Epoch 79/80 | Step 552550 | G: 2.4788 | D_A: 0.1789 | D_B: 0.0001 | Cycle: 0.5312 | grad_G: 20.46
Epoch 79/80 | Step 552600 | G: 2.7984 | D_A: 0.0476 | D_B: 0.0001 | Cycle: 0.8056 | grad_G: 16.45
Epoch 79/80 | Step 552650 | G: 2.4183 | D_A: 0.0273 | D_B: 0.0001 | Cycle: 0.5653 | grad_G: 16.03
Epoch 79/80 | Step 552700 | G: 2.6160 | D_A: 0.1429 | D_B: 0.0001 | Cycle: 0.6478 | grad_G: 15.17
Epoch 79/80 | Step 552750 | G: 2.6879 | D_A: 0.0337 | D_B: 0.0001 | Cycle: 0.6093 | grad_G: 16.24
Epoch 79/80 | Step 552800 | G: 2.4664 | D_A: 0.0354 | D_B: 0.0001 | Cycle: 0.5717 | grad_G: 15.23
Epoch 79/80 | Step 552850 | G: 3.0482 | D_A: 0.0312 | D_B: 0.0001 | Cycle: 1.0630 | grad_G: 15.31
Epoch 79/80 | Step 552900 | G: 2.4826 | D_A: 0.0395 | D_B: 0.0002 | Cycle: 0.7292 | grad_G: 131.34
Epoch 79/80 | Step 552950 | G: 2.3076 | D_A: 0.0622 | D_B: 0.0001 | Cycle: 0.5372 | grad_G: 13.60
Epoch 79/80 | Step 553000 | G: 2.9594 | D_A: 0.0241 | D_B: 0.0005 | Cycle: 0.8913 | grad_G: 16.09
Epoch 79/80 | Step 553050 | G: 2.4481 | D_A: 0.0561 | D_B: 0.0001 | Cycle: 0.7537 | grad_G: 11.69
Epoch 79/80 | Step 553100 | G: 2.6077 | D_A: 0.0706 | D_B: 0.0003 | Cycle: 0.8244 | grad_G: 11.04
Epoch 79/80 | Step 553150 | G: 2.4210 | D_A: 0.0441 | D_B: 0.0017 | Cycle: 0.5494 | grad_G: 29.66
Epoch 79/80 | Step 553200 | G: 2.2500 | D_A: 0.0906 | D_B: 0.0001 | Cycle: 0.5852 | grad_G: 14.67
Epoch 79/80 | Step 553250 | G: 3.1616 | D_A: 0.0435 | D_B: 0.0003 | Cycle: 1.1440 | grad_G: 15.90
Epoch 79/80 | Step 553300 | G: 2.2397 | D_A: 0.0342 | D_B: 0.0008 | Cycle: 0.4750 | grad_G: 13.09
Epoch 79/80 | Step 553350 | G: 2.7436 | D_A: 0.0621 | D_B: 0.0003 | Cycle: 0.7990 | grad_G: 15.80
Epoch 79/80 | Step 553400 | G: 2.6209 | D_A: 0.0308 | D_B: 0.0005 | Cycle: 0.7700 | grad_G: 19.89
Epoch 79/80 | Step 553450 | G: 2.1765 | D_A: 0.0367 | D_B: 0.0325 | Cycle: 0.6562 | grad_G: 133.56
Epoch 79/80 | Step 553500 | G: 2.7792 | D_A: 0.0904 | D_B: 0.0003 | Cycle: 0.7306 | grad_G: 18.11
Epoch 79/80 | Step 553550 | G: 2.3229 | D_A: 0.0505 | D_B: 0.0004 | Cycle: 0.6214 | grad_G: 12.99
Epoch 79/80 | Step 553600 | G: 2.6889 | D_A: 0.0554 | D_B: 0.0003 | Cycle: 0.8678 | grad_G: 13.12
Epoch 79/80 | Step 553650 | G: 2.3736 | D_A: 0.0306 | D_B: 0.0001 | Cycle: 0.5236 | grad_G: 19.27
Epoch 79/80 | Step 553700 | G: 2.3775 | D_A: 0.0698 | D_B: 0.0002 | Cycle: 0.5670 | grad_G: 16.82
Epoch 79/80 | Step 553750 | G: 2.6310 | D_A: 0.0391 | D_B: 0.0001 | Cycle: 0.6988 | grad_G: 27.10
Epoch 79/80 | Step 553800 | G: 2.8424 | D_A: 0.0465 | D_B: 0.0003 | Cycle: 0.7554 | grad_G: 14.06
Epoch 79/80 | Step 553850 | G: 2.6373 | D_A: 0.0332 | D_B: 0.0003 | Cycle: 0.6796 | grad_G: 14.32
Epoch 79/80 | Step 553900 | G: 2.6554 | D_A: 0.0668 | D_B: 0.0003 | Cycle: 0.7566 | grad_G: 12.62
Epoch 79/80 | Step 553950 | G: 2.8285 | D_A: 0.0292 | D_B: 0.0001 | Cycle: 0.7053 | grad_G: 20.30
Epoch 79/80 | Step 554000 | G: 2.7283 | D_A: 0.0450 | D_B: 0.0004 | Cycle: 0.9558 | grad_G: 12.28
Epoch 79/80 | Step 554050 | G: 2.5902 | D_A: 0.0595 | D_B: 0.0003 | Cycle: 0.6831 | grad_G: 27.98
Epoch 79/80 | Step 554100 | G: 2.6704 | D_A: 0.0457 | D_B: 0.0001 | Cycle: 0.8994 | grad_G: 14.86
Epoch 79/80 | Step 554150 | G: 2.7192 | D_A: 0.2665 | D_B: 0.0001 | Cycle: 0.8261 | grad_G: 12.03
Epoch 79/80 | Step 554200 | G: 3.1431 | D_A: 0.0696 | D_B: 0.0001 | Cycle: 1.1942 | grad_G: 19.18
Epoch 79/80 | Step 554250 | G: 2.6547 | D_A: 0.0696 | D_B: 0.0001 | Cycle: 0.6783 | grad_G: 22.89
Epoch 79/80 | Step 554300 | G: 2.4490 | D_A: 0.0373 | D_B: 0.0002 | Cycle: 0.6998 | grad_G: 18.13
Epoch 79/80 | Step 554350 | G: 3.0577 | D_A: 0.0330 | D_B: 0.0004 | Cycle: 1.0145 | grad_G: 15.35
Epoch 79/80 | Step 554400 | G: 2.8770 | D_A: 0.0341 | D_B: 0.0006 | Cycle: 0.9323 | grad_G: 23.59
Epoch 79/80 | Step 554450 | G: 2.7023 | D_A: 0.0401 | D_B: 0.0001 | Cycle: 0.6610 | grad_G: 13.75
Epoch 79/80 | Step 554500 | G: 2.4921 | D_A: 0.0546 | D_B: 0.0001 | Cycle: 0.7539 | grad_G: 14.24
Epoch 79/80 | Step 554550 | G: 2.8701 | D_A: 0.0412 | D_B: 0.0002 | Cycle: 0.7613 | grad_G: 20.01
Epoch 79/80 | Step 554600 | G: 2.3843 | D_A: 0.0940 | D_B: 0.0003 | Cycle: 0.6486 | grad_G: 105.83
Epoch 79/80 | Step 554650 | G: 2.5622 | D_A: 0.1904 | D_B: 0.0033 | Cycle: 0.7125 | grad_G: 33.99
Epoch 79/80 | Step 554700 | G: 2.7698 | D_A: 0.1490 | D_B: 0.0002 | Cycle: 0.7826 | grad_G: 18.77
Epoch 79/80 | Step 554750 | G: 2.9705 | D_A: 0.0479 | D_B: 0.0001 | Cycle: 0.8315 | grad_G: 14.11
Epoch 79/80 | Step 554800 | G: 2.4255 | D_A: 0.0593 | D_B: 0.0002 | Cycle: 0.6062 | grad_G: 11.53
Epoch 79/80 | Step 554850 | G: 3.5899 | D_A: 0.0495 | D_B: 0.0002 | Cycle: 1.6354 | grad_G: 14.16
Epoch 79/80 | Step 554900 | G: 3.1206 | D_A: 0.0475 | D_B: 0.0003 | Cycle: 1.1372 | grad_G: 11.35
Epoch 79/80 | Step 554950 | G: 3.0561 | D_A: 0.0455 | D_B: 0.0002 | Cycle: 0.9912 | grad_G: 16.69
Epoch 79/80 | Step 555000 | G: 2.3839 | D_A: 0.0498 | D_B: 0.0002 | Cycle: 0.5834 | grad_G: 15.32
Epoch 79/80 | Step 555050 | G: 2.4060 | D_A: 0.0668 | D_B: 0.0001 | Cycle: 0.6791 | grad_G: 21.11
Epoch 79/80 | Step 555100 | G: 2.2020 | D_A: 0.0532 | D_B: 0.0001 | Cycle: 0.5371 | grad_G: 18.61
Epoch 79/80 | Step 555150 | G: 2.5519 | D_A: 0.0709 | D_B: 0.0001 | Cycle: 0.7390 | grad_G: 18.70
Epoch 79/80 | Step 555200 | G: 2.3340 | D_A: 0.0321 | D_B: 0.0001 | Cycle: 0.5110 | grad_G: 28.97
Epoch 79/80 | Step 555250 | G: 2.6140 | D_A: 0.0421 | D_B: 0.0002 | Cycle: 0.6753 | grad_G: 14.97
Epoch 79/80 | Step 555300 | G: 2.9527 | D_A: 0.0401 | D_B: 0.0002 | Cycle: 0.9051 | grad_G: 40.71
Epoch 79/80 | Step 555350 | G: 2.4728 | D_A: 0.0618 | D_B: 0.0002 | Cycle: 0.5458 | grad_G: 29.94
Epoch 79/80 | Step 555400 | G: 2.9465 | D_A: 0.0262 | D_B: 0.0002 | Cycle: 1.0302 | grad_G: 13.53
Epoch 79/80 | Step 555450 | G: 2.8535 | D_A: 0.0330 | D_B: 0.0004 | Cycle: 0.8596 | grad_G: 17.44
Epoch 79/80 | Step 555500 | G: 2.9284 | D_A: 0.0453 | D_B: 0.0002 | Cycle: 0.9709 | grad_G: 20.56
Epoch 79/80 | Step 555550 | G: 2.5752 | D_A: 0.0477 | D_B: 0.0001 | Cycle: 0.6780 | grad_G: 18.04
Epoch 79/80 | Step 555600 | G: 2.7746 | D_A: 0.0999 | D_B: 0.0002 | Cycle: 0.6625 | grad_G: 35.02
Epoch 79/80 | Step 555650 | G: 2.7044 | D_A: 0.0516 | D_B: 0.0004 | Cycle: 0.7632 | grad_G: 15.19
Epoch 79/80 | Step 555700 | G: 2.5424 | D_A: 0.0316 | D_B: 0.0002 | Cycle: 0.6700 | grad_G: 21.08
Epoch 79/80 | Step 555750 | G: 2.6023 | D_A: 0.1246 | D_B: 0.0001 | Cycle: 0.8137 | grad_G: 11.40
Epoch 79/80 | Step 555800 | G: 2.7107 | D_A: 0.0268 | D_B: 0.0001 | Cycle: 0.6843 | grad_G: 15.12
Epoch 79/80 | Step 555850 | G: 2.8044 | D_A: 0.0439 | D_B: 0.0003 | Cycle: 0.7332 | grad_G: 31.45
Epoch 79/80 | Step 555900 | G: 2.7998 | D_A: 0.0231 | D_B: 0.0001 | Cycle: 0.9584 | grad_G: 11.71
Epoch 79/80 | Step 555950 | G: 2.3990 | D_A: 0.0641 | D_B: 0.0001 | Cycle: 0.6499 | grad_G: 12.05
Epoch 79/80 | Step 556000 | G: 2.1779 | D_A: 0.0326 | D_B: 0.0002 | Cycle: 0.6390 | grad_G: 12.87
Epoch 79/80 complete | Time: 453s | Avg G: 2.5999 | Avg D: 0.0278 | grad_G: 21.03
Epoch 80/80 | Step 556050 | G: 2.5888 | D_A: 0.0218 | D_B: 0.0001 | Cycle: 0.6249 | grad_G: 13.09
Epoch 80/80 | Step 556100 | G: 2.3710 | D_A: 0.0347 | D_B: 0.0002 | Cycle: 0.5883 | grad_G: 13.69
Epoch 80/80 | Step 556150 | G: 2.8411 | D_A: 0.0916 | D_B: 0.0005 | Cycle: 0.9519 | grad_G: 11.24
Epoch 80/80 | Step 556200 | G: 2.4969 | D_A: 0.0324 | D_B: 0.0002 | Cycle: 0.6814 | grad_G: 15.06
Epoch 80/80 | Step 556250 | G: 2.4569 | D_A: 0.0387 | D_B: 0.0001 | Cycle: 0.6916 | grad_G: 13.10
Epoch 80/80 | Step 556300 | G: 2.8002 | D_A: 0.0268 | D_B: 0.0003 | Cycle: 0.8574 | grad_G: 21.42
Epoch 80/80 | Step 556350 | G: 2.4687 | D_A: 0.1184 | D_B: 0.0001 | Cycle: 0.6100 | grad_G: 23.09
Epoch 80/80 | Step 556400 | G: 2.9395 | D_A: 0.0440 | D_B: 0.0001 | Cycle: 0.9631 | grad_G: 26.70
Epoch 80/80 | Step 556450 | G: 2.7568 | D_A: 0.0237 | D_B: 0.0002 | Cycle: 0.7276 | grad_G: 22.28
Epoch 80/80 | Step 556500 | G: 2.5684 | D_A: 0.1022 | D_B: 0.0031 | Cycle: 0.4920 | grad_G: 22.04
Epoch 80/80 | Step 556550 | G: 2.5829 | D_A: 0.0437 | D_B: 0.0002 | Cycle: 0.6327 | grad_G: 24.04
Epoch 80/80 | Step 556600 | G: 2.7522 | D_A: 0.0518 | D_B: 0.0006 | Cycle: 0.7408 | grad_G: 25.56
Epoch 80/80 | Step 556650 | G: 2.4377 | D_A: 0.0282 | D_B: 0.0464 | Cycle: 0.9007 | grad_G: 138.76
Epoch 80/80 | Step 556700 | G: 2.3825 | D_A: 0.0331 | D_B: 0.0003 | Cycle: 0.5265 | grad_G: 16.76
Epoch 80/80 | Step 556750 | G: 2.4810 | D_A: 0.0560 | D_B: 0.0013 | Cycle: 0.7167 | grad_G: 64.41
Epoch 80/80 | Step 556800 | G: 2.6883 | D_A: 0.0328 | D_B: 0.0005 | Cycle: 0.5582 | grad_G: 23.67
Epoch 80/80 | Step 556850 | G: 2.5697 | D_A: 0.0286 | D_B: 0.0002 | Cycle: 0.6015 | grad_G: 13.21
Epoch 80/80 | Step 556900 | G: 2.7818 | D_A: 0.0285 | D_B: 0.0007 | Cycle: 0.7923 | grad_G: 18.18
Epoch 80/80 | Step 556950 | G: 2.7172 | D_A: 0.0260 | D_B: 0.0004 | Cycle: 0.8138 | grad_G: 14.64
Epoch 80/80 | Step 557000 | G: 2.5264 | D_A: 0.0491 | D_B: 0.0001 | Cycle: 0.5587 | grad_G: 16.80
Epoch 80/80 | Step 557050 | G: 2.8197 | D_A: 0.0291 | D_B: 0.0002 | Cycle: 0.8396 | grad_G: 24.42
Epoch 80/80 | Step 557100 | G: 2.8155 | D_A: 0.0241 | D_B: 0.0001 | Cycle: 0.8010 | grad_G: 13.15
Epoch 80/80 | Step 557150 | G: 2.5102 | D_A: 0.0228 | D_B: 0.0001 | Cycle: 0.6572 | grad_G: 13.95
Epoch 80/80 | Step 557200 | G: 2.4982 | D_A: 0.0550 | D_B: 0.0002 | Cycle: 0.7475 | grad_G: 14.47
Epoch 80/80 | Step 557250 | G: 2.3610 | D_A: 0.0281 | D_B: 0.0010 | Cycle: 0.5841 | grad_G: 11.77
Epoch 80/80 | Step 557300 | G: 2.4491 | D_A: 0.0641 | D_B: 0.0003 | Cycle: 0.6250 | grad_G: 21.38
Epoch 80/80 | Step 557350 | G: 2.9297 | D_A: 0.0268 | D_B: 0.0002 | Cycle: 0.8562 | grad_G: 16.98
Epoch 80/80 | Step 557400 | G: 2.6768 | D_A: 0.0290 | D_B: 0.0093 | Cycle: 0.6063 | grad_G: 22.10
Epoch 80/80 | Step 557450 | G: 2.6409 | D_A: 0.0611 | D_B: 0.0006 | Cycle: 0.8333 | grad_G: 16.81
Epoch 80/80 | Step 557500 | G: 2.9831 | D_A: 0.0302 | D_B: 0.0010 | Cycle: 0.9311 | grad_G: 13.82
Epoch 80/80 | Step 557550 | G: 2.4437 | D_A: 0.0525 | D_B: 0.0007 | Cycle: 0.6445 | grad_G: 13.27
Epoch 80/80 | Step 557600 | G: 2.8403 | D_A: 0.0374 | D_B: 0.0011 | Cycle: 0.7018 | grad_G: 38.67
Epoch 80/80 | Step 557650 | G: 2.7672 | D_A: 0.0273 | D_B: 0.0005 | Cycle: 0.6547 | grad_G: 21.28
Epoch 80/80 | Step 557700 | G: 2.5587 | D_A: 0.0608 | D_B: 0.0026 | Cycle: 0.6279 | grad_G: 14.45
Epoch 80/80 | Step 557750 | G: 2.7384 | D_A: 0.0499 | D_B: 0.0005 | Cycle: 0.7579 | grad_G: 15.66
Epoch 80/80 | Step 557800 | G: 2.4059 | D_A: 0.0514 | D_B: 0.0004 | Cycle: 0.6989 | grad_G: 19.32
Epoch 80/80 | Step 557850 | G: 2.6779 | D_A: 0.1703 | D_B: 0.0009 | Cycle: 0.6652 | grad_G: 22.51
Epoch 80/80 | Step 557900 | G: 2.6770 | D_A: 0.0396 | D_B: 0.0346 | Cycle: 0.6235 | grad_G: 181.58
Epoch 80/80 | Step 557950 | G: 2.6414 | D_A: 0.0444 | D_B: 0.0073 | Cycle: 0.6754 | grad_G: 15.12
Epoch 80/80 | Step 558000 | G: 2.8732 | D_A: 0.2091 | D_B: 0.0003 | Cycle: 0.8073 | grad_G: 13.27
Epoch 80/80 | Step 558050 | G: 2.8231 | D_A: 0.0509 | D_B: 0.0004 | Cycle: 0.6858 | grad_G: 21.03
Epoch 80/80 | Step 558100 | G: 2.4598 | D_A: 0.0371 | D_B: 0.0006 | Cycle: 0.6188 | grad_G: 16.80
Epoch 80/80 | Step 558150 | G: 2.5720 | D_A: 0.0354 | D_B: 0.0138 | Cycle: 0.7141 | grad_G: 667.24
Epoch 80/80 | Step 558200 | G: 2.5710 | D_A: 0.0675 | D_B: 0.0005 | Cycle: 0.6745 | grad_G: 12.87
Epoch 80/80 | Step 558250 | G: 1.9265 | D_A: 0.0574 | D_B: 0.0043 | Cycle: 0.5947 | grad_G: 577.19
Epoch 80/80 | Step 558300 | G: 1.7834 | D_A: 0.0281 | D_B: 0.2623 | Cycle: 0.5698 | grad_G: 40.65
Epoch 80/80 | Step 558350 | G: 1.5946 | D_A: 0.0278 | D_B: 0.2540 | Cycle: 0.5028 | grad_G: 37.81
Epoch 80/80 | Step 558400 | G: 1.7353 | D_A: 0.0206 | D_B: 0.2130 | Cycle: 0.6325 | grad_G: 19.50
Epoch 80/80 | Step 558450 | G: 2.0371 | D_A: 0.0276 | D_B: 0.1823 | Cycle: 0.7512 | grad_G: 69.62
Epoch 80/80 | Step 558500 | G: 1.9621 | D_A: 0.0767 | D_B: 0.1789 | Cycle: 0.6517 | grad_G: 52.93
Epoch 80/80 | Step 558550 | G: 1.9110 | D_A: 0.0348 | D_B: 0.2097 | Cycle: 0.7829 | grad_G: 21.49
Epoch 80/80 | Step 558600 | G: 2.1393 | D_A: 0.0270 | D_B: 0.1371 | Cycle: 0.8518 | grad_G: 74.42
Epoch 80/80 | Step 558650 | G: 1.9028 | D_A: 0.0312 | D_B: 0.1961 | Cycle: 0.6218 | grad_G: 23.49
Epoch 80/80 | Step 558700 | G: 1.6552 | D_A: 0.0856 | D_B: 0.1824 | Cycle: 0.5822 | grad_G: 43.23
Epoch 80/80 | Step 558750 | G: 2.0453 | D_A: 0.0280 | D_B: 0.0970 | Cycle: 0.7922 | grad_G: 37.75
Epoch 80/80 | Step 558800 | G: 2.0071 | D_A: 0.0980 | D_B: 0.2377 | Cycle: 0.6528 | grad_G: 41.59
Epoch 80/80 | Step 558850 | G: 1.6219 | D_A: 0.0424 | D_B: 0.2184 | Cycle: 0.5636 | grad_G: 45.84
Epoch 80/80 | Step 558900 | G: 2.1447 | D_A: 0.0835 | D_B: 0.2272 | Cycle: 0.8114 | grad_G: 74.28
Epoch 80/80 | Step 558950 | G: 1.7765 | D_A: 0.0762 | D_B: 0.2201 | Cycle: 0.5751 | grad_G: 47.69
Epoch 80/80 | Step 559000 | G: 2.2009 | D_A: 0.0669 | D_B: 0.1896 | Cycle: 0.8570 | grad_G: 20.04
Epoch 80/80 | Step 559050 | G: 2.0407 | D_A: 0.0315 | D_B: 0.1996 | Cycle: 0.8382 | grad_G: 16.49
Epoch 80/80 | Step 559100 | G: 1.9924 | D_A: 0.0296 | D_B: 0.1031 | Cycle: 0.6771 | grad_G: 237.41
Epoch 80/80 | Step 559150 | G: 1.8968 | D_A: 0.0559 | D_B: 0.2601 | Cycle: 0.8080 | grad_G: 30.03
Epoch 80/80 | Step 559200 | G: 1.6155 | D_A: 0.0365 | D_B: 0.1387 | Cycle: 0.6027 | grad_G: 33.97
Epoch 80/80 | Step 559250 | G: 2.2158 | D_A: 0.0345 | D_B: 0.1365 | Cycle: 0.8044 | grad_G: 17.66
Epoch 80/80 | Step 559300 | G: 1.5198 | D_A: 0.0558 | D_B: 0.2617 | Cycle: 0.5561 | grad_G: 37.27
Epoch 80/80 | Step 559350 | G: 2.4127 | D_A: 0.0351 | D_B: 0.3053 | Cycle: 0.7760 | grad_G: 32.87
Epoch 80/80 | Step 559400 | G: 1.9670 | D_A: 0.0523 | D_B: 0.0865 | Cycle: 1.0001 | grad_G: 41.71
Epoch 80/80 | Step 559450 | G: 2.0412 | D_A: 0.0624 | D_B: 0.1678 | Cycle: 0.9113 | grad_G: 22.98
Epoch 80/80 | Step 559500 | G: 2.0817 | D_A: 0.0485 | D_B: 0.3154 | Cycle: 0.8848 | grad_G: 75.76
Epoch 80/80 | Step 559550 | G: 1.7498 | D_A: 0.0285 | D_B: 0.1791 | Cycle: 0.6175 | grad_G: 25.37
Epoch 80/80 | Step 559600 | G: 1.9961 | D_A: 0.0479 | D_B: 0.1954 | Cycle: 0.7027 | grad_G: 31.23
Epoch 80/80 | Step 559650 | G: 1.9727 | D_A: 0.0388 | D_B: 0.2611 | Cycle: 0.7251 | grad_G: 90.81
Epoch 80/80 | Step 559700 | G: 1.7639 | D_A: 0.0349 | D_B: 0.2929 | Cycle: 0.6905 | grad_G: 25.28
Epoch 80/80 | Step 559750 | G: 2.0928 | D_A: 0.0350 | D_B: 0.1934 | Cycle: 0.6723 | grad_G: 30.62
Epoch 80/80 | Step 559800 | G: 2.2011 | D_A: 0.0272 | D_B: 0.2192 | Cycle: 0.7964 | grad_G: 261.26
Epoch 80/80 | Step 559850 | G: 2.0397 | D_A: 0.0332 | D_B: 0.1385 | Cycle: 0.8094 | grad_G: 25.36
Epoch 80/80 | Step 559900 | G: 1.8102 | D_A: 0.0389 | D_B: 0.2827 | Cycle: 0.6199 | grad_G: 47.26
Epoch 80/80 | Step 559950 | G: 2.1720 | D_A: 0.0410 | D_B: 0.1261 | Cycle: 0.7167 | grad_G: 80.84
Epoch 80/80 | Step 560000 | G: 2.0484 | D_A: 0.0350 | D_B: 0.1654 | Cycle: 0.8325 | grad_G: 29.00
Epoch 80/80 | Step 560050 | G: 2.1464 | D_A: 0.0344 | D_B: 0.1351 | Cycle: 0.7911 | grad_G: 52.89
Epoch 80/80 | Step 560100 | G: 2.0928 | D_A: 0.0677 | D_B: 0.1594 | Cycle: 0.9142 | grad_G: 40.70
Epoch 80/80 | Step 560150 | G: 1.9654 | D_A: 0.0460 | D_B: 0.2037 | Cycle: 0.9227 | grad_G: 18.83
Epoch 80/80 | Step 560200 | G: 2.1233 | D_A: 0.0814 | D_B: 0.1812 | Cycle: 0.6352 | grad_G: 119.37
Epoch 80/80 | Step 560250 | G: 1.9988 | D_A: 0.0262 | D_B: 0.0858 | Cycle: 0.8067 | grad_G: 14.75
Epoch 80/80 | Step 560300 | G: 2.3399 | D_A: 0.0248 | D_B: 0.1053 | Cycle: 0.6505 | grad_G: 48.74
Epoch 80/80 | Step 560350 | G: 1.9427 | D_A: 0.0576 | D_B: 0.2282 | Cycle: 0.7970 | grad_G: 69.57
Epoch 80/80 | Step 560400 | G: 2.3833 | D_A: 0.0302 | D_B: 0.1517 | Cycle: 0.9006 | grad_G: 36.92
Epoch 80/80 | Step 560450 | G: 1.9965 | D_A: 0.0571 | D_B: 0.0926 | Cycle: 0.7036 | grad_G: 501.47
Epoch 80/80 | Step 560500 | G: 2.2749 | D_A: 0.0518 | D_B: 0.2264 | Cycle: 0.8611 | grad_G: 39.99
Epoch 80/80 | Step 560550 | G: 1.9138 | D_A: 0.0279 | D_B: 0.2585 | Cycle: 0.6408 | grad_G: 20.83
Epoch 80/80 | Step 560600 | G: 1.7312 | D_A: 0.0622 | D_B: 0.2335 | Cycle: 0.6808 | grad_G: 20.24
Epoch 80/80 | Step 560650 | G: 2.5548 | D_A: 0.0284 | D_B: 0.1048 | Cycle: 1.0233 | grad_G: 82.29
Epoch 80/80 | Step 560700 | G: 1.5411 | D_A: 0.1044 | D_B: 0.1465 | Cycle: 0.7202 | grad_G: 19.37
Epoch 80/80 | Step 560750 | G: 2.4729 | D_A: 0.0294 | D_B: 0.1872 | Cycle: 0.8047 | grad_G: 64.30
Epoch 80/80 | Step 560800 | G: 1.7242 | D_A: 0.0357 | D_B: 0.2099 | Cycle: 0.7438 | grad_G: 35.69
Epoch 80/80 | Step 560850 | G: 2.5206 | D_A: 0.0483 | D_B: 0.2027 | Cycle: 0.8578 | grad_G: 249.94
Epoch 80/80 | Step 560900 | G: 2.1758 | D_A: 0.0348 | D_B: 0.2017 | Cycle: 0.7825 | grad_G: 32.91
Epoch 80/80 | Step 560950 | G: 2.4413 | D_A: 0.0315 | D_B: 0.1433 | Cycle: 0.9656 | grad_G: 135.06
Epoch 80/80 | Step 561000 | G: 1.9305 | D_A: 0.0296 | D_B: 0.2612 | Cycle: 0.5401 | grad_G: 306.30
Epoch 80/80 | Step 561050 | G: 2.1488 | D_A: 0.0217 | D_B: 0.1512 | Cycle: 0.8868 | grad_G: 27.66
Epoch 80/80 | Step 561100 | G: 2.3539 | D_A: 0.0408 | D_B: 0.0898 | Cycle: 0.8427 | grad_G: 37.40
Epoch 80/80 | Step 561150 | G: 2.1694 | D_A: 0.0540 | D_B: 0.1190 | Cycle: 0.8053 | grad_G: 24.74
Epoch 80/80 | Step 561200 | G: 2.0641 | D_A: 0.0345 | D_B: 0.1981 | Cycle: 0.7937 | grad_G: 17.42
Epoch 80/80 | Step 561250 | G: 1.9293 | D_A: 0.0370 | D_B: 0.2719 | Cycle: 0.7192 | grad_G: 24.44
Epoch 80/80 | Step 561300 | G: 1.9178 | D_A: 0.0288 | D_B: 0.1586 | Cycle: 0.7765 | grad_G: 22.44
Epoch 80/80 | Step 561350 | G: 1.9798 | D_A: 0.0308 | D_B: 0.1551 | Cycle: 0.7875 | grad_G: 35.77
Epoch 80/80 | Step 561400 | G: 2.2481 | D_A: 0.0574 | D_B: 0.0921 | Cycle: 0.8508 | grad_G: 59.64
Epoch 80/80 | Step 561450 | G: 2.0359 | D_A: 0.0310 | D_B: 0.1888 | Cycle: 0.7734 | grad_G: 21.44
Epoch 80/80 | Step 561500 | G: 1.6340 | D_A: 0.0605 | D_B: 0.2760 | Cycle: 0.5343 | grad_G: 63.56
Epoch 80/80 | Step 561550 | G: 1.8454 | D_A: 0.0372 | D_B: 0.2531 | Cycle: 0.7021 | grad_G: 22.35
Epoch 80/80 | Step 561600 | G: 2.3098 | D_A: 0.0290 | D_B: 0.2572 | Cycle: 0.9304 | grad_G: 38.51
Epoch 80/80 | Step 561650 | G: 2.0279 | D_A: 0.0627 | D_B: 0.2606 | Cycle: 0.8248 | grad_G: 20.73
Epoch 80/80 | Step 561700 | G: 2.0437 | D_A: 0.0393 | D_B: 0.0557 | Cycle: 0.6625 | grad_G: 30.54
Epoch 80/80 | Step 561750 | G: 1.8076 | D_A: 0.0724 | D_B: 0.1102 | Cycle: 0.7266 | grad_G: 27.96
Epoch 80/80 | Step 561800 | G: 2.4823 | D_A: 0.0437 | D_B: 0.1574 | Cycle: 1.2019 | grad_G: 49.64
Epoch 80/80 | Step 561850 | G: 2.1816 | D_A: 0.0468 | D_B: 0.1743 | Cycle: 0.7279 | grad_G: 30.36
Epoch 80/80 | Step 561900 | G: 2.3465 | D_A: 0.0551 | D_B: 0.1907 | Cycle: 0.7686 | grad_G: 32.17
Epoch 80/80 | Step 561950 | G: 2.4981 | D_A: 0.0413 | D_B: 0.0828 | Cycle: 0.9743 | grad_G: 51.47
Epoch 80/80 | Step 562000 | G: 2.0718 | D_A: 0.0371 | D_B: 0.2163 | Cycle: 0.6925 | grad_G: 43.52
Epoch 80/80 | Step 562050 | G: 2.1221 | D_A: 0.0200 | D_B: 0.1249 | Cycle: 0.6641 | grad_G: 33.37
Epoch 80/80 | Step 562100 | G: 2.1903 | D_A: 0.0343 | D_B: 0.2372 | Cycle: 0.7672 | grad_G: 29.75
Epoch 80/80 | Step 562150 | G: 2.1196 | D_A: 0.0398 | D_B: 0.2036 | Cycle: 0.8396 | grad_G: 30.74
Epoch 80/80 | Step 562200 | G: 2.3535 | D_A: 0.0543 | D_B: 0.1479 | Cycle: 0.8540 | grad_G: 117.43
Epoch 80/80 | Step 562250 | G: 1.8476 | D_A: 0.0406 | D_B: 0.2120 | Cycle: 0.8238 | grad_G: 21.02
Epoch 80/80 | Step 562300 | G: 2.1616 | D_A: 0.0279 | D_B: 0.1765 | Cycle: 0.9863 | grad_G: 19.83
Epoch 80/80 | Step 562350 | G: 1.8325 | D_A: 0.0341 | D_B: 0.3290 | Cycle: 0.7478 | grad_G: 25.83
Epoch 80/80 | Step 562400 | G: 2.0480 | D_A: 0.0320 | D_B: 0.2591 | Cycle: 0.7453 | grad_G: 37.75
Epoch 80/80 | Step 562450 | G: 1.9941 | D_A: 0.0394 | D_B: 0.2244 | Cycle: 0.5874 | grad_G: 21.46
Epoch 80/80 | Step 562500 | G: 2.0313 | D_A: 0.0602 | D_B: 0.2366 | Cycle: 0.5583 | grad_G: 88.27
Epoch 80/80 | Step 562550 | G: 1.6130 | D_A: 0.1514 | D_B: 0.2291 | Cycle: 0.5406 | grad_G: 41.29
Epoch 80/80 | Step 562600 | G: 2.3679 | D_A: 0.0439 | D_B: 0.1027 | Cycle: 0.7355 | grad_G: 23.69
Epoch 80/80 | Step 562650 | G: 1.9107 | D_A: 0.0376 | D_B: 0.1814 | Cycle: 0.7079 | grad_G: 25.86
Epoch 80/80 | Step 562700 | G: 1.9657 | D_A: 0.0557 | D_B: 0.2004 | Cycle: 0.6427 | grad_G: 27.18
Epoch 80/80 | Step 562750 | G: 2.0779 | D_A: 0.0247 | D_B: 0.1215 | Cycle: 0.8336 | grad_G: 41.80
Epoch 80/80 | Step 562800 | G: 1.9449 | D_A: 0.0391 | D_B: 0.2498 | Cycle: 0.6512 | grad_G: 37.28
Epoch 80/80 | Step 562850 | G: 2.2562 | D_A: 0.0479 | D_B: 0.0950 | Cycle: 0.9283 | grad_G: 31.67
Epoch 80/80 | Step 562900 | G: 2.2522 | D_A: 0.0257 | D_B: 0.2402 | Cycle: 0.7918 | grad_G: 26.51
Epoch 80/80 | Step 562950 | G: 1.7278 | D_A: 0.0776 | D_B: 0.1841 | Cycle: 0.6202 | grad_G: 31.35
Epoch 80/80 | Step 563000 | G: 2.1349 | D_A: 0.0468 | D_B: 0.1551 | Cycle: 0.7362 | grad_G: 63.03
Epoch 80/80 complete | Time: 423s | Avg G: 2.1913 | Avg D: 0.0916 | grad_G: 42.88
MONITOR epoch=80 | fid_photo2monet=108.8322 | fid_monet2photo=104.4277 | fid_mean=106.6300 | mifid_mean=0.4188 | nn_cos_dist_mean=0.2554 | nn_cos_dist_min=0.1415 | score_est=-53.5244 | fid_photo2monet_raw=110.1053 | fid_monet2photo_raw=104.2390 | score_est_raw=-53.7955
Saved checkpoint: t3_shreya_unet_256_v3_epoch080.pt
============================================================
Training complete! Train time: 9.48 hours | peak GPU memory (this session): 3.119806976 GB | non-finite steps: 0
